note: Running TeX ...
warning: automata_unified_revised_v8.tex:698: Overfull \hbox (3.4578pt too wide) in paragraph at lines 693--698
warning: automata_unified_revised_v8.tex:5077: Overfull \hbox (6.80577pt too wide) detected at line 5077
warning: automata_unified_revised_v8.tex:6463: Overfull \hbox (12.40726pt too wide) detected at line 6463
warning: automata_unified_revised_v8.tex:6949: Overfull \hbox (0.46236pt too wide) in paragraph at lines 6945--6949
warning: automata_unified_revised_v8.tex:6972: Overfull \hbox (12.1486pt too wide) detected at line 6972
warning: automata_unified_revised_v8.tex:7170: Underfull \hbox (badness 1132) in paragraph at lines 7165--7170
warning: automata_unified_revised_v8.tex:7238: Underfull \hbox (badness 2478) in paragraph at lines 7237--7238
warning: automata_unified_revised_v8.tex:8399: Overfull \hbox (5.52983pt too wide) in paragraph at lines 8394--8399
warning: automata_unified_revised_v8.tex:8490: Underfull \hbox (badness 1112) in paragraph at lines 8487--8490
warning: automata_unified_revised_v8.tex:9614: Underfull \hbox (badness 3148) in paragraph at lines 9611--9614
warning: automata_unified_revised_v8.tex:11526: Overfull \hbox (0.90854pt too wide) in paragraph at lines 11518--11526
warning: automata_unified_revised_v8.tex:17028: Overfull \hbox (4.57132pt too wide) in paragraph at lines 17028--17028
warning: automata_unified_revised_v8.tex:17032: Underfull \hbox (badness 10000) in paragraph at lines 17030--17032
warning: automata_unified_revised_v8.tex:17032: Underfull \hbox (badness 10000) in paragraph at lines 17030--17032
warning: automata_unified_revised_v8.tex:17032: Overfull \hbox (3.00194pt too wide) in paragraph at lines 17032--17032
warning: automata_unified_revised_v8.tex:17032: Underfull \hbox (badness 7451) in paragraph at lines 17032--17032
warning: automata_unified_revised_v8.tex:17033: Underfull \hbox (badness 10000) in paragraph at lines 17032--17033
warning: automata_unified_revised_v8.tex:17036: Underfull \hbox (badness 10000) in paragraph at lines 17034--17036
warning: automata_unified_revised_v8.tex:17036: Underfull \hbox (badness 1803) in paragraph at lines 17034--17036
warning: automata_unified_revised_v8.tex:17036: Underfull \hbox (badness 10000) in paragraph at lines 17036--17036
warning: automata_unified_revised_v8.tex:17036: Underfull \hbox (badness 7451) in paragraph at lines 17036--17036
warning: automata_unified_revised_v8.tex:17037: Underfull \hbox (badness 10000) in paragraph at lines 17036--17037
warning: automata_unified_revised_v8.tex:17040: Underfull \hbox (badness 10000) in paragraph at lines 17038--17040
warning: automata_unified_revised_v8.tex:17040: Underfull \hbox (badness 10000) in paragraph at lines 17040--17040
warning: automata_unified_revised_v8.tex:17040: Underfull \hbox (badness 7451) in paragraph at lines 17040--17040
warning: automata_unified_revised_v8.tex:17041: Underfull \hbox (badness 10000) in paragraph at lines 17040--17041
warning: automata_unified_revised_v8.tex:17041: Underfull \hbox (badness 10000) in paragraph at lines 17040--17041
warning: automata_unified_revised_v8.tex:17041: Underfull \hbox (badness 10000) in paragraph at lines 17040--17041
warning: automata_unified_revised_v8.tex:17044: Underfull \hbox (badness 5050) in paragraph at lines 17042--17044
warning: automata_unified_revised_v8.tex:17045: Underfull \hbox (badness 10000) in paragraph at lines 17044--17045
warning: automata_unified_revised_v8.tex:17045: Underfull \hbox (badness 10000) in paragraph at lines 17045--17045
warning: automata_unified_revised_v8.tex:17049: Underfull \hbox (badness 10000) in paragraph at lines 17048--17049
warning: automata_unified_revised_v8.tex:17049: Underfull \hbox (badness 7397) in paragraph at lines 17049--17049
warning: automata_unified_revised_v8.tex:17052: Underfull \hbox (badness 1242) in paragraph at lines 17050--17052
warning: automata_unified_revised_v8.tex:17053: Underfull \hbox (badness 10000) in paragraph at lines 17052--17053
warning: automata_unified_revised_v8.tex:17053: Underfull \hbox (badness 10000) in paragraph at lines 17052--17053
warning: automata_unified_revised_v8.tex:17054: Underfull \hbox (badness 10000) in paragraph at lines 17053--17054
warning: automata_unified_revised_v8.tex:17054: Underfull \hbox (badness 10000) in paragraph at lines 17053--17054
warning: automata_unified_revised_v8.tex:17057: Underfull \hbox (badness 4328) in paragraph at lines 17055--17057
warning: automata_unified_revised_v8.tex:17058: Underfull \hbox (badness 10000) in paragraph at lines 17057--17058
warning: automata_unified_revised_v8.tex:17058: Underfull \hbox (badness 10000) in paragraph at lines 17057--17058
warning: automata_unified_revised_v8.tex:17059: Underfull \hbox (badness 10000) in paragraph at lines 17058--17059
warning: automata_unified_revised_v8.tex:17059: Underfull \hbox (badness 10000) in paragraph at lines 17058--17059
warning: automata_unified_revised_v8.tex:17059: Underfull \hbox (badness 2326) in paragraph at lines 17059--17059
warning: automata_unified_revised_v8.tex:17062: Underfull \hbox (badness 4291) in paragraph at lines 17060--17062
warning: automata_unified_revised_v8.tex:17063: Underfull \hbox (badness 10000) in paragraph at lines 17062--17063
warning: automata_unified_revised_v8.tex:17066: Underfull \hbox (badness 10000) in paragraph at lines 17066--17066
warning: automata_unified_revised_v8.tex:17067: Underfull \hbox (badness 10000) in paragraph at lines 17066--17067
warning: automata_unified_revised_v8.tex:17067: Underfull \hbox (badness 10000) in paragraph at lines 17067--17067
warning: automata_unified_revised_v8.tex:17070: Underfull \hbox (badness 10000) in paragraph at lines 17068--17070
warning: automata_unified_revised_v8.tex:17070: Underfull \hbox (badness 10000) in paragraph at lines 17070--17070
warning: automata_unified_revised_v8.tex:17070: Underfull \hbox (badness 10000) in paragraph at lines 17070--17070
warning: automata_unified_revised_v8.tex:17071: Underfull \hbox (badness 10000) in paragraph at lines 17070--17071
warning: automata_unified_revised_v8.tex:17071: Underfull \hbox (badness 10000) in paragraph at lines 17071--17071
warning: automata_unified_revised_v8.tex:17071: Underfull \hbox (badness 8151) in paragraph at lines 17071--17071
warning: automata_unified_revised_v8.tex:17071: Underfull \hbox (badness 10000) in paragraph at lines 17071--17071
warning: automata_unified_revised_v8.tex:17074: Underfull \hbox (badness 10000) in paragraph at lines 17072--17074
warning: automata_unified_revised_v8.tex:17075: Underfull \hbox (badness 10000) in paragraph at lines 17074--17075
warning: automata_unified_revised_v8.tex:17079: Underfull \hbox (badness 10000) in paragraph at lines 17078--17079
warning: automata_unified_revised_v8.tex:17080: Underfull \hbox (badness 10000) in paragraph at lines 17079--17080
warning: automata_unified_revised_v8.tex:17100: Underfull \hbox (badness 2368) in paragraph at lines 17098--17100
warning: automata_unified_revised_v8.tex:17104: Underfull \hbox (badness 10000) in paragraph at lines 17102--17104
warning: automata_unified_revised_v8.tex:17106: Underfull \hbox (badness 10000) in paragraph at lines 17105--17106
warning: automata_unified_revised_v8.tex:17106: Underfull \hbox (badness 10000) in paragraph at lines 17105--17106
warning: automata_unified_revised_v8.tex:17106: Underfull \hbox (badness 10000) in paragraph at lines 17105--17106
warning: automata_unified_revised_v8.tex:17109: Underfull \hbox (badness 10000) in paragraph at lines 17107--17109
warning: automata_unified_revised_v8.tex:17110: Underfull \hbox (badness 10000) in paragraph at lines 17110--17110
warning: automata_unified_revised_v8.tex:17113: Underfull \hbox (badness 3354) in paragraph at lines 17111--17113
warning: automata_unified_revised_v8.tex:17117: Underfull \hbox (badness 10000) in paragraph at lines 17115--17117
warning: automata_unified_revised_v8.tex:17121: Underfull \hbox (badness 10000) in paragraph at lines 17121--17121
warning: automata_unified_revised_v8.tex:17125: Underfull \hbox (badness 10000) in paragraph at lines 17123--17125
warning: automata_unified_revised_v8.tex:17125: Underfull \hbox (badness 10000) in paragraph at lines 17125--17125
warning: automata_unified_revised_v8.tex:17127: Underfull \hbox (badness 10000) in paragraph at lines 17126--17127
warning: automata_unified_revised_v8.tex:17127: Underfull \hbox (badness 10000) in paragraph at lines 17126--17127
warning: automata_unified_revised_v8.tex:17127: Underfull \hbox (badness 1270) in paragraph at lines 17126--17127
warning: automata_unified_revised_v8.tex:17127: Underfull \hbox (badness 2293) in paragraph at lines 17126--17127
warning: automata_unified_revised_v8.tex:17127: Underfull \hbox (badness 10000) in paragraph at lines 17126--17127
warning: automata_unified_revised_v8.tex:17129: Underfull \hbox (badness 10000) in paragraph at lines 17129--17129
warning: automata_unified_revised_v8.tex:17299: Overfull \hbox (0.89822pt too wide) in paragraph at lines 17295--17299
warning: automata_unified_revised_v8.tex:18128: Underfull \hbox (badness 10000) in paragraph at lines 18128--18128
warning: automata_unified_revised_v8.tex:18138: Underfull \hbox (badness 10000) in paragraph at lines 18138--18138
warning: automata_unified_revised_v8.tex:18142: Underfull \hbox (badness 10000) in paragraph at lines 18142--18142
warning: automata_unified_revised_v8.tex:18159: Underfull \hbox (badness 10000) in paragraph at lines 18159--18159
warning: automata_unified_revised_v8.tex:18159: Underfull \hbox (badness 10000) in paragraph at lines 18159--18159
warning: automata_unified_revised_v8.tex:18198: Underfull \hbox (badness 10000) in paragraph at lines 18198--18198
warning: automata_unified_revised_v8.tex:18202: Underfull \hbox (badness 2418) in paragraph at lines 18201--18202
warning: automata_unified_revised_v8.tex:18216: Underfull \hbox (badness 1442) in paragraph at lines 18216--18216
warning: automata_unified_revised_v8.tex:18223: Underfull \hbox (badness 10000) in paragraph at lines 18223--18223
warning: automata_unified_revised_v8.tex:18228: Underfull \hbox (badness 2495) in paragraph at lines 18227--18228
note: Rerunning TeX because "automata_unified_revised_v8.out" changed ...
warning: automata_unified_revised_v8.tex:698: Overfull \hbox (3.4578pt too wide) in paragraph at lines 693--698
warning: automata_unified_revised_v8.tex:3083: Underfull \hbox (badness 1859) in paragraph at lines 3078--3083
warning: automata_unified_revised_v8.tex:5077: Overfull \hbox (6.80577pt too wide) detected at line 5077
warning: automata_unified_revised_v8.tex:6463: Overfull \hbox (12.40726pt too wide) detected at line 6463
warning: automata_unified_revised_v8.tex:6949: Overfull \hbox (0.46236pt too wide) in paragraph at lines 6945--6949
warning: automata_unified_revised_v8.tex:6972: Overfull \hbox (12.1486pt too wide) detected at line 6972
warning: automata_unified_revised_v8.tex:7170: Underfull \hbox (badness 1132) in paragraph at lines 7165--7170
warning: automata_unified_revised_v8.tex:7238: Underfull \hbox (badness 2478) in paragraph at lines 7237--7238
warning: automata_unified_revised_v8.tex:8399: Overfull \hbox (5.52983pt too wide) in paragraph at lines 8394--8399
warning: automata_unified_revised_v8.tex:8490: Underfull \hbox (badness 1112) in paragraph at lines 8487--8490
warning: automata_unified_revised_v8.tex:9614: Underfull \hbox (badness 3148) in paragraph at lines 9611--9614
warning: automata_unified_revised_v8.tex:11526: Overfull \hbox (0.90854pt too wide) in paragraph at lines 11518--11526
warning: automata_unified_revised_v8.tex:17028: Overfull \hbox (4.57132pt too wide) in paragraph at lines 17028--17028
warning: automata_unified_revised_v8.tex:17032: Underfull \hbox (badness 10000) in paragraph at lines 17030--17032
warning: automata_unified_revised_v8.tex:17032: Underfull \hbox (badness 10000) in paragraph at lines 17030--17032
warning: automata_unified_revised_v8.tex:17032: Overfull \hbox (3.00194pt too wide) in paragraph at lines 17032--17032
warning: automata_unified_revised_v8.tex:17032: Underfull \hbox (badness 7451) in paragraph at lines 17032--17032
warning: automata_unified_revised_v8.tex:17033: Underfull \hbox (badness 10000) in paragraph at lines 17032--17033
warning: automata_unified_revised_v8.tex:17036: Underfull \hbox (badness 10000) in paragraph at lines 17034--17036
warning: automata_unified_revised_v8.tex:17036: Underfull \hbox (badness 1803) in paragraph at lines 17034--17036
warning: automata_unified_revised_v8.tex:17036: Underfull \hbox (badness 10000) in paragraph at lines 17036--17036
warning: automata_unified_revised_v8.tex:17036: Underfull \hbox (badness 7451) in paragraph at lines 17036--17036
warning: automata_unified_revised_v8.tex:17037: Underfull \hbox (badness 10000) in paragraph at lines 17036--17037
warning: automata_unified_revised_v8.tex:17040: Underfull \hbox (badness 10000) in paragraph at lines 17038--17040
warning: automata_unified_revised_v8.tex:17040: Underfull \hbox (badness 10000) in paragraph at lines 17040--17040
warning: automata_unified_revised_v8.tex:17040: Underfull \hbox (badness 7451) in paragraph at lines 17040--17040
warning: automata_unified_revised_v8.tex:17041: Underfull \hbox (badness 10000) in paragraph at lines 17040--17041
warning: automata_unified_revised_v8.tex:17041: Underfull \hbox (badness 10000) in paragraph at lines 17040--17041
warning: automata_unified_revised_v8.tex:17041: Underfull \hbox (badness 10000) in paragraph at lines 17040--17041
warning: automata_unified_revised_v8.tex:17044: Underfull \hbox (badness 5050) in paragraph at lines 17042--17044
warning: automata_unified_revised_v8.tex:17045: Underfull \hbox (badness 10000) in paragraph at lines 17044--17045
warning: automata_unified_revised_v8.tex:17045: Underfull \hbox (badness 10000) in paragraph at lines 17045--17045
warning: automata_unified_revised_v8.tex:17049: Underfull \hbox (badness 10000) in paragraph at lines 17048--17049
warning: automata_unified_revised_v8.tex:17049: Underfull \hbox (badness 7397) in paragraph at lines 17049--17049
warning: automata_unified_revised_v8.tex:17052: Underfull \hbox (badness 1242) in paragraph at lines 17050--17052
warning: automata_unified_revised_v8.tex:17053: Underfull \hbox (badness 10000) in paragraph at lines 17052--17053
warning: automata_unified_revised_v8.tex:17053: Underfull \hbox (badness 10000) in paragraph at lines 17052--17053
warning: automata_unified_revised_v8.tex:17054: Underfull \hbox (badness 10000) in paragraph at lines 17053--17054
warning: automata_unified_revised_v8.tex:17054: Underfull \hbox (badness 10000) in paragraph at lines 17053--17054
warning: automata_unified_revised_v8.tex:17057: Underfull \hbox (badness 10000) in paragraph at lines 17055--17057
warning: automata_unified_revised_v8.tex:17057: Underfull \hbox (badness 10000) in paragraph at lines 17055--17057
warning: automata_unified_revised_v8.tex:17058: Underfull \hbox (badness 10000) in paragraph at lines 17057--17058
warning: automata_unified_revised_v8.tex:17058: Underfull \hbox (badness 10000) in paragraph at lines 17057--17058
warning: automata_unified_revised_v8.tex:17059: Underfull \hbox (badness 10000) in paragraph at lines 17058--17059
warning: automata_unified_revised_v8.tex:17059: Underfull \hbox (badness 10000) in paragraph at lines 17058--17059
warning: automata_unified_revised_v8.tex:17059: Underfull \hbox (badness 2326) in paragraph at lines 17059--17059
warning: automata_unified_revised_v8.tex:17062: Underfull \hbox (badness 4291) in paragraph at lines 17060--17062
warning: automata_unified_revised_v8.tex:17063: Underfull \hbox (badness 10000) in paragraph at lines 17062--17063
warning: automata_unified_revised_v8.tex:17066: Underfull \hbox (badness 10000) in paragraph at lines 17066--17066
warning: automata_unified_revised_v8.tex:17067: Underfull \hbox (badness 10000) in paragraph at lines 17066--17067
warning: automata_unified_revised_v8.tex:17067: Underfull \hbox (badness 10000) in paragraph at lines 17067--17067
warning: automata_unified_revised_v8.tex:17070: Underfull \hbox (badness 10000) in paragraph at lines 17068--17070
warning: automata_unified_revised_v8.tex:17070: Underfull \hbox (badness 10000) in paragraph at lines 17070--17070
warning: automata_unified_revised_v8.tex:17070: Underfull \hbox (badness 10000) in paragraph at lines 17070--17070
warning: automata_unified_revised_v8.tex:17071: Underfull \hbox (badness 10000) in paragraph at lines 17070--17071
warning: automata_unified_revised_v8.tex:17071: Underfull \hbox (badness 10000) in paragraph at lines 17071--17071
warning: automata_unified_revised_v8.tex:17071: Underfull \hbox (badness 8151) in paragraph at lines 17071--17071
warning: automata_unified_revised_v8.tex:17071: Underfull \hbox (badness 10000) in paragraph at lines 17071--17071
warning: automata_unified_revised_v8.tex:17074: Underfull \hbox (badness 10000) in paragraph at lines 17072--17074
warning: automata_unified_revised_v8.tex:17075: Underfull \hbox (badness 10000) in paragraph at lines 17074--17075
warning: automata_unified_revised_v8.tex:17079: Underfull \hbox (badness 10000) in paragraph at lines 17078--17079
warning: automata_unified_revised_v8.tex:17080: Underfull \hbox (badness 10000) in paragraph at lines 17079--17080
warning: automata_unified_revised_v8.tex:17100: Underfull \hbox (badness 2368) in paragraph at lines 17098--17100
warning: automata_unified_revised_v8.tex:17104: Underfull \hbox (badness 10000) in paragraph at lines 17102--17104
warning: automata_unified_revised_v8.tex:17106: Underfull \hbox (badness 10000) in paragraph at lines 17105--17106
warning: automata_unified_revised_v8.tex:17106: Underfull \hbox (badness 10000) in paragraph at lines 17105--17106
warning: automata_unified_revised_v8.tex:17106: Underfull \hbox (badness 10000) in paragraph at lines 17105--17106
warning: automata_unified_revised_v8.tex:17109: Underfull \hbox (badness 10000) in paragraph at lines 17107--17109
warning: automata_unified_revised_v8.tex:17110: Underfull \hbox (badness 10000) in paragraph at lines 17110--17110
warning: automata_unified_revised_v8.tex:17113: Underfull \hbox (badness 3354) in paragraph at lines 17111--17113
warning: automata_unified_revised_v8.tex:17117: Underfull \hbox (badness 10000) in paragraph at lines 17115--17117
warning: automata_unified_revised_v8.tex:17121: Underfull \hbox (badness 10000) in paragraph at lines 17121--17121
warning: automata_unified_revised_v8.tex:17125: Underfull \hbox (badness 10000) in paragraph at lines 17123--17125
warning: automata_unified_revised_v8.tex:17125: Underfull \hbox (badness 10000) in paragraph at lines 17123--17125
warning: automata_unified_revised_v8.tex:17125: Underfull \hbox (badness 10000) in paragraph at lines 17125--17125
warning: automata_unified_revised_v8.tex:17127: Underfull \hbox (badness 10000) in paragraph at lines 17126--17127
warning: automata_unified_revised_v8.tex:17127: Underfull \hbox (badness 10000) in paragraph at lines 17126--17127
warning: automata_unified_revised_v8.tex:17127: Underfull \hbox (badness 1270) in paragraph at lines 17126--17127
warning: automata_unified_revised_v8.tex:17127: Underfull \hbox (badness 2293) in paragraph at lines 17126--17127
warning: automata_unified_revised_v8.tex:17127: Underfull \hbox (badness 10000) in paragraph at lines 17126--17127
warning: automata_unified_revised_v8.tex:17129: Underfull \hbox (badness 10000) in paragraph at lines 17129--17129
warning: automata_unified_revised_v8.tex:17299: Underfull \hbox (badness 1270) in paragraph at lines 17295--17299
warning: automata_unified_revised_v8.tex:18128: Underfull \hbox (badness 10000) in paragraph at lines 18128--18128
warning: automata_unified_revised_v8.tex:18138: Underfull \hbox (badness 10000) in paragraph at lines 18138--18138
warning: automata_unified_revised_v8.tex:18142: Underfull \hbox (badness 10000) in paragraph at lines 18142--18142
warning: automata_unified_revised_v8.tex:18159: Underfull \hbox (badness 10000) in paragraph at lines 18159--18159
warning: automata_unified_revised_v8.tex:18159: Underfull \hbox (badness 10000) in paragraph at lines 18159--18159
warning: automata_unified_revised_v8.tex:18198: Underfull \hbox (badness 10000) in paragraph at lines 18198--18198
warning: automata_unified_revised_v8.tex:18202: Underfull \hbox (badness 2418) in paragraph at lines 18201--18202
warning: automata_unified_revised_v8.tex:18216: Underfull \hbox (badness 1442) in paragraph at lines 18216--18216
warning: automata_unified_revised_v8.tex:18223: Underfull \hbox (badness 10000) in paragraph at lines 18223--18223
warning: automata_unified_revised_v8.tex:18228: Underfull \hbox (badness 2495) in paragraph at lines 18227--18228
note: Rerunning TeX because "automata_unified_revised_v8.toc" changed ...
warning: automata_unified_revised_v8.tex:698: Overfull \hbox (3.4578pt too wide) in paragraph at lines 693--698
warning: automata_unified_revised_v8.tex:3083: Underfull \hbox (badness 1859) in paragraph at lines 3078--3083
warning: automata_unified_revised_v8.tex:5077: Overfull \hbox (6.80577pt too wide) detected at line 5077
warning: automata_unified_revised_v8.tex:6463: Overfull \hbox (12.40726pt too wide) detected at line 6463
warning: automata_unified_revised_v8.tex:6949: Overfull \hbox (0.46236pt too wide) in paragraph at lines 6945--6949
warning: automata_unified_revised_v8.tex:6972: Overfull \hbox (12.1486pt too wide) detected at line 6972
warning: automata_unified_revised_v8.tex:7170: Underfull \hbox (badness 1132) in paragraph at lines 7165--7170
warning: automata_unified_revised_v8.tex:7238: Underfull \hbox (badness 2478) in paragraph at lines 7237--7238
warning: automata_unified_revised_v8.tex:8399: Overfull \hbox (5.52983pt too wide) in paragraph at lines 8394--8399
warning: automata_unified_revised_v8.tex:8490: Underfull \hbox (badness 1112) in paragraph at lines 8487--8490
warning: automata_unified_revised_v8.tex:9614: Underfull \hbox (badness 3148) in paragraph at lines 9611--9614
warning: automata_unified_revised_v8.tex:11526: Overfull \hbox (0.90854pt too wide) in paragraph at lines 11518--11526
warning: automata_unified_revised_v8.tex:17028: Overfull \hbox (4.57132pt too wide) in paragraph at lines 17028--17028
warning: automata_unified_revised_v8.tex:17032: Underfull \hbox (badness 10000) in paragraph at lines 17030--17032
warning: automata_unified_revised_v8.tex:17032: Underfull \hbox (badness 10000) in paragraph at lines 17030--17032
warning: automata_unified_revised_v8.tex:17032: Overfull \hbox (3.00194pt too wide) in paragraph at lines 17032--17032
warning: automata_unified_revised_v8.tex:17032: Underfull \hbox (badness 7451) in paragraph at lines 17032--17032
warning: automata_unified_revised_v8.tex:17033: Underfull \hbox (badness 10000) in paragraph at lines 17032--17033
warning: automata_unified_revised_v8.tex:17036: Underfull \hbox (badness 10000) in paragraph at lines 17034--17036
warning: automata_unified_revised_v8.tex:17036: Underfull \hbox (badness 1803) in paragraph at lines 17034--17036
warning: automata_unified_revised_v8.tex:17036: Underfull \hbox (badness 10000) in paragraph at lines 17036--17036
warning: automata_unified_revised_v8.tex:17036: Underfull \hbox (badness 7451) in paragraph at lines 17036--17036
warning: automata_unified_revised_v8.tex:17037: Underfull \hbox (badness 10000) in paragraph at lines 17036--17037
warning: automata_unified_revised_v8.tex:17040: Underfull \hbox (badness 10000) in paragraph at lines 17038--17040
warning: automata_unified_revised_v8.tex:17040: Underfull \hbox (badness 10000) in paragraph at lines 17040--17040
warning: automata_unified_revised_v8.tex:17040: Underfull \hbox (badness 7451) in paragraph at lines 17040--17040
warning: automata_unified_revised_v8.tex:17041: Underfull \hbox (badness 10000) in paragraph at lines 17040--17041
warning: automata_unified_revised_v8.tex:17041: Underfull \hbox (badness 10000) in paragraph at lines 17040--17041
warning: automata_unified_revised_v8.tex:17041: Underfull \hbox (badness 10000) in paragraph at lines 17040--17041
warning: automata_unified_revised_v8.tex:17044: Underfull \hbox (badness 5050) in paragraph at lines 17042--17044
warning: automata_unified_revised_v8.tex:17045: Underfull \hbox (badness 10000) in paragraph at lines 17044--17045
warning: automata_unified_revised_v8.tex:17045: Underfull \hbox (badness 10000) in paragraph at lines 17045--17045
warning: automata_unified_revised_v8.tex:17049: Underfull \hbox (badness 10000) in paragraph at lines 17048--17049
warning: automata_unified_revised_v8.tex:17049: Underfull \hbox (badness 7397) in paragraph at lines 17049--17049
warning: automata_unified_revised_v8.tex:17052: Underfull \hbox (badness 1242) in paragraph at lines 17050--17052
warning: automata_unified_revised_v8.tex:17053: Underfull \hbox (badness 10000) in paragraph at lines 17052--17053
warning: automata_unified_revised_v8.tex:17053: Underfull \hbox (badness 10000) in paragraph at lines 17052--17053
warning: automata_unified_revised_v8.tex:17054: Underfull \hbox (badness 10000) in paragraph at lines 17053--17054
warning: automata_unified_revised_v8.tex:17054: Underfull \hbox (badness 10000) in paragraph at lines 17053--17054
warning: automata_unified_revised_v8.tex:17057: Underfull \hbox (badness 10000) in paragraph at lines 17055--17057
warning: automata_unified_revised_v8.tex:17057: Underfull \hbox (badness 10000) in paragraph at lines 17055--17057
warning: automata_unified_revised_v8.tex:17058: Underfull \hbox (badness 10000) in paragraph at lines 17057--17058
warning: automata_unified_revised_v8.tex:17058: Underfull \hbox (badness 10000) in paragraph at lines 17057--17058
warning: automata_unified_revised_v8.tex:17059: Underfull \hbox (badness 10000) in paragraph at lines 17058--17059
warning: automata_unified_revised_v8.tex:17059: Underfull \hbox (badness 10000) in paragraph at lines 17058--17059
warning: automata_unified_revised_v8.tex:17059: Underfull \hbox (badness 2326) in paragraph at lines 17059--17059
warning: automata_unified_revised_v8.tex:17062: Underfull \hbox (badness 4291) in paragraph at lines 17060--17062
warning: automata_unified_revised_v8.tex:17063: Underfull \hbox (badness 10000) in paragraph at lines 17062--17063
warning: automata_unified_revised_v8.tex:17066: Underfull \hbox (badness 10000) in paragraph at lines 17066--17066
warning: automata_unified_revised_v8.tex:17067: Underfull \hbox (badness 10000) in paragraph at lines 17066--17067
warning: automata_unified_revised_v8.tex:17067: Underfull \hbox (badness 10000) in paragraph at lines 17067--17067
warning: automata_unified_revised_v8.tex:17070: Underfull \hbox (badness 10000) in paragraph at lines 17068--17070
warning: automata_unified_revised_v8.tex:17070: Underfull \hbox (badness 10000) in paragraph at lines 17070--17070
warning: automata_unified_revised_v8.tex:17070: Underfull \hbox (badness 10000) in paragraph at lines 17070--17070
warning: automata_unified_revised_v8.tex:17071: Underfull \hbox (badness 10000) in paragraph at lines 17070--17071
warning: automata_unified_revised_v8.tex:17071: Underfull \hbox (badness 10000) in paragraph at lines 17071--17071
warning: automata_unified_revised_v8.tex:17071: Underfull \hbox (badness 8151) in paragraph at lines 17071--17071
warning: automata_unified_revised_v8.tex:17071: Underfull \hbox (badness 10000) in paragraph at lines 17071--17071
warning: automata_unified_revised_v8.tex:17074: Underfull \hbox (badness 10000) in paragraph at lines 17072--17074
warning: automata_unified_revised_v8.tex:17075: Underfull \hbox (badness 10000) in paragraph at lines 17074--17075
warning: automata_unified_revised_v8.tex:17079: Underfull \hbox (badness 10000) in paragraph at lines 17078--17079
warning: automata_unified_revised_v8.tex:17080: Underfull \hbox (badness 10000) in paragraph at lines 17079--17080
warning: automata_unified_revised_v8.tex:17100: Underfull \hbox (badness 2368) in paragraph at lines 17098--17100
warning: automata_unified_revised_v8.tex:17104: Underfull \hbox (badness 10000) in paragraph at lines 17102--17104
warning: automata_unified_revised_v8.tex:17106: Underfull \hbox (badness 10000) in paragraph at lines 17105--17106
warning: automata_unified_revised_v8.tex:17106: Underfull \hbox (badness 10000) in paragraph at lines 17105--17106
warning: automata_unified_revised_v8.tex:17106: Underfull \hbox (badness 10000) in paragraph at lines 17105--17106
warning: automata_unified_revised_v8.tex:17109: Underfull \hbox (badness 10000) in paragraph at lines 17107--17109
warning: automata_unified_revised_v8.tex:17110: Underfull \hbox (badness 10000) in paragraph at lines 17110--17110
warning: automata_unified_revised_v8.tex:17113: Underfull \hbox (badness 3354) in paragraph at lines 17111--17113
warning: automata_unified_revised_v8.tex:17117: Underfull \hbox (badness 10000) in paragraph at lines 17115--17117
warning: automata_unified_revised_v8.tex:17121: Underfull \hbox (badness 10000) in paragraph at lines 17121--17121
warning: automata_unified_revised_v8.tex:17125: Underfull \hbox (badness 10000) in paragraph at lines 17123--17125
warning: automata_unified_revised_v8.tex:17125: Underfull \hbox (badness 10000) in paragraph at lines 17123--17125
warning: automata_unified_revised_v8.tex:17125: Underfull \hbox (badness 10000) in paragraph at lines 17125--17125
warning: automata_unified_revised_v8.tex:17127: Underfull \hbox (badness 10000) in paragraph at lines 17126--17127
warning: automata_unified_revised_v8.tex:17127: Underfull \hbox (badness 10000) in paragraph at lines 17126--17127
warning: automata_unified_revised_v8.tex:17127: Underfull \hbox (badness 1270) in paragraph at lines 17126--17127
warning: automata_unified_revised_v8.tex:17127: Underfull \hbox (badness 2293) in paragraph at lines 17126--17127
warning: automata_unified_revised_v8.tex:17127: Underfull \hbox (badness 10000) in paragraph at lines 17126--17127
warning: automata_unified_revised_v8.tex:17129: Underfull \hbox (badness 10000) in paragraph at lines 17129--17129
warning: automata_unified_revised_v8.tex:17299: Underfull \hbox (badness 1270) in paragraph at lines 17295--17299
warning: automata_unified_revised_v8.tex:18128: Underfull \hbox (badness 10000) in paragraph at lines 18128--18128
warning: automata_unified_revised_v8.tex:18138: Underfull \hbox (badness 10000) in paragraph at lines 18138--18138
warning: automata_unified_revised_v8.tex:18142: Underfull \hbox (badness 10000) in paragraph at lines 18142--18142
warning: automata_unified_revised_v8.tex:18159: Underfull \hbox (badness 10000) in paragraph at lines 18159--18159
warning: automata_unified_revised_v8.tex:18159: Underfull \hbox (badness 10000) in paragraph at lines 18159--18159
warning: automata_unified_revised_v8.tex:18198: Underfull \hbox (badness 10000) in paragraph at lines 18198--18198
warning: automata_unified_revised_v8.tex:18202: Underfull \hbox (badness 2418) in paragraph at lines 18201--18202
warning: automata_unified_revised_v8.tex:18216: Underfull \hbox (badness 1442) in paragraph at lines 18216--18216
warning: automata_unified_revised_v8.tex:18223: Underfull \hbox (badness 10000) in paragraph at lines 18223--18223
warning: automata_unified_revised_v8.tex:18228: Underfull \hbox (badness 2495) in paragraph at lines 18227--18228
warning: warnings were issued by the TeX engine; use --print and/or --keep-logs for details.
note: Running xdvipdfmx ...
note: Writing `automata_unified_revised_v8.pdf` (1.12 MiB)
note: Skipped writing 3 intermediate files (use --keep-intermediates to keep them)
