**
(automata_unified_revised_v6.tex
LaTeX2e <2021-11-15> patch level 1
L3 programming layer <2022-02-24> (article.cls
Document Class: article 2021/10/04 v1.4n Standard LaTeX document class
(size12.clo
File: size12.clo 2021/10/04 v1.4n Standard LaTeX file (size option)
)
\c@part=\count181
\c@section=\count182
\c@subsection=\count183
\c@subsubsection=\count184
\c@paragraph=\count185
\c@subparagraph=\count186
\c@figure=\count187
\c@table=\count188
\abovecaptionskip=\skip47
\belowcaptionskip=\skip48
\bibindent=\dimen138
) (amsmath.sty
Package: amsmath 2021/10/15 v2.17l AMS math features
\@mathmargin=\skip49

For additional information on amsmath, use the `?' option.
(amstext.sty
Package: amstext 2021/08/26 v2.01 AMS text
 (amsgen.sty
File: amsgen.sty 1999/11/30 v2.0 generic functions
\@emptytoks=\toks16
\ex@=\dimen139
)) (amsbsy.sty
Package: amsbsy 1999/11/29 v1.2d Bold Symbols
\pmbraise@=\dimen140
) (amsopn.sty
Package: amsopn 2021/08/26 v2.02 operator names
)
\inf@bad=\count189
LaTeX Info: Redefining \frac on input line 234.
\uproot@=\count190
\leftroot@=\count191
LaTeX Info: Redefining \overline on input line 399.
\classnum@=\count192
\DOTSCASE@=\count193
LaTeX Info: Redefining \ldots on input line 496.
LaTeX Info: Redefining \dots on input line 499.
LaTeX Info: Redefining \cdots on input line 620.
\Mathstrutbox@=\box50
\strutbox@=\box51
\big@size=\dimen141
LaTeX Font Info:    Redeclaring font encoding OML on input line 743.
LaTeX Font Info:    Redeclaring font encoding OMS on input line 744.
\macc@depth=\count194
\c@MaxMatrixCols=\count195
\dotsspace@=\muskip16
\c@parentequation=\count196
\dspbrk@lvl=\count197
\tag@help=\toks17
\row@=\count198
\column@=\count199
\maxfields@=\count266
\andhelp@=\toks18
\eqnshift@=\dimen142
\alignsep@=\dimen143
\tagshift@=\dimen144
\tagwidth@=\dimen145
\totwidth@=\dimen146
\lineht@=\dimen147
\@envbody=\toks19
\multlinegap=\skip50
\multlinetaggap=\skip51
\mathdisplay@stack=\toks20
LaTeX Info: Redefining \[ on input line 2938.
LaTeX Info: Redefining \] on input line 2939.
) (amssymb.sty
Package: amssymb 2013/01/14 v3.01 AMS font symbols

(amsfonts.sty
Package: amsfonts 2013/01/14 v3.01 Basic AMSFonts support
\symAMSa=\mathgroup4
\symAMSb=\mathgroup5
LaTeX Font Info:    Redeclaring math symbol \hbar on input line 98.
LaTeX Font Info:    Overwriting math alphabet `\mathfrak' in version `bold'
(Font)                  U/euf/m/n --> U/euf/b/n on input line 106.
)) (amsthm.sty
Package: amsthm 2020/05/29 v2.20.6
\thm@style=\toks21
\thm@bodyfont=\toks22
\thm@headfont=\toks23
\thm@notefont=\toks24
\thm@headpunct=\toks25
\thm@preskip=\skip52
\thm@postskip=\skip53
\thm@headsep=\skip54
\dth@everypar=\toks26
) (mathtools.sty
Package: mathtools 2022/02/07 v1.28a mathematical typesetting tools
 (keyval.sty
Package: keyval 2014/10/28 v1.15 key=value parser (DPC)
\KV@toks@=\toks27
) (calc.sty
Package: calc 2017/05/25 v4.3 Infix arithmetic (KKT,FJ)
\calc@Acount=\count267
\calc@Bcount=\count268
\calc@Adimen=\dimen148
\calc@Bdimen=\dimen149
\calc@Askip=\skip55
\calc@Bskip=\skip56
LaTeX Info: Redefining \setlength on input line 80.
LaTeX Info: Redefining \addtolength on input line 81.
\calc@Ccount=\count269
\calc@Cskip=\skip57
)
(mhsetup.sty
Package: mhsetup 2021/03/18 v1.4 programming setup (MH)
)
\g_MT_multlinerow_int=\count270
\l_MT_multwidth_dim=\dimen150
\origjot=\skip58
\l_MT_shortvdotswithinadjustabove_dim=\dimen151
\l_MT_shortvdotswithinadjustbelow_dim=\dimen152
\l_MT_above_intertext_sep=\dimen153
\l_MT_below_intertext_sep=\dimen154
\l_MT_above_shortintertext_sep=\dimen155
\l_MT_below_shortintertext_sep=\dimen156
\xmathstrut@box=\box52
\xmathstrut@dim=\dimen157
) (bm.sty
Package: bm 2021/04/25 v1.2e Bold Symbol Support (DPC/FMi)
\symboldoperators=\mathgroup6
\symboldletters=\mathgroup7
\symboldsymbols=\mathgroup8
Package bm Info: No bold for \OMX/cmex/m/n, using \pmb.
Package bm Info: No bold for \U/msa/m/n, using \pmb.
Package bm Info: No bold for \U/msb/m/n, using \pmb.
LaTeX Font Info:    Redeclaring math alphabet \mathbf on input line 149.
) (enumitem.sty
Package: enumitem 2019/06/20 v3.9 Customized lists
\labelindent=\skip59
\enit@outerparindent=\dimen158
\enit@toks=\toks28
\enit@inbox=\box53
\enit@count@id=\count271
\enitdp@description=\count272
) (booktabs.sty
Package: booktabs 2020/01/12 v1.61803398 Publication quality tables
\heavyrulewidth=\dimen159
\lightrulewidth=\dimen160
\cmidrulewidth=\dimen161
\belowrulesep=\dimen162
\belowbottomsep=\dimen163
\aboverulesep=\dimen164
\abovetopsep=\dimen165
\cmidrulesep=\dimen166
\cmidrulekern=\dimen167
\defaultaddspace=\dimen168
\@cmidla=\count273
\@cmidlb=\count274
\@aboverulesep=\dimen169
\@belowrulesep=\dimen170
\@thisruleclass=\count275
\@lastruleclass=\count276
\@thisrulewidth=\dimen171
) (array.sty
Package: array 2021/10/04 v2.5f Tabular extension package (FMi)
\col@sep=\dimen172
\ar@mcellbox=\box54
\extrarowheight=\dimen173
\NC@list=\toks29
\extratabsurround=\skip60
\backup@length=\skip61
\ar@cellbox=\box55
) (geometry.sty
Package: geometry 2020/01/02 v5.9 Page Geometry
(ifvtex.sty
Package: ifvtex 2019/10/25 v1.7 ifvtex legacy package. Use iftex instead.
 (iftex.sty
Package: iftex 2022/02/03 v1.0f TeX engine tests
))
\Gm@cnth=\count277
\Gm@cntv=\count278
\c@Gm@tempcnt=\count279
\Gm@bindingoffset=\dimen174
\Gm@wd@mp=\dimen175
\Gm@odd@mp=\dimen176
\Gm@even@mp=\dimen177
\Gm@layoutwidth=\dimen178
\Gm@layoutheight=\dimen179
\Gm@layouthoffset=\dimen180
\Gm@layoutvoffset=\dimen181
\Gm@dimlist=\toks30
) (parskip.sty
Package: parskip 2021-03-14 v2.0h non-zero parskip adjustments
 (kvoptions.sty
Package: kvoptions 2020-10-07 v3.14 Key value format for package options (HO)
 (ltxcmds.sty
Package: ltxcmds 2020-05-10 v1.25 LaTeX kernel commands for general use (HO)
)
(kvsetkeys.sty
Package: kvsetkeys 2019/12/15 v1.18 Key value parser (HO)
)) (etoolbox.sty
Package: etoolbox 2020/10/05 v2.5k e-TeX tools for LaTeX (JAW)
\etb@tempcnta=\count280
)) (xcolor.sty
Package: xcolor 2021/10/31 v2.13 LaTeX color extensions (UK)
 (color.cfg
File: color.cfg 2016/01/02 v1.6 sample color configuration
)
Package xcolor Info: Driver file: xetex.def on input line 227.
 (xetex.def
File: xetex.def 2021/03/18 v5.0k Graphics/color driver for xetex
)
Package xcolor Info: Model `cmy' substituted by `cmy0' on input line 1352.
Package xcolor Info: Model `RGB' extended on input line 1368.
Package xcolor Info: Model `HTML' substituted by `rgb' on input line 1370.
Package xcolor Info: Model `Hsb' substituted by `hsb' on input line 1371.
Package xcolor Info: Model `tHsb' substituted by `hsb' on input line 1372.
Package xcolor Info: Model `HSB' substituted by `hsb' on input line 1373.
Package xcolor Info: Model `Gray' substituted by `gray' on input line 1374.
Package xcolor Info: Model `wave' substituted by `hsb' on input line 1375.
)
(microtype.sty
Package: microtype 2022/03/14 v3.0d Micro-typographical refinements (RS)
\MT@toks=\toks31
\MT@tempbox=\box56
\MT@count=\count281
LaTeX Info: Redefining \noprotrusionifhmode on input line 1027.
LaTeX Info: Redefining \leftprotrusion on input line 1028.
LaTeX Info: Redefining \rightprotrusion on input line 1036.
LaTeX Info: Redefining \textls on input line 1195.
\MT@outer@kern=\dimen182
LaTeX Info: Redefining \textmicrotypecontext on input line 1781.
\MT@listname@count=\count282
 (microtype-xetex.def
File: microtype-xetex.def 2022/03/14 v3.0d Definitions specific to xetex (RS)
LaTeX Info: Redefining \lsstyle on input line 236.
)
Package microtype Info: Loading configuration file microtype.cfg.
 (microtype.cfg
File: microtype.cfg 2022/03/14 v3.0d microtype main configuration file (RS)
)) (hyperref.sty
Package: hyperref 2022-02-21 v7.00n Hypertext links for LaTeX

(pdftexcmds.sty
Package: pdftexcmds 2020-06-27 v0.33 Utility functions of pdfTeX for LuaTeX (HO
)
 (infwarerr.sty
Package: infwarerr 2019/12/03 v1.5 Providing info/warning/error messages (HO)
)
Package pdftexcmds Info: \pdf@primitive is available.
Package pdftexcmds Info: \pdf@ifprimitive is available.
Package pdftexcmds Info: \pdfdraftmode not found.
) (kvdefinekeys.sty
Package: kvdefinekeys 2019-12-19 v1.6 Define keys (HO)
) (pdfescape.sty
Package: pdfescape 2019/12/09 v1.15 Implements pdfTeX's escape features (HO)
)
(hycolor.sty
Package: hycolor 2020-01-27 v1.10 Color options for hyperref/bookmark (HO)
) (letltxmacro.sty
Package: letltxmacro 2019/12/03 v1.6 Let assignment for LaTeX macros (HO)
) (auxhook.sty
Package: auxhook 2019-12-17 v1.6 Hooks for auxiliary files (HO)
)
\@linkdim=\dimen183
\Hy@linkcounter=\count283
\Hy@pagecounter=\count284
 (pd1enc.def
File: pd1enc.def 2022-02-21 v7.00n Hyperref: PDFDocEncoding definition (HO)
) (intcalc.sty
Package: intcalc 2019/12/15 v1.3 Expandable calculations with integers (HO)
)
(etexcmds.sty
Package: etexcmds 2019/12/15 v1.7 Avoid name clashes with e-TeX commands (HO)
)
\Hy@SavedSpaceFactor=\count285
 (puenc.def
File: puenc.def 2022-02-21 v7.00n Hyperref: PDF Unicode definition (HO)
)
Package hyperref Info: Option `colorlinks' set `true' on input line 4018.
Package hyperref Info: Hyper figures OFF on input line 4137.
Package hyperref Info: Link nesting OFF on input line 4142.
Package hyperref Info: Hyper index ON on input line 4145.
Package hyperref Info: Plain pages OFF on input line 4152.
Package hyperref Info: Backreferencing OFF on input line 4157.
Package hyperref Info: Implicit mode ON; LaTeX internals redefined.
Package hyperref Info: Bookmarks ON on input line 4390.
\c@Hy@tempcnt=\count286
 (url.sty
\Urlmuskip=\muskip17
Package: url 2013/09/16  ver 3.4  Verb mode for urls, etc.
)
LaTeX Info: Redefining \url on input line 4749.
\XeTeXLinkMargin=\dimen184
 (bitset.sty
Package: bitset 2019/12/09 v1.3 Handle bit-vector datatype (HO)
 (bigintcalc.sty
Package: bigintcalc 2019/12/15 v1.5 Expandable calculations on big integers (HO
)
))
\Fld@menulength=\count287
\Field@Width=\dimen185
\Fld@charsize=\dimen186
Package hyperref Info: Hyper figures OFF on input line 6027.
Package hyperref Info: Link nesting OFF on input line 6032.
Package hyperref Info: Hyper index ON on input line 6035.
Package hyperref Info: backreferencing OFF on input line 6042.
Package hyperref Info: Link coloring ON on input line 6045.
Package hyperref Info: Link coloring with OCG OFF on input line 6052.
Package hyperref Info: PDF/A mode OFF on input line 6057.
LaTeX Info: Redefining \ref on input line 6097.
LaTeX Info: Redefining \pageref on input line 6101.

(atbegshi-ltx.sty
Package: atbegshi-ltx 2021/01/10 v1.0c Emulation of the original atbegshi
package with kernel methods
)
\Hy@abspage=\count288
\c@Item=\count289
\c@Hfootnote=\count290
)
Package hyperref Info: Driver (autodetected): hxetex.
 (hxetex.def
File: hxetex.def 2022-02-21 v7.00n Hyperref driver for XeTeX
 (stringenc.sty
Package: stringenc 2019/11/29 v1.12 Convert strings between diff. encodings (HO
)
)
\pdfm@box=\box57
\c@Hy@AnnotLevel=\count291
\HyField@AnnotCount=\count292
\Fld@listcount=\count293
\c@bookmark@seq@number=\count294
 (rerunfilecheck.sty
Package: rerunfilecheck 2019/12/05 v1.9 Rerun checks for auxiliary files (HO)

(atveryend-ltx.sty
Package: atveryend-ltx 2020/08/19 v1.0a Emulation of the original atveryend pac
kage
with kernel methods
) (uniquecounter.sty
Package: uniquecounter 2019/12/15 v1.4 Provide unlimited unique counter (HO)
)
Package uniquecounter Info: New unique counter `rerunfilecheck' on input line 2
86.
)
\Hy@SectionHShift=\skip62
)
\c@theorem=\count295
 (l3backend-xetex.def
File: l3backend-xetex.def 2022-02-07 L3 backend support: XeTeX
\c__kernel_sys_dvipdfmx_version_int=\count296
\l__color_backend_stack_int=\count297
\g__color_backend_stack_int=\count298
\g__graphics_track_int=\count299
\l__pdf_internal_box=\box58
\g__pdf_backend_object_int=\count300
\g__pdf_backend_annotation_int=\count301
\g__pdf_backend_link_int=\count302
)
(automata_unified_revised_v6.aux)
\openout1 = `automata_unified_revised_v6.aux'.

LaTeX Font Info:    Checking defaults for OML/cmm/m/it on input line 117.
LaTeX Font Info:    ... okay on input line 117.
LaTeX Font Info:    Checking defaults for OMS/cmsy/m/n on input line 117.
LaTeX Font Info:    ... okay on input line 117.
LaTeX Font Info:    Checking defaults for OT1/cmr/m/n on input line 117.
LaTeX Font Info:    ... okay on input line 117.
LaTeX Font Info:    Checking defaults for T1/cmr/m/n on input line 117.
LaTeX Font Info:    ... okay on input line 117.
LaTeX Font Info:    Checking defaults for TS1/cmr/m/n on input line 117.
LaTeX Font Info:    Trying to load font information for TS1+cmr on input line 1
17.
 (ts1cmr.fd
File: ts1cmr.fd 2019/12/16 v2.5j Standard LaTeX font definitions
)
LaTeX Font Info:    ... okay on input line 117.
LaTeX Font Info:    Checking defaults for TU/lmr/m/n on input line 117.
LaTeX Font Info:    ... okay on input line 117.
LaTeX Font Info:    Checking defaults for OMX/cmex/m/n on input line 117.
LaTeX Font Info:    ... okay on input line 117.
LaTeX Font Info:    Checking defaults for U/cmr/m/n on input line 117.
LaTeX Font Info:    ... okay on input line 117.
LaTeX Font Info:    Checking defaults for PD1/pdf/m/n on input line 117.
LaTeX Font Info:    ... okay on input line 117.
LaTeX Font Info:    Checking defaults for PU/pdf/m/n on input line 117.
LaTeX Font Info:    ... okay on input line 117.
 (graphicx.sty
Package: graphicx 2021/09/16 v1.2d Enhanced LaTeX Graphics (DPC,SPQR)
 (graphics.sty
Package: graphics 2021/03/04 v1.4d Standard LaTeX Graphics (DPC,SPQR)

(trig.sty
Package: trig 2021/08/11 v1.11 sin cos tan (DPC)
) (graphics.cfg
File: graphics.cfg 2016/06/04 v1.11 sample graphics configuration
)
Package graphics Info: Driver file: xetex.def on input line 107.
)
\Gin@req@height=\dimen187
\Gin@req@width=\dimen188
)
*geometry* driver: auto-detecting
*geometry* detected driver: xetex
*geometry* verbose mode - [ preamble ] result:
* driver: xetex
* paper: <default>
* layout: <same size as paper>
* layoutoffset:(h,v)=(0.0pt,0.0pt)
* modes: 
* h-part:(L,W,R)=(72.26999pt, 469.75502pt, 72.26999pt)
* v-part:(T,H,B)=(72.26999pt, 650.43001pt, 72.26999pt)
* \paperwidth=614.295pt
* \paperheight=794.96999pt
* \textwidth=469.75502pt
* \textheight=650.43001pt
* \oddsidemargin=0.0pt
* \evensidemargin=0.0pt
* \topmargin=-37.0pt
* \headheight=12.0pt
* \headsep=25.0pt
* \topskip=12.0pt
* \footskip=30.0pt
* \marginparwidth=44.0pt
* \marginparsep=10.0pt
* \columnsep=10.0pt
* \skip\footins=10.8pt plus 4.0pt minus 2.0pt
* \hoffset=0.0pt
* \voffset=0.0pt
* \mag=1000
* \@twocolumnfalse
* \@twosidefalse
* \@mparswitchfalse
* \@reversemarginfalse
* (1in=72.27pt=25.4mm, 1cm=28.453pt)

LaTeX Info: Redefining \microtypecontext on input line 117.
Package microtype Info: Applying patch `item' on input line 117.
Package microtype Info: Applying patch `toc' on input line 117.
Package microtype Info: Applying patch `eqnum' on input line 117.
Package microtype Info: Applying patch `footnote' on input line 117.
Package microtype Info: Character protrusion enabled (level 2).
Package microtype Info: Using default protrusion set `alltext'.
Package microtype Info: No adjustment of tracking.
Package microtype Info: No adjustment of spacing.
Package microtype Info: No adjustment of kerning.
(mt-LatinModernRoman.cfg
File: mt-LatinModernRoman.cfg 2021/02/21 v1.1 microtype config. file: Latin Mod
ern Roman (RS)
)
Package hyperref Info: Link coloring ON on input line 117.
 (nameref.sty
Package: nameref 2021-04-02 v2.47 Cross-referencing by name of section
 (refcount.sty
Package: refcount 2019/12/15 v3.6 Data extraction from label references (HO)
) (gettitlestring.sty
Package: gettitlestring 2019/12/15 v1.6 Cleanup title references (HO)
)
\c@section@level=\count303
)
LaTeX Info: Redefining \ref on input line 117.
LaTeX Info: Redefining \pageref on input line 117.
LaTeX Info: Redefining \nameref on input line 117.

(automata_unified_revised_v6.out) (automata_unified_revised_v6.out)
\@outlinefile=\write3
\openout3 = `automata_unified_revised_v6.out'.

 (mt-cmr.cfg
File: mt-cmr.cfg 2013/05/19 v2.2 microtype config. file: Computer Modern Roman 
(RS)
)
LaTeX Font Info:    Trying to load font information for U+msa on input line 119
.
 (umsa.fd
File: umsa.fd 2013/01/14 v3.01 AMS symbols A
) (mt-msa.cfg
File: mt-msa.cfg 2006/02/04 v1.1 microtype config. file: AMS symbols (a) (RS)
)
LaTeX Font Info:    Trying to load font information for U+msb on input line 119
.
 (umsb.fd
File: umsb.fd 2013/01/14 v3.01 AMS symbols B
) (mt-msb.cfg
File: mt-msb.cfg 2005/06/01 v1.0 microtype config. file: AMS symbols (b) (RS)
) [1

]
(automata_unified_revised_v6.toc [2] [3] [4])
\tf@toc=\write4
\openout4 = `automata_unified_revised_v6.toc'.

 [5] [6] [7] [8] [9]
Package microtype Info: Loading generic protrusion settings for font family
(microtype)             `cmss' (encoding: OT1).
(microtype)             For optimal results, create family-specific settings.
(microtype)             See the microtype manual for details.
 [10]
Overfull \hbox (3.4578pt too wide) in paragraph at lines 674--679
\TU/lmr/m/n/12 stream, and active residual-identification protocols each have m
istake complexity $\OT1/cmr/m/n/12 ^^B(\OML/cmm/m/it/12 M [] M\OT1/cmr/m/n/12 )
$\TU/lmr/m/n/12 ;
 []

[11]

Package hyperref Warning: Token not allowed in a PDF string (Unicode):
(hyperref)                removing `math shift' on input line 747.


Package hyperref Warning: Token not allowed in a PDF string (Unicode):
(hyperref)                removing `math shift' on input line 747.


Package hyperref Warning: Token not allowed in a PDF string (Unicode):
(hyperref)                removing `math shift' on input line 747.


Package hyperref Warning: Token not allowed in a PDF string (Unicode):
(hyperref)                removing `math shift' on input line 747.

[12]

Package hyperref Warning: Token not allowed in a PDF string (Unicode):
(hyperref)                removing `math shift' on input line 816.


Package hyperref Warning: Token not allowed in a PDF string (Unicode):
(hyperref)                removing `math shift' on input line 816.

[13] [14] [15] [16] [17] [18] [19] [20] [21] [22] [23] [24] [25] [26] [27]
[28] [29] [30] [31] [32] [33] [34]
Package microtype Info: Loading generic protrusion settings for font family
(microtype)             `cmtt' (encoding: OT1).
(microtype)             For optimal results, create family-specific settings.
(microtype)             See the microtype manual for details.
 [35] [36] [37] [38] [39] [40]
Underfull \hbox (badness 1859) in paragraph at lines 3059--3064
[][]\TU/lmr/bx/n/12 Remark 4.16 \TU/lmr/m/n/12 (Role of the Right-Congruence Co
nstraint)\TU/lmr/bx/n/12 . []\TU/lmr/m/n/12 The identity in Meta-
 []

LaTeX Font Info:    Trying to load font information for U+euf on input line 308
7.
(ueuf.fd
File: ueuf.fd 2013/01/14 v3.01 Euler Fraktur
) (mt-euf.cfg
File: mt-euf.cfg 2006/07/03 v1.1 microtype config. file: AMS Euler Fraktur (RS)

) [41] [42] [43] [44] [45] [46] [47] [48] [49] [50]
[51] [52] [53] [54] [55] [56] [57]
Package microtype Info: Loading generic protrusion settings for font family
(microtype)             `lmtt' (encoding: TU).
(microtype)             For optimal results, create family-specific settings.
(microtype)             See the microtype manual for details.
 [58] [59] [60] [61] [62] [63] [64]
Overfull \hbox (6.80577pt too wide) detected at line 5056
\OML/cmm/m/it/12 ^^\\OT1/cmr/m/n/12 (\OML/cmm/m/it/12 A; \OT1/cmr/m/n/12 0) = \
OML/cmm/m/it/12 A;  ^^\\OT1/cmr/m/n/12 (\OML/cmm/m/it/12 A; \OT1/cmr/m/n/12 1) 
= \OML/cmm/m/it/12 C;  ^^\\OT1/cmr/m/n/12 (\OML/cmm/m/it/12 B; \OT1/cmr/m/n/12 
0) = \OML/cmm/m/it/12 C;  ^^\\OT1/cmr/m/n/12 (\OML/cmm/m/it/12 B; \OT1/cmr/m/n/
12 1) = \OML/cmm/m/it/12 B;  ^^\\OT1/cmr/m/n/12 (\OML/cmm/m/it/12 C; \OT1/cmr/m
/n/12 0) = \OML/cmm/m/it/12 A;  ^^\\OT1/cmr/m/n/12 (\OML/cmm/m/it/12 C; \OT1/cm
r/m/n/12 1) = \OML/cmm/m/it/12 B:
 []

[65] [66] [67] [68] [69] [70] [71] [72] [73] [74] [75] [76] [77] [78] [79]
[80] [81] [82]
Overfull \hbox (12.40726pt too wide) detected at line 6439
[] \OML/cmm/m/it/12 ^^V\OT1/cmr/m/n/12 (\OML/cmm/m/it/12 u\OT1/cmr/m/n/12 ) \OT
1/cmr/bx/n/12 1\OMS/cmsy/m/n/12 f\OML/cmm/m/it/12 ^^Z\OT1/cmr/m/n/12 (\OML/cmm/
m/it/12 k; a\OT1/cmr/m/n/12 ) \OMS/cmsy/m/n/12 6\OT1/cmr/m/n/12 = \OML/cmm/m/it
/12 F\OT1/cmr/m/n/12 (\OML/cmm/m/it/12 u\OT1/cmr/m/n/12 )[]\OMS/cmsy/m/n/12 g \
OT1/cmr/m/n/12 = \OML/cmm/m/it/12 ^^V\OT1/cmr/m/n/12 (\OML/cmm/m/it/12 k; a\OT1
/cmr/m/n/12 )[]1 \OMS/cmsy/m/n/12 ^^@ \OML/cmm/m/it/12 q[]\OT1/cmr/m/n/12 (\OML
/cmm/m/it/12 ^^Z\OT1/cmr/m/n/12 (\OML/cmm/m/it/12 k; a\OT1/cmr/m/n/12 ))[] \OMS
/cmsy/m/n/12 ^^U \OML/cmm/m/it/12 ^^V\OT1/cmr/m/n/12 (\OML/cmm/m/it/12 k; a\OT1
/cmr/m/n/12 )[]1 \OMS/cmsy/m/n/12 ^^@ [] \OML/cmm/m/it/12 q[]\OT1/cmr/m/n/12 (\
OML/cmm/m/it/12 o\OT1/cmr/m/n/12 )[]\OML/cmm/m/it/12 ;
 []

[83] [84] [85] [86] [87] [88]
Overfull \hbox (0.46236pt too wide) in paragraph at lines 6921--6925
\TU/lmr/m/it/12 alternating-move value $\OML/cmm/m/it/12 V[]$\TU/lmr/m/it/12 , 
which in the stateless case satisfies $\OML/cmm/m/it/12 V[] \OT1/cmr/m/n/12 = [
][][] [][] \OML/cmm/m/it/12 r\OT1/cmr/m/n/12 (\OML/cmm/m/it/12 a; b\OT1/cmr/m/n
/12 )[]\OML/cmm/m/it/12 =\OT1/cmr/m/n/12 (1 \OMS/cmsy/m/n/12 ^^@
 []


Overfull \hbox (12.1486pt too wide) detected at line 6948
\OML/cmm/m/it/12 ^^K\OT1/cmr/m/n/12 (\OML/cmm/m/it/12 q\OT1/cmr/m/n/12 ) = \OML
/cmm/m/it/12 V[] \OMS/cmsy/m/n/12 ^^@ [] [][]\OML/cmm/m/it/12 r\OT1/cmr/m/n/12 
(\OML/cmm/m/it/12 a; b\OT1/cmr/m/n/12 ) + \OML/cmm/m/it/12 ^^MV[][] \OT1/cmr/m/
n/12 = \OML/cmm/m/it/12 V[] \OMS/cmsy/m/n/12 ^^@ \OML/cmm/m/it/12 ^^MV[] \OMS/c
msy/m/n/12 ^^@ [] [] \OML/cmm/m/it/12 r\OT1/cmr/m/n/12 (\OML/cmm/m/it/12 a; b\O
T1/cmr/m/n/12 ) = (1 \OMS/cmsy/m/n/12 ^^@ \OML/cmm/m/it/12 ^^M\OT1/cmr/m/n/12 )
\OML/cmm/m/it/12 V[] \OMS/cmsy/m/n/12 ^^@ \OML/cmm/m/it/12 m[] \OT1/cmr/m/n/12 
= \OML/cmm/m/it/12 m[] \OMS/cmsy/m/n/12 ^^@ \OML/cmm/m/it/12 m[];
 []

[89]

Package hyperref Warning: Token not allowed in a PDF string (Unicode):
(hyperref)                removing `math shift' on input line 6986.


Package hyperref Warning: Token not allowed in a PDF string (Unicode):
(hyperref)                removing `\alpha' on input line 6986.


Package hyperref Warning: Token not allowed in a PDF string (Unicode):
(hyperref)                removing `math shift' on input line 6986.

[90] [91]
Underfull \hbox (badness 1132) in paragraph at lines 7141--7146
[]\TU/lmr/m/n/12 Accordingly, commitment replaces ordinary rank by the determin
istic Boolean rank
 []

[92]
Underfull \hbox (badness 2478) in paragraph at lines 7213--7214
[][]\TU/lmr/bx/n/12 Remark 7.2 \TU/lmr/m/n/12 (Algebraic Hankel Rank Versus Bou
nded-Operator Rank)\TU/lmr/bx/n/12 . []\TU/lmr/m/n/12 A finite-
 []

[93] [94] [95] [96] [97] [98] [99] [100] [101] [102] [103] [104] [105] [106]
Overfull \hbox (5.52983pt too wide) in paragraph at lines 8365--8370
\TU/lmr/m/n/12 however large, can match a genuinely stochastic channel in disco
unted Hamming/Kantorovich–
 []

[107]
Underfull \hbox (badness 1112) in paragraph at lines 8458--8461
[]\TU/lmr/m/n/12 For (iii), write $\OML/cmm/m/it/12 w[]\OT1/cmr/m/n/12 (\OML/cm
m/m/it/12 b\OT1/cmr/m/n/12 ) = \OML/cmm/m/it/12 ^^Y[]P[]\OT1/cmr/m/n/12 (\OML/c
mm/m/it/12 b\OT1/cmr/m/n/12 )$\TU/lmr/m/n/12 . The statewise modal term $[][] \
OML/cmm/m/it/12 ^^Y[] [][] P[]\OT1/cmr/m/n/12 (\OML/cmm/m/it/12 b\OT1/cmr/m/n/1
2 ) =
 []

[108] [109] [110] [111] [112] [113] [114]

Package hyperref Warning: Token not allowed in a PDF string (Unicode):
(hyperref)                removing `math shift' on input line 9005.


Package hyperref Warning: Token not allowed in a PDF string (Unicode):
(hyperref)                removing `\infty' on input line 9005.


Package hyperref Warning: Token not allowed in a PDF string (Unicode):
(hyperref)                removing `math shift' on input line 9005.

[115]

Package hyperref Warning: Token not allowed in a PDF string (Unicode):
(hyperref)                removing `math shift' on input line 9075.


Package hyperref Warning: Token not allowed in a PDF string (Unicode):
(hyperref)                removing `math shift' on input line 9075.


Package hyperref Warning: Token not allowed in a PDF string (Unicode):
(hyperref)                removing `math shift' on input line 9075.


Package hyperref Warning: Token not allowed in a PDF string (Unicode):
(hyperref)                removing `math shift' on input line 9075.

[116]

Package hyperref Warning: Token not allowed in a PDF string (Unicode):
(hyperref)                removing `math shift' on input line 9162.


Package hyperref Warning: Token not allowed in a PDF string (Unicode):
(hyperref)                removing `math shift' on input line 9162.

[117] [118] [119] [120] [121] [122]
Underfull \hbox (badness 3148) in paragraph at lines 9582--9585
[][]\TU/lmr/bx/n/12 Proposition 9.8 \TU/lmr/m/n/12 (Input-Driven Specialization
)\TU/lmr/bx/n/12 . []\TU/lmr/m/it/12 Let the machine be input-driven,
 []

[123] [124] [125] [126] [127] [128] [129] [130] [131] [132] [133] [134]
[135] [136] [137] [138] [139] [140] [141] [142] [143] [144]
Overfull \hbox (0.90854pt too wide) in paragraph at lines 11489--11497
[][]\TU/lmr/bx/n/12 Remark 10.10 \TU/lmr/m/n/12 (What the Coupling Bound Measur
es)\TU/lmr/bx/n/12 . []\TU/lmr/m/n/12 The quantity $[] [][]$
 []

[145] [146] [147] [148] [149] [150] [151] [152] [153]

Package hyperref Warning: Token not allowed in a PDF string (Unicode):
(hyperref)                removing `math shift' on input line 12269.


Package hyperref Warning: Token not allowed in a PDF string (Unicode):
(hyperref)                removing `\alpha' on input line 12269.


Package hyperref Warning: Token not allowed in a PDF string (Unicode):
(hyperref)                removing `math shift' on input line 12269.


Package hyperref Warning: Token not allowed in a PDF string (Unicode):
(hyperref)                removing `math shift' on input line 12308.


Package hyperref Warning: Token not allowed in a PDF string (Unicode):
(hyperref)                removing `\alpha' on input line 12308.


Package hyperref Warning: Token not allowed in a PDF string (Unicode):
(hyperref)                removing `math shift' on input line 12308.

[154] [155] [156] [157] [158] [159] [160] [161] [162] [163] [164] [165]
[166] [167] [168] [169] [170] [171] [172] [173] [174] [175] [176] [177]
[178] [179] [180] [181] [182] [183] [184] [185] [186] [187] [188] [189]
[190] [191] [192] [193] [194] [195] [196] [197] [198] [199] [200] [201]
[202] [203] [204] [205] [206] [207] [208] [209] [210] [211] [212] [213]
[214] [215] [216] [217]
Overfull \hbox (4.57132pt too wide) in paragraph at lines 16999--16999
[]|\TU/lmr/bx/n/10.95 Aggregation
 []


Underfull \hbox (badness 10000) in paragraph at lines 17001--17003
[]|\TU/lmr/m/n/10.95 Myhill–Nerode
 []


Underfull \hbox (badness 10000) in paragraph at lines 17001--17003
\TU/lmr/m/n/10.95 threshold, Theo-
 []


Overfull \hbox (3.00194pt too wide) in paragraph at lines 17003--17003
[]|\TU/lmr/m/n/10.95 commitment| 
 []


Underfull \hbox (badness 7451) in paragraph at lines 17003--17003
[]|\TU/lmr/m/n/10.95 right congru-
 []


Underfull \hbox (badness 10000) in paragraph at lines 17003--17004
[]|\TU/lmr/m/n/10.95 worst case,
 []


Underfull \hbox (badness 10000) in paragraph at lines 17005--17007
[]|\TU/lmr/m/n/10.95 Boolean di-
 []


Underfull \hbox (badness 1803) in paragraph at lines 17005--17007
\TU/lmr/m/n/10.95 chotomy (i), Meta-
 []


Underfull \hbox (badness 10000) in paragraph at lines 17007--17007
[]|\TU/lmr/m/n/10.95 any sepa-
 []


Underfull \hbox (badness 7451) in paragraph at lines 17007--17007
[]|\TU/lmr/m/n/10.95 right congru-
 []


Underfull \hbox (badness 10000) in paragraph at lines 17007--17008
[]|\TU/lmr/m/n/10.95 worst case,
 []


Underfull \hbox (badness 10000) in paragraph at lines 17009--17011
[]|\TU/lmr/m/n/10.95 Boolean di-
 []


Underfull \hbox (badness 10000) in paragraph at lines 17011--17011
[]|\TU/lmr/m/n/10.95 any sepa-
 []


Underfull \hbox (badness 7451) in paragraph at lines 17011--17011
[]|\TU/lmr/m/n/10.95 right congru-
 []


Underfull \hbox (badness 10000) in paragraph at lines 17011--17012
[]|\TU/lmr/m/n/10.95 discounted-
 []


Underfull \hbox (badness 10000) in paragraph at lines 17011--17012
\TU/lmr/m/n/10.95 prefix $\OML/cmm/m/it/10.95 ^^V$\TU/lmr/m/n/10.95 -
 []


Underfull \hbox (badness 10000) in paragraph at lines 17011--17012
\TU/lmr/m/n/10.95 average,
 []


Underfull \hbox (badness 5050) in paragraph at lines 17013--17015
[]|\TU/lmr/m/n/10.95 IB identity, Meta-
 []


Underfull \hbox (badness 10000) in paragraph at lines 17015--17016
[]|\TU/lmr/m/n/10.95 stationary,
 []


Underfull \hbox (badness 10000) in paragraph at lines 17016--17016
[]|\TU/lmr/m/n/10.95 information bot-
 []


Underfull \hbox (badness 10000) in paragraph at lines 17019--17020
[]|\TU/lmr/m/n/10.95 stationary,
 []


Underfull \hbox (badness 7397) in paragraph at lines 17020--17020
[]|$\OML/cmm/m/it/10.95 Z$\TU/lmr/m/n/10.95 -predictive dis-
 []


Underfull \hbox (badness 1242) in paragraph at lines 17021--17023
[]|\TU/lmr/m/n/10.95 Controlled IB iden-
 []


Underfull \hbox (badness 10000) in paragraph at lines 17023--17024
[]|\TU/lmr/m/n/10.95 unifilar-
 []


Underfull \hbox (badness 10000) in paragraph at lines 17023--17024
\TU/lmr/m/n/10.95 lumpable
 []


Underfull \hbox (badness 10000) in paragraph at lines 17024--17025
[]|\TU/lmr/m/n/10.95 stationary,
 []


Underfull \hbox (badness 10000) in paragraph at lines 17024--17025
\OMS/cmsy/m/n/10.95 S[]$\TU/lmr/m/n/10.95 , i.i.d.
 []


Underfull \hbox (badness 10000) in paragraph at lines 17026--17028
[]|\TU/lmr/m/n/10.95 Zero controlled
 []


Underfull \hbox (badness 10000) in paragraph at lines 17026--17028
\TU/lmr/m/n/10.95 retention, Theo-
 []


Underfull \hbox (badness 10000) in paragraph at lines 17028--17029
[]|\TU/lmr/m/n/10.95 unifilar-
 []


Underfull \hbox (badness 10000) in paragraph at lines 17028--17029
\TU/lmr/m/n/10.95 lumpable
 []


Underfull \hbox (badness 10000) in paragraph at lines 17029--17030
[]|\TU/lmr/m/n/10.95 stationary,
 []


Underfull \hbox (badness 10000) in paragraph at lines 17029--17030
\OMS/cmsy/m/n/10.95 S[]$\TU/lmr/m/n/10.95 , i.i.d.
 []


Underfull \hbox (badness 2326) in paragraph at lines 17030--17030
[]|\TU/lmr/m/n/10.95 stable kernel re-
 []


Underfull \hbox (badness 4291) in paragraph at lines 17031--17033
[]|\TU/lmr/m/n/10.95 Quadratic converse,
 []


Underfull \hbox (badness 10000) in paragraph at lines 17033--17034
[]|\TU/lmr/m/n/10.95 stationary,
 []


Underfull \hbox (badness 10000) in paragraph at lines 17037--17037
[]|\TU/lmr/m/n/10.95 unrestricted
 []


Underfull \hbox (badness 10000) in paragraph at lines 17037--17038
[]|\TU/lmr/m/n/10.95 operator
 []


Underfull \hbox (badness 10000) in paragraph at lines 17038--17038
[]|\TU/lmr/m/n/10.95 Eckart–Young–
 []


Underfull \hbox (badness 10000) in paragraph at lines 17039--17041
[]|\TU/lmr/m/n/10.95 Structured ground-
 []


Underfull \hbox (badness 10000) in paragraph at lines 17041--17041
[]|\TU/lmr/m/n/10.95 Hankel-
 []


Underfull \hbox (badness 10000) in paragraph at lines 17041--17041
\TU/lmr/m/n/10.95 restricted,
 []


Underfull \hbox (badness 10000) in paragraph at lines 17041--17042
[]|\TU/lmr/m/n/10.95 worst case,
 []


Underfull \hbox (badness 10000) in paragraph at lines 17042--17042
[]|\TU/lmr/m/n/10.95 Adamjan–Arov–
 []


Underfull \hbox (badness 8151) in paragraph at lines 17042--17042
\TU/lmr/m/n/10.95 Krein, given a
 []


Underfull \hbox (badness 10000) in paragraph at lines 17042--17042
\TU/lmr/m/n/10.95 shift-intertwining
 []


Underfull \hbox (badness 10000) in paragraph at lines 17043--17045
[]|\TU/lmr/m/n/10.95 Determinism gap,
 []


Underfull \hbox (badness 10000) in paragraph at lines 17045--17046
[]|\TU/lmr/m/n/10.95 worst case,
 []


Underfull \hbox (badness 10000) in paragraph at lines 17049--17050
[]|\TU/lmr/m/n/10.95 stationary,
 []


Underfull \hbox (badness 10000) in paragraph at lines 17050--17051
[]|\TU/lmr/m/n/10.95 information bot-
 []


Underfull \hbox (badness 2368) in paragraph at lines 17069--17071
[]|\TU/lmr/m/n/10.95 Persistent-stream upper
 []


Underfull \hbox (badness 10000) in paragraph at lines 17073--17075
[]|\TU/lmr/m/n/10.95 Persistent-stream lower
 []


Underfull \hbox (badness 10000) in paragraph at lines 17076--17077
[]|$\OT1/cmr/m/n/10.95 
(\OML/cmm/m/it/10.95 M [] M\OT1/cmr/m/n/10.95 )$\TU/lmr/m/n/10.95 , de-
 []


Underfull \hbox (badness 10000) in paragraph at lines 17076--17077
\TU/lmr/m/n/10.95 terministic; ex-
 []


Underfull \hbox (badness 10000) in paragraph at lines 17076--17077
\TU/lmr/m/n/10.95 pectation and
 []


Underfull \hbox (badness 10000) in paragraph at lines 17078--17080
[]|\TU/lmr/m/n/10.95 Binary-input lower
 []


Underfull \hbox (badness 10000) in paragraph at lines 17081--17081
[]|$\OT1/cmr/m/n/10.95 
(\OML/cmm/m/it/10.95 M [] M\OT1/cmr/m/n/10.95 )$\TU/lmr/m/n/10.95 , con-
 []


Underfull \hbox (badness 3354) in paragraph at lines 17082--17084
[]|\TU/lmr/m/n/10.95 Agnostic regret, Theo-
 []


Underfull \hbox (badness 10000) in paragraph at lines 17086--17088
[]|\TU/lmr/m/n/10.95 Active upper bound,
 []


Underfull \hbox (badness 10000) in paragraph at lines 17092--17092
[]|\TU/lmr/m/n/10.95 active identifica-
 []


Underfull \hbox (badness 10000) in paragraph at lines 17094--17096
[]|\TU/lmr/m/n/10.95 Active additive
 []


Underfull \hbox (badness 10000) in paragraph at lines 17094--17096
\TU/lmr/m/n/10.95 lower bound, Theo-
 []


Underfull \hbox (badness 10000) in paragraph at lines 17096--17096
[]|\TU/lmr/m/n/10.95 active identifica-
 []


Underfull \hbox (badness 10000) in paragraph at lines 17097--17098
[]|\TU/lmr/m/n/10.95 conditional on
 []


Underfull \hbox (badness 10000) in paragraph at lines 17097--17098
\TU/lmr/m/n/10.95 direct-sum satura-
 []


Underfull \hbox (badness 1270) in paragraph at lines 17097--17098
\TU/lmr/m/n/10.95 tion; witnessed by
 []


Underfull \hbox (badness 2293) in paragraph at lines 17097--17098
\TU/lmr/m/n/10.95 the two-component
 []


Underfull \hbox (badness 10000) in paragraph at lines 17097--17098
\TU/lmr/m/n/10.95 construction of
 []


Underfull \hbox (badness 10000) in paragraph at lines 17100--17100
[]|\TU/lmr/m/n/10.95 active identifica-
 []

[218] [219] [220] [221]
Underfull \hbox (badness 1270) in paragraph at lines 17266--17270
[]\TU/lmr/m/n/12 Active upper bound $\OML/cmm/m/it/12 O\OT1/cmr/m/n/12 (\OML/cm
m/m/it/12 E[]\OT1/cmr/m/n/12 (\OML/cmm/m/it/12 M\OT1/cmr/m/n/12 ))$ \TU/lmr/m/n
/12 under objective (RI) (Theorem [][]13.27[][](I)), and
 []

[222] [223] [224] [225] [226] [227] [228] [229] [230] [231] [232] [233]
[234] (automata_unified_revised_v6.aux)
Package rerunfilecheck Info: File `automata_unified_revised_v6.out' has not cha
nged.
(rerunfilecheck)             Checksum: 2066BFB87DB5A147835D50B00336C8AA;25250.
 )
Output written on automata_unified_revised_v6.xdv (234 pages, 5103412 bytes).
