**
(automata_unified_revised.tex
LaTeX2e <2021-11-15> patch level 1
L3 programming layer <2022-02-24> (article.cls
Document Class: article 2021/10/04 v1.4n Standard LaTeX document class
(size12.clo
File: size12.clo 2021/10/04 v1.4n Standard LaTeX file (size option)
)
\c@part=\count181
\c@section=\count182
\c@subsection=\count183
\c@subsubsection=\count184
\c@paragraph=\count185
\c@subparagraph=\count186
\c@figure=\count187
\c@table=\count188
\abovecaptionskip=\skip47
\belowcaptionskip=\skip48
\bibindent=\dimen138
) (amsmath.sty
Package: amsmath 2021/10/15 v2.17l AMS math features
\@mathmargin=\skip49

For additional information on amsmath, use the `?' option.
(amstext.sty
Package: amstext 2021/08/26 v2.01 AMS text
 (amsgen.sty
File: amsgen.sty 1999/11/30 v2.0 generic functions
\@emptytoks=\toks16
\ex@=\dimen139
)) (amsbsy.sty
Package: amsbsy 1999/11/29 v1.2d Bold Symbols
\pmbraise@=\dimen140
) (amsopn.sty
Package: amsopn 2021/08/26 v2.02 operator names
)
\inf@bad=\count189
LaTeX Info: Redefining \frac on input line 234.
\uproot@=\count190
\leftroot@=\count191
LaTeX Info: Redefining \overline on input line 399.
\classnum@=\count192
\DOTSCASE@=\count193
LaTeX Info: Redefining \ldots on input line 496.
LaTeX Info: Redefining \dots on input line 499.
LaTeX Info: Redefining \cdots on input line 620.
\Mathstrutbox@=\box50
\strutbox@=\box51
\big@size=\dimen141
LaTeX Font Info:    Redeclaring font encoding OML on input line 743.
LaTeX Font Info:    Redeclaring font encoding OMS on input line 744.
\macc@depth=\count194
\c@MaxMatrixCols=\count195
\dotsspace@=\muskip16
\c@parentequation=\count196
\dspbrk@lvl=\count197
\tag@help=\toks17
\row@=\count198
\column@=\count199
\maxfields@=\count266
\andhelp@=\toks18
\eqnshift@=\dimen142
\alignsep@=\dimen143
\tagshift@=\dimen144
\tagwidth@=\dimen145
\totwidth@=\dimen146
\lineht@=\dimen147
\@envbody=\toks19
\multlinegap=\skip50
\multlinetaggap=\skip51
\mathdisplay@stack=\toks20
LaTeX Info: Redefining \[ on input line 2938.
LaTeX Info: Redefining \] on input line 2939.
) (amssymb.sty
Package: amssymb 2013/01/14 v3.01 AMS font symbols

(amsfonts.sty
Package: amsfonts 2013/01/14 v3.01 Basic AMSFonts support
\symAMSa=\mathgroup4
\symAMSb=\mathgroup5
LaTeX Font Info:    Redeclaring math symbol \hbar on input line 98.
LaTeX Font Info:    Overwriting math alphabet `\mathfrak' in version `bold'
(Font)                  U/euf/m/n --> U/euf/b/n on input line 106.
)) (amsthm.sty
Package: amsthm 2020/05/29 v2.20.6
\thm@style=\toks21
\thm@bodyfont=\toks22
\thm@headfont=\toks23
\thm@notefont=\toks24
\thm@headpunct=\toks25
\thm@preskip=\skip52
\thm@postskip=\skip53
\thm@headsep=\skip54
\dth@everypar=\toks26
) (mathtools.sty
Package: mathtools 2022/02/07 v1.28a mathematical typesetting tools
 (keyval.sty
Package: keyval 2014/10/28 v1.15 key=value parser (DPC)
\KV@toks@=\toks27
) (calc.sty
Package: calc 2017/05/25 v4.3 Infix arithmetic (KKT,FJ)
\calc@Acount=\count267
\calc@Bcount=\count268
\calc@Adimen=\dimen148
\calc@Bdimen=\dimen149
\calc@Askip=\skip55
\calc@Bskip=\skip56
LaTeX Info: Redefining \setlength on input line 80.
LaTeX Info: Redefining \addtolength on input line 81.
\calc@Ccount=\count269
\calc@Cskip=\skip57
)
(mhsetup.sty
Package: mhsetup 2021/03/18 v1.4 programming setup (MH)
)
\g_MT_multlinerow_int=\count270
\l_MT_multwidth_dim=\dimen150
\origjot=\skip58
\l_MT_shortvdotswithinadjustabove_dim=\dimen151
\l_MT_shortvdotswithinadjustbelow_dim=\dimen152
\l_MT_above_intertext_sep=\dimen153
\l_MT_below_intertext_sep=\dimen154
\l_MT_above_shortintertext_sep=\dimen155
\l_MT_below_shortintertext_sep=\dimen156
\xmathstrut@box=\box52
\xmathstrut@dim=\dimen157
) (enumitem.sty
Package: enumitem 2019/06/20 v3.9 Customized lists
\labelindent=\skip59
\enit@outerparindent=\dimen158
\enit@toks=\toks28
\enit@inbox=\box53
\enit@count@id=\count271
\enitdp@description=\count272
) (booktabs.sty
Package: booktabs 2020/01/12 v1.61803398 Publication quality tables
\heavyrulewidth=\dimen159
\lightrulewidth=\dimen160
\cmidrulewidth=\dimen161
\belowrulesep=\dimen162
\belowbottomsep=\dimen163
\aboverulesep=\dimen164
\abovetopsep=\dimen165
\cmidrulesep=\dimen166
\cmidrulekern=\dimen167
\defaultaddspace=\dimen168
\@cmidla=\count273
\@cmidlb=\count274
\@aboverulesep=\dimen169
\@belowrulesep=\dimen170
\@thisruleclass=\count275
\@lastruleclass=\count276
\@thisrulewidth=\dimen171
) (array.sty
Package: array 2021/10/04 v2.5f Tabular extension package (FMi)
\col@sep=\dimen172
\ar@mcellbox=\box54
\extrarowheight=\dimen173
\NC@list=\toks29
\extratabsurround=\skip60
\backup@length=\skip61
\ar@cellbox=\box55
) (geometry.sty
Package: geometry 2020/01/02 v5.9 Page Geometry

(ifvtex.sty
Package: ifvtex 2019/10/25 v1.7 ifvtex legacy package. Use iftex instead.
 (iftex.sty
Package: iftex 2022/02/03 v1.0f TeX engine tests
))
\Gm@cnth=\count277
\Gm@cntv=\count278
\c@Gm@tempcnt=\count279
\Gm@bindingoffset=\dimen174
\Gm@wd@mp=\dimen175
\Gm@odd@mp=\dimen176
\Gm@even@mp=\dimen177
\Gm@layoutwidth=\dimen178
\Gm@layoutheight=\dimen179
\Gm@layouthoffset=\dimen180
\Gm@layoutvoffset=\dimen181
\Gm@dimlist=\toks30
) (parskip.sty
Package: parskip 2021-03-14 v2.0h non-zero parskip adjustments
 (kvoptions.sty
Package: kvoptions 2020-10-07 v3.14 Key value format for package options (HO)
 (ltxcmds.sty
Package: ltxcmds 2020-05-10 v1.25 LaTeX kernel commands for general use (HO)
)
(kvsetkeys.sty
Package: kvsetkeys 2019/12/15 v1.18 Key value parser (HO)
)) (etoolbox.sty
Package: etoolbox 2020/10/05 v2.5k e-TeX tools for LaTeX (JAW)
\etb@tempcnta=\count280
)) (xcolor.sty
Package: xcolor 2021/10/31 v2.13 LaTeX color extensions (UK)
 (color.cfg
File: color.cfg 2016/01/02 v1.6 sample color configuration
)
Package xcolor Info: Driver file: xetex.def on input line 227.
 (xetex.def
File: xetex.def 2021/03/18 v5.0k Graphics/color driver for xetex
)
Package xcolor Info: Model `cmy' substituted by `cmy0' on input line 1352.
Package xcolor Info: Model `RGB' extended on input line 1368.
Package xcolor Info: Model `HTML' substituted by `rgb' on input line 1370.
Package xcolor Info: Model `Hsb' substituted by `hsb' on input line 1371.
Package xcolor Info: Model `tHsb' substituted by `hsb' on input line 1372.
Package xcolor Info: Model `HSB' substituted by `hsb' on input line 1373.
Package xcolor Info: Model `Gray' substituted by `gray' on input line 1374.
Package xcolor Info: Model `wave' substituted by `hsb' on input line 1375.
)
(hyperref.sty
Package: hyperref 2022-02-21 v7.00n Hypertext links for LaTeX
 (pdftexcmds.sty
Package: pdftexcmds 2020-06-27 v0.33 Utility functions of pdfTeX for LuaTeX (HO
)
 (infwarerr.sty
Package: infwarerr 2019/12/03 v1.5 Providing info/warning/error messages (HO)
)
Package pdftexcmds Info: \pdf@primitive is available.
Package pdftexcmds Info: \pdf@ifprimitive is available.
Package pdftexcmds Info: \pdfdraftmode not found.
) (kvdefinekeys.sty
Package: kvdefinekeys 2019-12-19 v1.6 Define keys (HO)
)
(pdfescape.sty
Package: pdfescape 2019/12/09 v1.15 Implements pdfTeX's escape features (HO)
) (hycolor.sty
Package: hycolor 2020-01-27 v1.10 Color options for hyperref/bookmark (HO)
) (letltxmacro.sty
Package: letltxmacro 2019/12/03 v1.6 Let assignment for LaTeX macros (HO)
) (auxhook.sty
Package: auxhook 2019-12-17 v1.6 Hooks for auxiliary files (HO)
)
\@linkdim=\dimen182
\Hy@linkcounter=\count281
\Hy@pagecounter=\count282
 (pd1enc.def
File: pd1enc.def 2022-02-21 v7.00n Hyperref: PDFDocEncoding definition (HO)
)
(intcalc.sty
Package: intcalc 2019/12/15 v1.3 Expandable calculations with integers (HO)
) (etexcmds.sty
Package: etexcmds 2019/12/15 v1.7 Avoid name clashes with e-TeX commands (HO)
)
\Hy@SavedSpaceFactor=\count283
 (puenc.def
File: puenc.def 2022-02-21 v7.00n Hyperref: PDF Unicode definition (HO)
)
Package hyperref Info: Option `colorlinks' set `true' on input line 4018.
Package hyperref Info: Hyper figures OFF on input line 4137.
Package hyperref Info: Link nesting OFF on input line 4142.
Package hyperref Info: Hyper index ON on input line 4145.
Package hyperref Info: Plain pages OFF on input line 4152.
Package hyperref Info: Backreferencing OFF on input line 4157.
Package hyperref Info: Implicit mode ON; LaTeX internals redefined.
Package hyperref Info: Bookmarks ON on input line 4390.
\c@Hy@tempcnt=\count284
 (url.sty
\Urlmuskip=\muskip17
Package: url 2013/09/16  ver 3.4  Verb mode for urls, etc.
)
LaTeX Info: Redefining \url on input line 4749.
\XeTeXLinkMargin=\dimen183
 (bitset.sty
Package: bitset 2019/12/09 v1.3 Handle bit-vector datatype (HO)
 (bigintcalc.sty
Package: bigintcalc 2019/12/15 v1.5 Expandable calculations on big integers (HO
)
))
\Fld@menulength=\count285
\Field@Width=\dimen184
\Fld@charsize=\dimen185
Package hyperref Info: Hyper figures OFF on input line 6027.
Package hyperref Info: Link nesting OFF on input line 6032.
Package hyperref Info: Hyper index ON on input line 6035.
Package hyperref Info: backreferencing OFF on input line 6042.
Package hyperref Info: Link coloring ON on input line 6045.
Package hyperref Info: Link coloring with OCG OFF on input line 6052.
Package hyperref Info: PDF/A mode OFF on input line 6057.
LaTeX Info: Redefining \ref on input line 6097.
LaTeX Info: Redefining \pageref on input line 6101.
 (atbegshi-ltx.sty
Package: atbegshi-ltx 2021/01/10 v1.0c Emulation of the original atbegshi
package with kernel methods
)
\Hy@abspage=\count286
\c@Item=\count287
\c@Hfootnote=\count288
)
Package hyperref Info: Driver (autodetected): hxetex.
 (hxetex.def
File: hxetex.def 2022-02-21 v7.00n Hyperref driver for XeTeX
 (stringenc.sty
Package: stringenc 2019/11/29 v1.12 Convert strings between diff. encodings (HO
)
)
\pdfm@box=\box56
\c@Hy@AnnotLevel=\count289
\HyField@AnnotCount=\count290
\Fld@listcount=\count291
\c@bookmark@seq@number=\count292
 (rerunfilecheck.sty
Package: rerunfilecheck 2019/12/05 v1.9 Rerun checks for auxiliary files (HO)

(atveryend-ltx.sty
Package: atveryend-ltx 2020/08/19 v1.0a Emulation of the original atveryend pac
kage
with kernel methods
) (uniquecounter.sty
Package: uniquecounter 2019/12/15 v1.4 Provide unlimited unique counter (HO)
)
Package uniquecounter Info: New unique counter `rerunfilecheck' on input line 2
86.
)
\Hy@SectionHShift=\skip62
)
\c@theorem=\count293
 (l3backend-xetex.def
File: l3backend-xetex.def 2022-02-07 L3 backend support: XeTeX
\c__kernel_sys_dvipdfmx_version_int=\count294
\l__color_backend_stack_int=\count295
\g__color_backend_stack_int=\count296
\g__graphics_track_int=\count297
\l__pdf_internal_box=\box57
\g__pdf_backend_object_int=\count298
\g__pdf_backend_annotation_int=\count299
\g__pdf_backend_link_int=\count300
)
(automata_unified_revised.aux)
\openout1 = `automata_unified_revised.aux'.

LaTeX Font Info:    Checking defaults for OML/cmm/m/it on input line 114.
LaTeX Font Info:    ... okay on input line 114.
LaTeX Font Info:    Checking defaults for OMS/cmsy/m/n on input line 114.
LaTeX Font Info:    ... okay on input line 114.
LaTeX Font Info:    Checking defaults for OT1/cmr/m/n on input line 114.
LaTeX Font Info:    ... okay on input line 114.
LaTeX Font Info:    Checking defaults for T1/cmr/m/n on input line 114.
LaTeX Font Info:    ... okay on input line 114.
LaTeX Font Info:    Checking defaults for TS1/cmr/m/n on input line 114.
LaTeX Font Info:    Trying to load font information for TS1+cmr on input line 1
14.
 (ts1cmr.fd
File: ts1cmr.fd 2019/12/16 v2.5j Standard LaTeX font definitions
)
LaTeX Font Info:    ... okay on input line 114.
LaTeX Font Info:    Checking defaults for TU/lmr/m/n on input line 114.
LaTeX Font Info:    ... okay on input line 114.
LaTeX Font Info:    Checking defaults for OMX/cmex/m/n on input line 114.
LaTeX Font Info:    ... okay on input line 114.
LaTeX Font Info:    Checking defaults for U/cmr/m/n on input line 114.
LaTeX Font Info:    ... okay on input line 114.
LaTeX Font Info:    Checking defaults for PD1/pdf/m/n on input line 114.
LaTeX Font Info:    ... okay on input line 114.
LaTeX Font Info:    Checking defaults for PU/pdf/m/n on input line 114.
LaTeX Font Info:    ... okay on input line 114.
 (graphicx.sty
Package: graphicx 2021/09/16 v1.2d Enhanced LaTeX Graphics (DPC,SPQR)
 (graphics.sty
Package: graphics 2021/03/04 v1.4d Standard LaTeX Graphics (DPC,SPQR)

(trig.sty
Package: trig 2021/08/11 v1.11 sin cos tan (DPC)
) (graphics.cfg
File: graphics.cfg 2016/06/04 v1.11 sample graphics configuration
)
Package graphics Info: Driver file: xetex.def on input line 107.
)
\Gin@req@height=\dimen186
\Gin@req@width=\dimen187
)
*geometry* driver: auto-detecting
*geometry* detected driver: xetex
*geometry* verbose mode - [ preamble ] result:
* driver: xetex
* paper: <default>
* layout: <same size as paper>
* layoutoffset:(h,v)=(0.0pt,0.0pt)
* modes: 
* h-part:(L,W,R)=(72.26999pt, 469.75502pt, 72.26999pt)
* v-part:(T,H,B)=(72.26999pt, 650.43001pt, 72.26999pt)
* \paperwidth=614.295pt
* \paperheight=794.96999pt
* \textwidth=469.75502pt
* \textheight=650.43001pt
* \oddsidemargin=0.0pt
* \evensidemargin=0.0pt
* \topmargin=-37.0pt
* \headheight=12.0pt
* \headsep=25.0pt
* \topskip=12.0pt
* \footskip=30.0pt
* \marginparwidth=44.0pt
* \marginparsep=10.0pt
* \columnsep=10.0pt
* \skip\footins=10.8pt plus 4.0pt minus 2.0pt
* \hoffset=0.0pt
* \voffset=0.0pt
* \mag=1000
* \@twocolumnfalse
* \@twosidefalse
* \@mparswitchfalse
* \@reversemarginfalse
* (1in=72.27pt=25.4mm, 1cm=28.453pt)

Package hyperref Info: Link coloring ON on input line 114.
(nameref.sty
Package: nameref 2021-04-02 v2.47 Cross-referencing by name of section
 (refcount.sty
Package: refcount 2019/12/15 v3.6 Data extraction from label references (HO)
) (gettitlestring.sty
Package: gettitlestring 2019/12/15 v1.6 Cleanup title references (HO)
)
\c@section@level=\count301
)
LaTeX Info: Redefining \ref on input line 114.
LaTeX Info: Redefining \pageref on input line 114.
LaTeX Info: Redefining \nameref on input line 114.
 (automata_unified_revised.out) (automata_unified_revised.out)
\@outlinefile=\write3
\openout3 = `automata_unified_revised.out'.

LaTeX Font Info:    Trying to load font information for U+msa on input line 116
.
 (umsa.fd
File: umsa.fd 2013/01/14 v3.01 AMS symbols A
)
LaTeX Font Info:    Trying to load font information for U+msb on input line 116
.
 (umsb.fd
File: umsb.fd 2013/01/14 v3.01 AMS symbols B
) [1

]
Overfull \hbox (4.2316pt too wide) in paragraph at lines 201--216
[]\TU/lmr/m/n/10.95 The computational-complexity theory gives NP-completeness f
or Gaussian quadratic
 []


Overfull \hbox (3.61508pt too wide) in paragraph at lines 217--231
[]\TU/lmr/m/n/10.95 The temporal theory distinguishes three protocols: reset-wo
rd prediction, persistent-
 []

[2] (automata_unified_revised.toc [3] [4] [5])
\tf@toc=\write4
\openout4 = `automata_unified_revised.toc'.

 [6] [7] [8] [9] [10] [11]
[12]

Package hyperref Warning: Token not allowed in a PDF string (Unicode):
(hyperref)                removing `math shift' on input line 822.


Package hyperref Warning: Token not allowed in a PDF string (Unicode):
(hyperref)                removing `math shift' on input line 822.


Package hyperref Warning: Token not allowed in a PDF string (Unicode):
(hyperref)                removing `math shift' on input line 822.


Package hyperref Warning: Token not allowed in a PDF string (Unicode):
(hyperref)                removing `math shift' on input line 822.

[13]

Package hyperref Warning: Token not allowed in a PDF string (Unicode):
(hyperref)                removing `math shift' on input line 891.


Package hyperref Warning: Token not allowed in a PDF string (Unicode):
(hyperref)                removing `math shift' on input line 891.

[14] [15] [16] [17] [18] [19] [20] [21] [22] [23] [24]
Overfull \hbox (0.3517pt too wide) in paragraph at lines 1829--1830
[][]\TU/lmr/bx/n/12 Definition 3.14 \TU/lmr/m/n/12 (Stationary Controlled Causa
l Machine)\TU/lmr/bx/n/12 . []\TU/lmr/m/n/12 A \TU/lmr/bx/n/12 stationary contr
olled causal
 []

[25] [26] [27] [28] [29] [30] [31]
Overfull \hbox (61.25218pt too wide) in paragraph at lines 2349--2363
[]\TU/lmr/bx/n/12 Typed variational schema. \TU/lmr/m/n/12 Every regime gap has
 the shape $\OT1/cmr/m/n/12 ^^A[](\OML/cmm/m/it/12 M\OT1/cmr/m/n/12 ) = [][] \O
MS/cmsy/m/n/12 L\OT1/cmr/m/n/12 (\OML/cmm/m/it/12 ^^N; B\OT1/cmr/m/n/12 )$\TU/l
mr/m/n/12 ,
 []

[32] [33] [34] [35] [36] [37] [38] [39] [40]
Overfull \hbox (7.13702pt too wide) in paragraph at lines 3108--3113
[][]\TU/lmr/bx/n/12 Remark 4.16 \TU/lmr/m/n/12 (Role of the Right-Congruence Co
nstraint)\TU/lmr/bx/n/12 . []\TU/lmr/m/n/12 The identity in Meta-Theorem [][]4.
14[][]
 []

LaTeX Font Info:    Trying to load font information for U+euf on input line 313
6.
(ueuf.fd
File: ueuf.fd 2013/01/14 v3.01 Euler Fraktur
) [41]
Overfull \hbox (70.76102pt too wide) in paragraph at lines 3174--3192
 [] 
 []

[42] [43] [44] [45] [46] [47] [48]
Overfull \hbox (2.89696pt too wide) in paragraph at lines 3780--3784
[][]\TU/lmr/bx/n/12 Remark 5.10 \TU/lmr/m/n/12 (Scope of the Spectral Theorem)\
TU/lmr/bx/n/12 . []\TU/lmr/m/n/12 The theorem is a statement about $\OT1/cmr/m/
n/12 ^^A[](\OML/cmm/m/it/12 M\OT1/cmr/m/n/12 )$\TU/lmr/m/n/12 ,
 []

[49] [50] [51] [52] [53] [54] [55]
Overfull \hbox (2.72229pt too wide) in paragraph at lines 4371--4379
\TU/lmr/m/n/12 within-block covariance of the $\OML/cmm/m/it/12 ^^Q[]$\TU/lmr/m
/n/12 . The ANOVA decomposition $\OT1/cmr/m/n/12 ^^F[] = \OML/cmm/m/it/12 W[] \
OT1/cmr/m/n/12 + \OML/cmm/m/it/12 B[]$ \TU/lmr/m/n/12 with $[]\OT1/cmr/m/n/12 (
\OML/cmm/m/it/12 B[]\OT1/cmr/m/n/12 ) \OMS/cmsy/m/n/12 ^^T
 []

[56] [57] [58] [59] [60] [61] [62] [63] [64]
Overfull \hbox (6.80577pt too wide) detected at line 5072
\OML/cmm/m/it/12 ^^\\OT1/cmr/m/n/12 (\OML/cmm/m/it/12 A; \OT1/cmr/m/n/12 0) = \
OML/cmm/m/it/12 A;  ^^\\OT1/cmr/m/n/12 (\OML/cmm/m/it/12 A; \OT1/cmr/m/n/12 1) 
= \OML/cmm/m/it/12 C;  ^^\\OT1/cmr/m/n/12 (\OML/cmm/m/it/12 B; \OT1/cmr/m/n/12 
0) = \OML/cmm/m/it/12 C;  ^^\\OT1/cmr/m/n/12 (\OML/cmm/m/it/12 B; \OT1/cmr/m/n/
12 1) = \OML/cmm/m/it/12 B;  ^^\\OT1/cmr/m/n/12 (\OML/cmm/m/it/12 C; \OT1/cmr/m
/n/12 0) = \OML/cmm/m/it/12 A;  ^^\\OT1/cmr/m/n/12 (\OML/cmm/m/it/12 C; \OT1/cm
r/m/n/12 1) = \OML/cmm/m/it/12 B:
 []

[65] [66] [67] [68] [69] [70] [71] [72] [73] [74]
Overfull \hbox (9.6437pt too wide) in paragraph at lines 5820--5824
[][]\TU/lmr/bx/n/12 Theorem 5.57 \TU/lmr/m/n/12 (Promise NP-Hardness of Finite-
Alphabet Full-KL Retention)\TU/lmr/bx/n/12 . []\TU/lmr/m/it/12 Finite-alphabet
 []

[75] [76] [77] [78]

LaTeX Font Warning: Font shape `TU/lmr/m/scit' undefined
(Font)              using `TU/lmr/m/scsl' instead on input line 6073.


Overfull \hbox (75.44267pt too wide) detected at line 6076
[] \OT1/cmr/m/n/12 :  []\OML/cmm/m/it/12 R[]s;  []R \OMS/cmsy/m/n/12 ^^U \OML/c
mm/m/it/12 e[]:
 []

[79] [80] [81] [82]
Overfull \hbox (12.40726pt too wide) detected at line 6445
[] \OML/cmm/m/it/12 ^^V\OT1/cmr/m/n/12 (\OML/cmm/m/it/12 u\OT1/cmr/m/n/12 ) \OT
1/cmr/bx/n/12 1\OMS/cmsy/m/n/12 f\OML/cmm/m/it/12 ^^Z\OT1/cmr/m/n/12 (\OML/cmm/
m/it/12 k; a\OT1/cmr/m/n/12 ) \OMS/cmsy/m/n/12 6\OT1/cmr/m/n/12 = \OML/cmm/m/it
/12 F\OT1/cmr/m/n/12 (\OML/cmm/m/it/12 u\OT1/cmr/m/n/12 )[]\OMS/cmsy/m/n/12 g \
OT1/cmr/m/n/12 = \OML/cmm/m/it/12 ^^V\OT1/cmr/m/n/12 (\OML/cmm/m/it/12 k; a\OT1
/cmr/m/n/12 )[]1 \OMS/cmsy/m/n/12 ^^@ \OML/cmm/m/it/12 q[]\OT1/cmr/m/n/12 (\OML
/cmm/m/it/12 ^^Z\OT1/cmr/m/n/12 (\OML/cmm/m/it/12 k; a\OT1/cmr/m/n/12 ))[] \OMS
/cmsy/m/n/12 ^^U \OML/cmm/m/it/12 ^^V\OT1/cmr/m/n/12 (\OML/cmm/m/it/12 k; a\OT1
/cmr/m/n/12 )[]1 \OMS/cmsy/m/n/12 ^^@ [] \OML/cmm/m/it/12 q[]\OT1/cmr/m/n/12 (\
OML/cmm/m/it/12 o\OT1/cmr/m/n/12 )[]\OML/cmm/m/it/12 ;
 []

[83] [84] [85] [86] [87] [88]
Overfull \hbox (1.36235pt too wide) in paragraph at lines 6927--6931
\TU/lmr/m/it/12 alternating-move value $\OML/cmm/m/it/12 V[]$\TU/lmr/m/it/12 , 
which in the stateless case satisfies $\OML/cmm/m/it/12 V[] \OT1/cmr/m/n/12 = [
][][] [][] \OML/cmm/m/it/12 r\OT1/cmr/m/n/12 (\OML/cmm/m/it/12 a; b\OT1/cmr/m/n
/12 )[]\OML/cmm/m/it/12 =\OT1/cmr/m/n/12 (1 \OMS/cmsy/m/n/12 ^^@
 []

[89]
Overfull \hbox (12.1486pt too wide) detected at line 6954
\OML/cmm/m/it/12 ^^K\OT1/cmr/m/n/12 (\OML/cmm/m/it/12 q\OT1/cmr/m/n/12 ) = \OML
/cmm/m/it/12 V[] \OMS/cmsy/m/n/12 ^^@ [] [][]\OML/cmm/m/it/12 r\OT1/cmr/m/n/12 
(\OML/cmm/m/it/12 a; b\OT1/cmr/m/n/12 ) + \OML/cmm/m/it/12 ^^MV[][] \OT1/cmr/m/
n/12 = \OML/cmm/m/it/12 V[] \OMS/cmsy/m/n/12 ^^@ \OML/cmm/m/it/12 ^^MV[] \OMS/c
msy/m/n/12 ^^@ [] [] \OML/cmm/m/it/12 r\OT1/cmr/m/n/12 (\OML/cmm/m/it/12 a; b\O
T1/cmr/m/n/12 ) = (1 \OMS/cmsy/m/n/12 ^^@ \OML/cmm/m/it/12 ^^M\OT1/cmr/m/n/12 )
\OML/cmm/m/it/12 V[] \OMS/cmsy/m/n/12 ^^@ \OML/cmm/m/it/12 m[] \OT1/cmr/m/n/12 
= \OML/cmm/m/it/12 m[] \OMS/cmsy/m/n/12 ^^@ \OML/cmm/m/it/12 m[];
 []


Package hyperref Warning: Token not allowed in a PDF string (Unicode):
(hyperref)                removing `math shift' on input line 6992.


Package hyperref Warning: Token not allowed in a PDF string (Unicode):
(hyperref)                removing `\alpha' on input line 6992.


Package hyperref Warning: Token not allowed in a PDF string (Unicode):
(hyperref)                removing `math shift' on input line 6992.

[90] [91]
Overfull \hbox (4.50041pt too wide) in paragraph at lines 7147--7152
[]\TU/lmr/m/n/12 Accordingly, commitment replaces ordinary rank by the determin
istic Boolean rank $[][] \OML/cmm/m/it/12 N[]$
 []

[92]
Overfull \hbox (0.64772pt too wide) in paragraph at lines 7219--7220
[][]\TU/lmr/bx/n/12 Remark 7.2 \TU/lmr/m/n/12 (Algebraic Hankel Rank Versus Bou
nded-Operator Rank)\TU/lmr/bx/n/12 . []\TU/lmr/m/n/12 A finite-dimensional
 []

[93] [94]
Overfull \hbox (18.78897pt too wide) in paragraph at lines 7410--7419
[]\TU/lmr/m/n/12 If $[]\OT1/cmr/m/n/12 (\OML/cmm/m/it/12 H\OT1/cmr/m/n/12 ) \OM
S/cmsy/m/n/12 ^^T \OML/cmm/m/it/12 M$\TU/lmr/m/n/12 , then $\OML/cmm/m/it/12 H$
 \TU/lmr/m/n/12 itself is an admissible structured approximant, so $\OT1/cmr/m/
n/12 ^^A[](\OML/cmm/m/it/12 M\OT1/cmr/m/n/12 ) =
 []

[95] [96] [97] [98]
Overfull \hbox (1.56711pt too wide) in paragraph at lines 7648--7651
\TU/lmr/m/n/12 is for the unrestricted rank-$\OML/cmm/m/it/12 M$ \TU/lmr/m/n/12
 operator-norm approximation problem. The Hankel-structured
 []


Overfull \hbox (16.48105pt too wide) in paragraph at lines 7677--7680
[][]\TU/lmr/bx/n/12 Remark 7.18 \TU/lmr/m/n/12 (AAK Scope)\TU/lmr/bx/n/12 . []\
TU/lmr/m/n/12 The default spectral converse is Eckart–Young–Mirsky. Adamjan–
 []

[99] [100] [101] [102] [103]
Overfull \hbox (13.00099pt too wide) in paragraph at lines 8071--8073
[][]\TU/lmr/bx/n/12 Definition 7.27 \TU/lmr/m/n/12 (Discounted Symbolic Groundi
ng Gap)\TU/lmr/bx/n/12 . []\TU/lmr/m/n/12 The \TU/lmr/bx/n/12 discounted symbol
ic ground-
 []

[104] [105] [106]
Overfull \hbox (2.76102pt too wide) in paragraph at lines 8347--8352
[][]\TU/lmr/bx/n/12 Remark 7.33 \TU/lmr/m/n/12 (Deterministic Machines Cannot R
emove Intrinsic Randomness)\TU/lmr/bx/n/12 . []\TU/lmr/m/n/12 The stochas-
 []

[107] [108]
Overfull \hbox (76.11006pt too wide) in paragraph at lines 8458--8468
\TU/lmr/m/n/12 Applying this to every block of $\OMS/cmsy/m/n/12 P[]$ \TU/lmr/m
/n/12 and summing gives $[][] [][] [][] \OML/cmm/m/it/12 w[]\OT1/cmr/m/n/12 (\O
ML/cmm/m/it/12 b\OT1/cmr/m/n/12 ) \OMS/cmsy/m/n/12 ^^U [][] [][] [][] \OML/cmm/
m/it/12 w[]\OT1/cmr/m/n/12 (\OML/cmm/m/it/12 b\OT1/cmr/m/n/12 )$\TU/lmr/m/n/12 
,
 []

[109] [110] [111] [112] [113] [114]

Package hyperref Warning: Token not allowed in a PDF string (Unicode):
(hyperref)                removing `math shift' on input line 8976.


Package hyperref Warning: Token not allowed in a PDF string (Unicode):
(hyperref)                removing `\infty' on input line 8976.


Package hyperref Warning: Token not allowed in a PDF string (Unicode):
(hyperref)                removing `math shift' on input line 8976.

[115]

Package hyperref Warning: Token not allowed in a PDF string (Unicode):
(hyperref)                removing `math shift' on input line 9059.


Package hyperref Warning: Token not allowed in a PDF string (Unicode):
(hyperref)                removing `math shift' on input line 9059.


Package hyperref Warning: Token not allowed in a PDF string (Unicode):
(hyperref)                removing `math shift' on input line 9059.


Package hyperref Warning: Token not allowed in a PDF string (Unicode):
(hyperref)                removing `math shift' on input line 9059.

[116]

Package hyperref Warning: Token not allowed in a PDF string (Unicode):
(hyperref)                removing `math shift' on input line 9146.


Package hyperref Warning: Token not allowed in a PDF string (Unicode):
(hyperref)                removing `math shift' on input line 9146.

[117] [118] [119]
Overfull \hbox (42.38066pt too wide) in paragraph at lines 9408--9413
\TU/lmr/m/n/12 every partition is lumpable, stationary weights proportional to 
$\OT1/cmr/m/n/12 (0\OML/cmm/m/it/12 :\OT1/cmr/m/n/12 0344\OML/cmm/m/it/12 ; \OT
1/cmr/m/n/12 0\OML/cmm/m/it/12 :\OT1/cmr/m/n/12 3506\OML/cmm/m/it/12 ; \OT1/cmr
/m/n/12 0\OML/cmm/m/it/12 :\OT1/cmr/m/n/12 1906\OML/cmm/m/it/12 ; \OT1/cmr/m/n/
12 0\OML/cmm/m/it/12 :\OT1/cmr/m/n/12 2176\OML/cmm/m/it/12 ; \OT1/cmr/m/n/12 0\
OML/cmm/m/it/12 :\OT1/cmr/m/n/12 2068)$\TU/lmr/m/n/12 ,
 []

[120] [121] [122]
Overfull \hbox (0.62993pt too wide) in paragraph at lines 9564--9567
[][]\TU/lmr/bx/n/12 Proposition 9.8 \TU/lmr/m/n/12 (Input-Driven Specialization
)\TU/lmr/bx/n/12 . []\TU/lmr/m/it/12 Let the machine be input-driven, $\OML/cmm
/m/it/12 ^^\\OT1/cmr/m/n/12 (\OML/cmm/m/it/12 s; x; y\OT1/cmr/m/n/12 ) =
 []

[123]
Overfull \hbox (1.05005pt too wide) in paragraph at lines 9712--9714
[][]\TU/lmr/bx/n/12 Proposition 9.12 \TU/lmr/m/n/12 (Fixed-Budget Bias–Variance
 Decomposition)\TU/lmr/bx/n/12 . []\TU/lmr/m/it/12 For any learner $\OMS/cmsy/m
/n/12 A[]$ \TU/lmr/m/it/12 whose
 []

[124] [125] [126] [127] [128] [129] [130] [131] [132] [133] [134]
Overfull \hbox (21.78067pt too wide) in paragraph at lines 10695--10701
[]\TU/lmr/m/it/12 Conclusion. \TU/lmr/m/n/12 The product of two nonincreasing p
ositive functions is nonincreasing, so $\OML/cmm/m/it/12 b\OT1/cmr/m/n/12 (\OML
/cmm/m/it/12 M\OT1/cmr/m/n/12 )\OML/cmm/m/it/12 =b\OT1/cmr/m/n/12 (\OML/cmm/m/i
t/12 M \OMS/cmsy/m/n/12 ^^@
 []

[135]
Overfull \hbox (16.87627pt too wide) in paragraph at lines 10778--10782
[]\OMS/cmsy/m/n/12 f\OML/cmm/m/it/12 a\OT1/cmr/m/n/12 (\OML/cmm/m/it/12 M\OT1/c
mr/m/n/12 )\OML/cmm/m/it/12 ; b\OT1/cmr/m/n/12 (\OML/cmm/m/it/12 M\OT1/cmr/m/n/
12 )\OMS/cmsy/m/n/12 g$ \TU/lmr/m/n/12 because $\OML/cmm/m/it/12 b$ \TU/lmr/m/n
/12 is nondecreasing; if $\OML/cmm/m/it/12 N < M$ \TU/lmr/m/n/12 then $\OML/cmm
/m/it/12 a\OT1/cmr/m/n/12 (\OML/cmm/m/it/12 N\OT1/cmr/m/n/12 ) \OMS/cmsy/m/n/12
 ^^U \OML/cmm/m/it/12 a\OT1/cmr/m/n/12 (\OML/cmm/m/it/12 M\OT1/cmr/m/n/12 ) \OM
S/cmsy/m/n/12 ^^U []f\OML/cmm/m/it/12 a\OT1/cmr/m/n/12 (\OML/cmm/m/it/12 M\OT1/
cmr/m/n/12 )\OML/cmm/m/it/12 ; b\OT1/cmr/m/n/12 (\OML/cmm/m/it/12 M\OT1/cmr/m/n
/12 )\OMS/cmsy/m/n/12 g$
 []

[136]
Overfull \hbox (6.1838pt too wide) in paragraph at lines 10828--10831
[][]\TU/lmr/bx/n/12 Lemma 9.35 \TU/lmr/m/n/12 (The Packing Floor Is an Informat
ion Condition)\TU/lmr/bx/n/12 . []\TU/lmr/m/it/12 Under log loss, let $\OML/cmm
/m/it/12 P[]; [] ; P[]$
 []

[137] [138] [139] [140] [141] [142] [143] [144]
Overfull \hbox (1.90305pt too wide) in paragraph at lines 11471--11479
[][]\TU/lmr/bx/n/12 Remark 10.10 \TU/lmr/m/n/12 (What the Coupling Bound Measur
es)\TU/lmr/bx/n/12 . []\TU/lmr/m/n/12 The quantity $[] [][]$
 []


Overfull \hbox (85.66359pt too wide) detected at line 11537
[][] \OT1/cmr/m/n/12 +\OML/cmm/m/it/12 ^^Z[] \OMS/cmsy/m/n/12 ^^@ \OML/cmm/m/it
/12 ^^Z[] \OT1/cmr/m/n/12 = ([][] \OMS/cmsy/m/n/12 ^^@ [][]\OT1/cmr/m/n/12 ) + 
([][] \OMS/cmsy/m/n/12 ^^@ [][]\OT1/cmr/m/n/12 ) \OMS/cmsy/m/n/12 ^^@ \OT1/cmr/
m/n/12 ([][] \OMS/cmsy/m/n/12 ^^@ [][]\OT1/cmr/m/n/12 ) = [][] \OMS/cmsy/m/n/12
 ^^@ [][] \OT1/cmr/m/n/12 = [][] \OML/cmm/m/it/12 :
 []

[145] [146] [147] [148] [149]
Overfull \hbox (27.39441pt too wide) in paragraph at lines 11943--11945
[]\TU/lmr/bx/n/12 Right-congruence constraint. \TU/lmr/m/n/12 The linear surrog
ate drops the right-congruence/lumpability
 []

[150] [151] [152]

Package hyperref Warning: Token not allowed in a PDF string (Unicode):
(hyperref)                removing `math shift' on input line 12209.


Package hyperref Warning: Token not allowed in a PDF string (Unicode):
(hyperref)                removing `\alpha' on input line 12209.


Package hyperref Warning: Token not allowed in a PDF string (Unicode):
(hyperref)                removing `math shift' on input line 12209.

[153]

Package hyperref Warning: Token not allowed in a PDF string (Unicode):
(hyperref)                removing `math shift' on input line 12248.


Package hyperref Warning: Token not allowed in a PDF string (Unicode):
(hyperref)                removing `\alpha' on input line 12248.


Package hyperref Warning: Token not allowed in a PDF string (Unicode):
(hyperref)                removing `math shift' on input line 12248.

[154] [155] [156] [157] [158] [159] [160]
Overfull \hbox (0.6905pt too wide) in paragraph at lines 12781--12786
[][]\TU/lmr/bx/n/12 Theorem 12.2 \TU/lmr/m/n/12 (Comparative State Complexity)\
TU/lmr/bx/n/12 . []\TU/lmr/m/it/12 Assume every component task $\OML/cmm/m/it/1
2 i \OT1/cmr/m/n/12 = 1\OML/cmm/m/it/12 ; [] ; m$
 []

[161] [162] [163] [164]
Overfull \hbox (4.10127pt too wide) in paragraph at lines 13108--13112
[]\TU/lmr/m/n/12 This is Meta-Theorem [][]4.14[][], with the feasible set restr
icted to safe congruences $\OMS/cmsy/m/n/12 ^^X^^R^^X[]$
 []

[165] [166] [167] [168] [169] [170] [171] [172] [173] [174] [175] [176]
[177] [178] [179] [180] [181]
Overfull \hbox (19.17699pt too wide) in paragraph at lines 14374--14378
\TU/lmr/m/n/12 so the two terms never separate and the additive form carries no
 information beyond $\OT1/cmr/m/n/12 ^^B(\OML/cmm/m/it/12 M [] M\OT1/cmr/m/n/12
 )$\TU/lmr/m/n/12 .
 []

[182] [183] [184] [185] [186] [187] [188] [189] [190] [191] [192] [193]
Overfull \hbox (1.72992pt too wide) in paragraph at lines 15192--15198
[][]\TU/lmr/bx/n/12 Theorem 13.45 \TU/lmr/m/n/12 (Gated Family and Unconditiona
l Active Lower Bound)\TU/lmr/bx/n/12 . []\TU/lmr/m/it/12 Let $\OMS/cmsy/m/n/12 
I \OT1/cmr/m/n/12 = \OMS/cmsy/m/n/12 f\OT1/cmtt/m/n/12 r\OML/cmm/m/it/12 ; \OT1
/cmtt/m/n/12 e\OML/cmm/m/it/12 ; \OT1/cmtt/m/n/12 d\OML/cmm/m/it/12 ; \OT1/cmtt
/m/n/12 c\OMS/cmsy/m/n/12 g$
 []

[194] [195] [196] [197] [198]
Overfull \hbox (6.64368pt too wide) in paragraph at lines 15578--15584
[][]\TU/lmr/bx/n/12 Open Problem 13.49 \TU/lmr/m/n/12 (A Non-Degenerate Two-Ter
m Active Decomposition)\TU/lmr/bx/n/12 . []\TU/lmr/m/n/12 Theorem [][]13.21[][]

 []

[199] [200] [201] [202]
Overfull \hbox (37.64047pt too wide) in paragraph at lines 15855--15866
\TU/lmr/m/n/12 For the lower bound, the minimax theorem for online learning [[]
, []] gives $\OML/cmm/m/it/12 R[] \OT1/cmr/m/n/12 = 
([])$
 []

[203] [204] [205] [206] [207] [208] [209] [210] [211] [212]
Overfull \hbox (35.59953pt too wide) in paragraph at lines 16554--16572
\TU/lmr/m/n/12 divergence family $\OML/cmm/m/it/12 g[]\OT1/cmr/m/n/12 (\OML/cmm
/m/it/12 t\OT1/cmr/m/n/12 ) = (\OML/cmm/m/it/12 t[] \OMS/cmsy/m/n/12 ^^@ \OT1/c
mr/m/n/12 1 \OMS/cmsy/m/n/12 ^^@ \OML/cmm/m/it/12 ^^K\OT1/cmr/m/n/12 (\OML/cmm/
m/it/12 t \OMS/cmsy/m/n/12 ^^@ \OT1/cmr/m/n/12 1))\OML/cmm/m/it/12 =\OT1/cmr/m/
n/12 (\OML/cmm/m/it/12 ^^K\OT1/cmr/m/n/12 (\OML/cmm/m/it/12 ^^K \OMS/cmsy/m/n/1
2 ^^@ \OT1/cmr/m/n/12 1))$ \TU/lmr/m/n/12 through $\OML/cmm/m/it/12 ^^K \OMS/cm
sy/m/n/12 2 f^^@\OT1/cmr/m/n/12 1\OML/cmm/m/it/12 ; \OT1/cmr/m/n/12 0\OML/cmm/m
/it/12 ; []; \OT1/cmr/m/n/12 0\OML/cmm/m/it/12 :\OT1/cmr/m/n/12 9\OML/cmm/m/it/
12 ; \OT1/cmr/m/n/12 0\OML/cmm/m/it/12 :\OT1/cmr/m/n/12 99\OML/cmm/m/it/12 ; \O
T1/cmr/m/n/12 1\OML/cmm/m/it/12 ; \OT1/cmr/m/n/12 1\OML/cmm/m/it/12 :\OT1/cmr/m
/n/12 01\OML/cmm/m/it/12 ; []; \OT1/cmr/m/n/12 2\OML/cmm/m/it/12 ; \OT1/cmr/m/n
/12 3\OMS/cmsy/m/n/12 g$\TU/lmr/m/n/12 ,
 []

[213] [214]
Overfull \hbox (18.75572pt too wide) in paragraph at lines 16718--16722
[][]\TU/lmr/bx/n/12 Remark 15.11 \TU/lmr/m/n/12 (Commitment Vertex)\TU/lmr/bx/n
/12 . []\TU/lmr/m/n/12 Clause II is the cost-face justification for the Boolean
ized
 []

[215]
Overfull \hbox (3.433pt too wide) in paragraph at lines 16814--16815
[][]\TU/lmr/bx/n/12 Remark 15.15 \TU/lmr/m/n/12 (Regime-Specific Consequences)\
TU/lmr/bx/n/12 . []\TU/lmr/m/n/12 The theorem supports the following regime-
 []


Overfull \hbox (146.27783pt too wide) in paragraph at lines 16861--16864
[]$\OT1/cmss/m/n/12 M \OMS/cmsy/m/n/12 2 f[]\OML/cmm/m/it/12 ; []; []^^O[]; []\
OMS/cmsy/m/n/12 g$\TU/lmr/m/n/12 ; 
 []

[216]
Overfull \hbox (392.3921pt too wide) in paragraph at lines 16864--16868
[]$\OT1/cmss/m/n/12 F \OMS/cmsy/m/n/12 2 f[]\OML/cmm/m/it/12 ; []; []; []; []; 
[]M; []\OMS/cmsy/m/n/12 g$\TU/lmr/m/n/12 ; 
 []


Overfull \hbox (4.57132pt too wide) in paragraph at lines 16927--16927
[]|\TU/lmr/bx/n/10.95 Aggregation
 []


Underfull \hbox (badness 10000) in paragraph at lines 16929--16931
[]|\TU/lmr/m/n/10.95 Myhill–Nerode
 []


Underfull \hbox (badness 10000) in paragraph at lines 16929--16931
\TU/lmr/m/n/10.95 threshold, Theo-
 []


Overfull \hbox (3.00194pt too wide) in paragraph at lines 16931--16931
[]|\TU/lmr/m/n/10.95 commitment| 
 []


Underfull \hbox (badness 3312) in paragraph at lines 16931--16931
[]|\TU/lmr/m/n/10.95 right congru-
 []


Underfull \hbox (badness 10000) in paragraph at lines 16931--16932
[]|\TU/lmr/m/n/10.95 worst case,
 []


Underfull \hbox (badness 10000) in paragraph at lines 16933--16935
[]|\TU/lmr/m/n/10.95 Boolean di-
 []


Underfull \hbox (badness 1038) in paragraph at lines 16933--16935
\TU/lmr/m/n/10.95 chotomy (i), Meta-
 []


Underfull \hbox (badness 10000) in paragraph at lines 16935--16935
[]|\TU/lmr/m/n/10.95 any sepa-
 []


Underfull \hbox (badness 3312) in paragraph at lines 16935--16935
[]|\TU/lmr/m/n/10.95 right congru-
 []


Underfull \hbox (badness 10000) in paragraph at lines 16935--16936
[]|\TU/lmr/m/n/10.95 worst case,
 []


Underfull \hbox (badness 10000) in paragraph at lines 16937--16939
[]|\TU/lmr/m/n/10.95 Boolean di-
 []


Underfull \hbox (badness 10000) in paragraph at lines 16939--16939
[]|\TU/lmr/m/n/10.95 any sepa-
 []


Underfull \hbox (badness 3312) in paragraph at lines 16939--16939
[]|\TU/lmr/m/n/10.95 right congru-
 []


Underfull \hbox (badness 10000) in paragraph at lines 16939--16940
[]|\TU/lmr/m/n/10.95 discounted-
 []


Underfull \hbox (badness 10000) in paragraph at lines 16939--16940
\TU/lmr/m/n/10.95 prefix $\OML/cmm/m/it/10.95 ^^V$\TU/lmr/m/n/10.95 -
 []


Underfull \hbox (badness 10000) in paragraph at lines 16939--16940
\TU/lmr/m/n/10.95 average,
 []


Underfull \hbox (badness 3449) in paragraph at lines 16941--16943
[]|\TU/lmr/m/n/10.95 IB identity, Meta-
 []


Underfull \hbox (badness 10000) in paragraph at lines 16943--16944
[]|\TU/lmr/m/n/10.95 stationary,
 []


Underfull \hbox (badness 3965) in paragraph at lines 16944--16944
[]|\TU/lmr/m/n/10.95 information bot-
 []


Underfull \hbox (badness 10000) in paragraph at lines 16947--16948
[]|\TU/lmr/m/n/10.95 stationary,
 []


Underfull \hbox (badness 3271) in paragraph at lines 16948--16948
[]|$\OML/cmm/m/it/10.95 Z$\TU/lmr/m/n/10.95 -predictive dis-
 []


Underfull \hbox (badness 10000) in paragraph at lines 16951--16952
[]|\TU/lmr/m/n/10.95 unifilar-
 []


Underfull \hbox (badness 10000) in paragraph at lines 16951--16952
\TU/lmr/m/n/10.95 lumpable
 []


Underfull \hbox (badness 10000) in paragraph at lines 16952--16953
[]|\TU/lmr/m/n/10.95 stationary,
 []


Underfull \hbox (badness 10000) in paragraph at lines 16952--16953
\OMS/cmsy/m/n/10.95 S[]$\TU/lmr/m/n/10.95 , i.i.d.
 []


Underfull \hbox (badness 10000) in paragraph at lines 16954--16956
[]|\TU/lmr/m/n/10.95 Zero controlled
 []


Underfull \hbox (badness 10000) in paragraph at lines 16954--16956
\TU/lmr/m/n/10.95 retention, Theo-
 []


Underfull \hbox (badness 10000) in paragraph at lines 16956--16957
[]|\TU/lmr/m/n/10.95 unifilar-
 []


Underfull \hbox (badness 10000) in paragraph at lines 16956--16957
\TU/lmr/m/n/10.95 lumpable
 []


Underfull \hbox (badness 10000) in paragraph at lines 16957--16958
[]|\TU/lmr/m/n/10.95 stationary,
 []


Underfull \hbox (badness 10000) in paragraph at lines 16957--16958
\OMS/cmsy/m/n/10.95 S[]$\TU/lmr/m/n/10.95 , i.i.d.
 []


Underfull \hbox (badness 1308) in paragraph at lines 16958--16958
[]|\TU/lmr/m/n/10.95 stable kernel re-
 []


Underfull \hbox (badness 1895) in paragraph at lines 16959--16961
[]|\TU/lmr/m/n/10.95 Quadratic converse,
 []


Underfull \hbox (badness 10000) in paragraph at lines 16961--16962
[]|\TU/lmr/m/n/10.95 stationary,
 []


Underfull \hbox (badness 10000) in paragraph at lines 16965--16965
[]|\TU/lmr/m/n/10.95 unrestricted
 []


Underfull \hbox (badness 10000) in paragraph at lines 16965--16966
[]|\TU/lmr/m/n/10.95 operator
 []


Underfull \hbox (badness 10000) in paragraph at lines 16966--16966
[]|\TU/lmr/m/n/10.95 Eckart–Young–
 []


Underfull \hbox (badness 7238) in paragraph at lines 16967--16969
[]|\TU/lmr/m/n/10.95 Structured ground-
 []


Underfull \hbox (badness 10000) in paragraph at lines 16969--16969
[]|\TU/lmr/m/n/10.95 Hankel-
 []


Underfull \hbox (badness 10000) in paragraph at lines 16969--16969
\TU/lmr/m/n/10.95 restricted,
 []


Underfull \hbox (badness 10000) in paragraph at lines 16969--16970
[]|\TU/lmr/m/n/10.95 worst case,
 []


Underfull \hbox (badness 10000) in paragraph at lines 16970--16970
[]|\TU/lmr/m/n/10.95 Adamjan–Arov–
 []


Underfull \hbox (badness 8151) in paragraph at lines 16970--16970
\TU/lmr/m/n/10.95 Krein, given a
 []


Underfull \hbox (badness 10000) in paragraph at lines 16970--16970
\TU/lmr/m/n/10.95 shift-intertwining
 []


Underfull \hbox (badness 10000) in paragraph at lines 16971--16973
[]|\TU/lmr/m/n/10.95 Determinism gap,
 []


Underfull \hbox (badness 10000) in paragraph at lines 16973--16974
[]|\TU/lmr/m/n/10.95 worst case,
 []


Underfull \hbox (badness 10000) in paragraph at lines 16975--16977
[]|\TU/lmr/m/n/10.95 Safe retention,
 []


Underfull \hbox (badness 10000) in paragraph at lines 16977--16978
[]|\TU/lmr/m/n/10.95 stationary,
 []


Underfull \hbox (badness 3965) in paragraph at lines 16978--16979
[]|\TU/lmr/m/n/10.95 information bot-
 []


Underfull \hbox (badness 2080) in paragraph at lines 16997--16999
[]|\TU/lmr/m/n/10.95 Persistent-stream upper
 []


Underfull \hbox (badness 7759) in paragraph at lines 17001--17003
[]|\TU/lmr/m/n/10.95 Persistent-stream lower
 []


Underfull \hbox (badness 10000) in paragraph at lines 17004--17005
[]|$\OT1/cmr/m/n/10.95 
(\OML/cmm/m/it/10.95 M [] M\OT1/cmr/m/n/10.95 )$\TU/lmr/m/n/10.95 , de-
 []


Underfull \hbox (badness 10000) in paragraph at lines 17004--17005
\TU/lmr/m/n/10.95 terministic; ex-
 []


Underfull \hbox (badness 10000) in paragraph at lines 17004--17005
\TU/lmr/m/n/10.95 pectation and
 []


Underfull \hbox (badness 10000) in paragraph at lines 17006--17008
[]|\TU/lmr/m/n/10.95 Binary-input lower
 []


Underfull \hbox (badness 10000) in paragraph at lines 17009--17009
[]|$\OT1/cmr/m/n/10.95 
(\OML/cmm/m/it/10.95 M [] M\OT1/cmr/m/n/10.95 )$\TU/lmr/m/n/10.95 , con-
 []


Underfull \hbox (badness 2150) in paragraph at lines 17010--17012
[]|\TU/lmr/m/n/10.95 Agnostic regret, Theo-
 []


Underfull \hbox (badness 10000) in paragraph at lines 17014--17016
[]|\TU/lmr/m/n/10.95 Active upper bound,
 []


Underfull \hbox (badness 10000) in paragraph at lines 17017--17017
[]|$\OML/cmm/m/it/10.95 O\OT1/cmr/m/n/10.95 (\OML/cmm/m/it/10.95 E[]\OT1/cmr/m/
n/10.95 )$ \TU/lmr/m/n/10.95 un-
 []


Underfull \hbox (badness 10000) in paragraph at lines 17017--17017
\TU/lmr/m/n/10.95 der (RI), uncon-
 []


Underfull \hbox (badness 10000) in paragraph at lines 17018--17020
[]|\TU/lmr/m/n/10.95 Active $\OML/cmm/m/it/10.95 E[]$ \TU/lmr/m/n/10.95 lower
 []


Underfull \hbox (badness 10000) in paragraph at lines 17018--17020
\TU/lmr/m/n/10.95 bound, Theo-
 []


Underfull \hbox (badness 4699) in paragraph at lines 17020--17020
[]|\TU/lmr/m/n/10.95 active identifica-
 []


Underfull \hbox (badness 10000) in paragraph at lines 17022--17024
[]|\TU/lmr/m/n/10.95 Active additive
 []


Underfull \hbox (badness 10000) in paragraph at lines 17022--17024
\TU/lmr/m/n/10.95 lower bound, Theo-
 []


Underfull \hbox (badness 4699) in paragraph at lines 17024--17024
[]|\TU/lmr/m/n/10.95 active identifica-
 []


Underfull \hbox (badness 10000) in paragraph at lines 17025--17026
[]|\TU/lmr/m/n/10.95 conditional on
 []


Underfull \hbox (badness 10000) in paragraph at lines 17025--17026
\TU/lmr/m/n/10.95 direct-sum satura-
 []


Underfull \hbox (badness 1127) in paragraph at lines 17025--17026
\TU/lmr/m/n/10.95 tion; witnessed by
 []


Underfull \hbox (badness 1924) in paragraph at lines 17025--17026
\TU/lmr/m/n/10.95 the two-component
 []


Underfull \hbox (badness 10000) in paragraph at lines 17025--17026
\TU/lmr/m/n/10.95 construction of
 []


Underfull \hbox (badness 10000) in paragraph at lines 17027--17028
[]|\TU/lmr/m/n/10.95 Active complexity,
 []


Underfull \hbox (badness 4699) in paragraph at lines 17028--17028
[]|\TU/lmr/m/n/10.95 active identifica-
 []

[217] [218] [219] [220]
Overfull \hbox (49.47253pt too wide) in paragraph at lines 17163--17168
\TU/lmr/m/n/12 ment: $\OML/cmm/m/it/12 ^^[[]\OT1/cmr/m/n/12 (\OML/cmm/m/it/12 ^
^W\OT1/cmr/m/n/12 ) \OMS/cmsy/m/n/12 ^^T \OML/cmm/m/it/12 F[]\OT1/cmr/m/n/12 (\
OML/cmm/m/it/12 ^^W\OT1/cmr/m/n/12 )$ \TU/lmr/m/n/12 with $\OML/cmm/m/it/12 F[]
\OT1/cmr/m/n/12 (\OML/cmm/m/it/12 ^^W\OT1/cmr/m/n/12 )$ \TU/lmr/m/n/12 the exac
t input-only deterministic floor and $[][] \OT1/cmr/m/n/12 ^^A[](\OML/cmm/m/it/
12 M\OT1/cmr/m/n/12 ; \OML/cmm/m/it/12 ^^M\OT1/cmr/m/n/12 ) =
 []

[221]
Overfull \hbox (4.79388pt too wide) in paragraph at lines 17192--17195
[]\TU/lmr/bx/n/12 Persistent-stream realizable mistake complexity $\OT1/cmr/m/n
/12 ^^B(\OML/cmm/m/it/12 M [] M\OT1/cmr/m/n/12 )$\TU/lmr/m/n/12 , with the lowe
r bound
 []


Overfull \hbox (17.6617pt too wide) in paragraph at lines 17195--17199
[]\TU/lmr/m/n/12 Active upper bound $\OML/cmm/m/it/12 O\OT1/cmr/m/n/12 (\OML/cm
m/m/it/12 E[]\OT1/cmr/m/n/12 (\OML/cmm/m/it/12 M\OT1/cmr/m/n/12 ))$ \TU/lmr/m/n
/12 under objective (RI) (Theorem [][]13.27[][](I)), and $\OML/cmm/m/it/12 O\OT
1/cmr/m/n/12 (\OML/cmm/m/it/12 M [] M \OT1/cmr/m/n/12 +
 []

[222]
Overfull \hbox (9.3824pt too wide) in paragraph at lines 17252--17257
[]\TU/lmr/m/n/12 Linear block-local Price-of-Safety surrogate. It is unconditio
nally nonnegative and bounded
 []


Overfull \hbox (3.24095pt too wide) in paragraph at lines 17286--17307
\TU/lmr/m/n/12 identifies the exact input-only deterministic floor $\OML/cmm/m/
it/12 F[]\OT1/cmr/m/n/12 (\OML/cmm/m/it/12 ^^W\OT1/cmr/m/n/12 )$ \TU/lmr/m/n/12
 and proves $[][] \OT1/cmr/m/n/12 ^^A[](\OML/cmm/m/it/12 M\OT1/cmr/m/n/12 ; \OM
L/cmm/m/it/12 ^^M\OT1/cmr/m/n/12 ) =
 []

[223] [224]
Overfull \hbox (2.645pt too wide) in paragraph at lines 17406--17409
\TU/lmr/m/n/12 complexity under genuinely restrictive right-congruence constrai
nts is not addressed. 
 []

[225] [226] [227]
Overfull \hbox (13.72104pt too wide) in paragraph at lines 17563--17571
[]\TU/lmr/m/n/12 The same analysis holds for general unifilar controlled machin
es: the controlled information-
 []

[228] [229]
Overfull \hbox (38.78967pt too wide) in paragraph at lines 17693--17700
[]\TU/lmr/m/n/12 A direct-sum instance forces its two components on disjoint ro
unds, giving $[][]\OT1/cmr/m/n/12 (\OML/cmm/m/it/12 M\OT1/cmr/m/n/12 ) \OMS/cms
y/m/n/12 ^^U
 []

[230] [231] [232] [233] (automata_unified_revised.aux)
Package rerunfilecheck Info: File `automata_unified_revised.out' has not change
d.
(rerunfilecheck)             Checksum: 2066BFB87DB5A147835D50B00336C8AA;25250.
 )
Output written on automata_unified_revised.xdv (233 pages, 5016712 bytes).
