note: Running TeX ...
warning: automata_unified_revised.tex:216: Overfull \hbox (4.2316pt too wide) in paragraph at lines 201--216
warning: automata_unified_revised.tex:231: Overfull \hbox (3.61508pt too wide) in paragraph at lines 217--231
warning: automata_unified_revised.tex:1830: Overfull \hbox (0.3517pt too wide) in paragraph at lines 1829--1830
warning: automata_unified_revised.tex:2363: Overfull \hbox (61.25218pt too wide) in paragraph at lines 2349--2363
warning: automata_unified_revised.tex:3192: Overfull \hbox (70.76102pt too wide) in paragraph at lines 3174--3192
warning: automata_unified_revised.tex:3784: Overfull \hbox (2.89696pt too wide) in paragraph at lines 3780--3784
warning: automata_unified_revised.tex:4379: Overfull \hbox (2.72229pt too wide) in paragraph at lines 4371--4379
warning: automata_unified_revised.tex:5072: Overfull \hbox (6.80577pt too wide) detected at line 5072
warning: automata_unified_revised.tex:5824: Overfull \hbox (9.6437pt too wide) in paragraph at lines 5820--5824
warning: automata_unified_revised.tex:6076: Overfull \hbox (75.44267pt too wide) detected at line 6076
warning: automata_unified_revised.tex:6445: Overfull \hbox (12.40726pt too wide) detected at line 6445
warning: automata_unified_revised.tex:6931: Overfull \hbox (1.36235pt too wide) in paragraph at lines 6927--6931
warning: automata_unified_revised.tex:6954: Overfull \hbox (12.1486pt too wide) detected at line 6954
warning: automata_unified_revised.tex:7152: Overfull \hbox (4.50041pt too wide) in paragraph at lines 7147--7152
warning: automata_unified_revised.tex:7220: Overfull \hbox (0.64772pt too wide) in paragraph at lines 7219--7220
warning: automata_unified_revised.tex:7419: Overfull \hbox (18.78897pt too wide) in paragraph at lines 7410--7419
warning: automata_unified_revised.tex:7651: Overfull \hbox (1.56711pt too wide) in paragraph at lines 7648--7651
warning: automata_unified_revised.tex:7680: Overfull \hbox (16.48105pt too wide) in paragraph at lines 7677--7680
warning: automata_unified_revised.tex:8073: Overfull \hbox (13.00099pt too wide) in paragraph at lines 8071--8073
warning: automata_unified_revised.tex:8352: Overfull \hbox (2.76102pt too wide) in paragraph at lines 8347--8352
warning: automata_unified_revised.tex:8468: Overfull \hbox (76.11006pt too wide) in paragraph at lines 8458--8468
warning: automata_unified_revised.tex:9413: Overfull \hbox (42.38066pt too wide) in paragraph at lines 9408--9413
warning: automata_unified_revised.tex:9567: Overfull \hbox (0.62993pt too wide) in paragraph at lines 9564--9567
warning: automata_unified_revised.tex:9714: Overfull \hbox (1.05005pt too wide) in paragraph at lines 9712--9714
warning: automata_unified_revised.tex:10701: Overfull \hbox (21.78067pt too wide) in paragraph at lines 10695--10701
warning: automata_unified_revised.tex:10782: Overfull \hbox (16.87627pt too wide) in paragraph at lines 10778--10782
warning: automata_unified_revised.tex:10831: Overfull \hbox (6.1838pt too wide) in paragraph at lines 10828--10831
warning: automata_unified_revised.tex:11479: Overfull \hbox (1.90305pt too wide) in paragraph at lines 11471--11479
warning: automata_unified_revised.tex:11537: Overfull \hbox (85.66359pt too wide) detected at line 11537
warning: automata_unified_revised.tex:11945: Overfull \hbox (27.39441pt too wide) in paragraph at lines 11943--11945
warning: automata_unified_revised.tex:12786: Overfull \hbox (0.6905pt too wide) in paragraph at lines 12781--12786
warning: automata_unified_revised.tex:14378: Overfull \hbox (19.17699pt too wide) in paragraph at lines 14374--14378
warning: automata_unified_revised.tex:14955: Overfull \hbox (7.86597pt too wide) in paragraph at lines 14945--14955
warning: automata_unified_revised.tex:15198: Overfull \hbox (1.72992pt too wide) in paragraph at lines 15192--15198
warning: automata_unified_revised.tex:15866: Overfull \hbox (32.74446pt too wide) in paragraph at lines 15855--15866
warning: automata_unified_revised.tex:16572: Overfull \hbox (35.59953pt too wide) in paragraph at lines 16554--16572
warning: automata_unified_revised.tex:16722: Overfull \hbox (18.75572pt too wide) in paragraph at lines 16718--16722
warning: automata_unified_revised.tex:16815: Overfull \hbox (3.433pt too wide) in paragraph at lines 16814--16815
warning: automata_unified_revised.tex:16864: Overfull \hbox (146.27783pt too wide) in paragraph at lines 16861--16864
warning: automata_unified_revised.tex:16868: Overfull \hbox (392.3921pt too wide) in paragraph at lines 16864--16868
warning: automata_unified_revised.tex:16927: Overfull \hbox (4.57132pt too wide) in paragraph at lines 16927--16927
warning: automata_unified_revised.tex:16931: Underfull \hbox (badness 10000) in paragraph at lines 16929--16931
warning: automata_unified_revised.tex:16931: Underfull \hbox (badness 10000) in paragraph at lines 16929--16931
warning: automata_unified_revised.tex:16931: Overfull \hbox (3.00194pt too wide) in paragraph at lines 16931--16931
warning: automata_unified_revised.tex:16931: Underfull \hbox (badness 3312) in paragraph at lines 16931--16931
warning: automata_unified_revised.tex:16932: Underfull \hbox (badness 10000) in paragraph at lines 16931--16932
warning: automata_unified_revised.tex:16935: Underfull \hbox (badness 10000) in paragraph at lines 16933--16935
warning: automata_unified_revised.tex:16935: Underfull \hbox (badness 1038) in paragraph at lines 16933--16935
warning: automata_unified_revised.tex:16935: Underfull \hbox (badness 10000) in paragraph at lines 16935--16935
warning: automata_unified_revised.tex:16935: Underfull \hbox (badness 3312) in paragraph at lines 16935--16935
warning: automata_unified_revised.tex:16936: Underfull \hbox (badness 10000) in paragraph at lines 16935--16936
warning: automata_unified_revised.tex:16939: Underfull \hbox (badness 10000) in paragraph at lines 16937--16939
warning: automata_unified_revised.tex:16939: Underfull \hbox (badness 10000) in paragraph at lines 16939--16939
warning: automata_unified_revised.tex:16939: Underfull \hbox (badness 3312) in paragraph at lines 16939--16939
warning: automata_unified_revised.tex:16940: Underfull \hbox (badness 10000) in paragraph at lines 16939--16940
warning: automata_unified_revised.tex:16940: Underfull \hbox (badness 10000) in paragraph at lines 16939--16940
warning: automata_unified_revised.tex:16940: Underfull \hbox (badness 10000) in paragraph at lines 16939--16940
warning: automata_unified_revised.tex:16943: Underfull \hbox (badness 3449) in paragraph at lines 16941--16943
warning: automata_unified_revised.tex:16944: Underfull \hbox (badness 10000) in paragraph at lines 16943--16944
warning: automata_unified_revised.tex:16944: Underfull \hbox (badness 3965) in paragraph at lines 16944--16944
warning: automata_unified_revised.tex:16948: Underfull \hbox (badness 10000) in paragraph at lines 16947--16948
warning: automata_unified_revised.tex:16948: Underfull \hbox (badness 3271) in paragraph at lines 16948--16948
warning: automata_unified_revised.tex:16952: Underfull \hbox (badness 10000) in paragraph at lines 16951--16952
warning: automata_unified_revised.tex:16952: Underfull \hbox (badness 10000) in paragraph at lines 16951--16952
warning: automata_unified_revised.tex:16953: Underfull \hbox (badness 10000) in paragraph at lines 16952--16953
warning: automata_unified_revised.tex:16953: Underfull \hbox (badness 10000) in paragraph at lines 16952--16953
warning: automata_unified_revised.tex:16956: Underfull \hbox (badness 2735) in paragraph at lines 16954--16956
warning: automata_unified_revised.tex:16957: Underfull \hbox (badness 10000) in paragraph at lines 16956--16957
warning: automata_unified_revised.tex:16957: Underfull \hbox (badness 10000) in paragraph at lines 16956--16957
warning: automata_unified_revised.tex:16958: Underfull \hbox (badness 10000) in paragraph at lines 16957--16958
warning: automata_unified_revised.tex:16958: Underfull \hbox (badness 10000) in paragraph at lines 16957--16958
warning: automata_unified_revised.tex:16958: Underfull \hbox (badness 1308) in paragraph at lines 16958--16958
warning: automata_unified_revised.tex:16961: Underfull \hbox (badness 1895) in paragraph at lines 16959--16961
warning: automata_unified_revised.tex:16962: Underfull \hbox (badness 10000) in paragraph at lines 16961--16962
warning: automata_unified_revised.tex:16965: Underfull \hbox (badness 10000) in paragraph at lines 16965--16965
warning: automata_unified_revised.tex:16966: Underfull \hbox (badness 10000) in paragraph at lines 16965--16966
warning: automata_unified_revised.tex:16966: Underfull \hbox (badness 10000) in paragraph at lines 16966--16966
warning: automata_unified_revised.tex:16969: Underfull \hbox (badness 7238) in paragraph at lines 16967--16969
warning: automata_unified_revised.tex:16969: Underfull \hbox (badness 10000) in paragraph at lines 16969--16969
warning: automata_unified_revised.tex:16969: Underfull \hbox (badness 10000) in paragraph at lines 16969--16969
warning: automata_unified_revised.tex:16970: Underfull \hbox (badness 10000) in paragraph at lines 16969--16970
warning: automata_unified_revised.tex:16970: Underfull \hbox (badness 10000) in paragraph at lines 16970--16970
warning: automata_unified_revised.tex:16970: Underfull \hbox (badness 8151) in paragraph at lines 16970--16970
warning: automata_unified_revised.tex:16970: Underfull \hbox (badness 10000) in paragraph at lines 16970--16970
warning: automata_unified_revised.tex:16973: Underfull \hbox (badness 10000) in paragraph at lines 16971--16973
warning: automata_unified_revised.tex:16974: Underfull \hbox (badness 10000) in paragraph at lines 16973--16974
warning: automata_unified_revised.tex:16977: Underfull \hbox (badness 10000) in paragraph at lines 16975--16977
warning: automata_unified_revised.tex:16978: Underfull \hbox (badness 10000) in paragraph at lines 16977--16978
warning: automata_unified_revised.tex:16979: Underfull \hbox (badness 3965) in paragraph at lines 16978--16979
warning: automata_unified_revised.tex:16999: Underfull \hbox (badness 2080) in paragraph at lines 16997--16999
warning: automata_unified_revised.tex:17003: Underfull \hbox (badness 7759) in paragraph at lines 17001--17003
warning: automata_unified_revised.tex:17005: Underfull \hbox (badness 10000) in paragraph at lines 17004--17005
warning: automata_unified_revised.tex:17005: Underfull \hbox (badness 10000) in paragraph at lines 17004--17005
warning: automata_unified_revised.tex:17005: Underfull \hbox (badness 10000) in paragraph at lines 17004--17005
warning: automata_unified_revised.tex:17008: Underfull \hbox (badness 10000) in paragraph at lines 17006--17008
warning: automata_unified_revised.tex:17009: Underfull \hbox (badness 10000) in paragraph at lines 17009--17009
warning: automata_unified_revised.tex:17012: Underfull \hbox (badness 2150) in paragraph at lines 17010--17012
warning: automata_unified_revised.tex:17016: Underfull \hbox (badness 10000) in paragraph at lines 17014--17016
warning: automata_unified_revised.tex:17017: Underfull \hbox (badness 10000) in paragraph at lines 17017--17017
warning: automata_unified_revised.tex:17017: Underfull \hbox (badness 10000) in paragraph at lines 17017--17017
warning: automata_unified_revised.tex:17020: Underfull \hbox (badness 10000) in paragraph at lines 17018--17020
warning: automata_unified_revised.tex:17020: Underfull \hbox (badness 4699) in paragraph at lines 17020--17020
warning: automata_unified_revised.tex:17024: Underfull \hbox (badness 10000) in paragraph at lines 17022--17024
warning: automata_unified_revised.tex:17024: Underfull \hbox (badness 4699) in paragraph at lines 17024--17024
warning: automata_unified_revised.tex:17026: Underfull \hbox (badness 10000) in paragraph at lines 17025--17026
warning: automata_unified_revised.tex:17026: Underfull \hbox (badness 10000) in paragraph at lines 17025--17026
warning: automata_unified_revised.tex:17026: Underfull \hbox (badness 1127) in paragraph at lines 17025--17026
warning: automata_unified_revised.tex:17026: Underfull \hbox (badness 1924) in paragraph at lines 17025--17026
warning: automata_unified_revised.tex:17026: Underfull \hbox (badness 10000) in paragraph at lines 17025--17026
warning: automata_unified_revised.tex:17028: Underfull \hbox (badness 10000) in paragraph at lines 17027--17028
warning: automata_unified_revised.tex:17028: Underfull \hbox (badness 4699) in paragraph at lines 17028--17028
warning: automata_unified_revised.tex:17168: Overfull \hbox (49.47253pt too wide) in paragraph at lines 17163--17168
warning: automata_unified_revised.tex:17195: Overfull \hbox (4.79388pt too wide) in paragraph at lines 17192--17195
warning: automata_unified_revised.tex:17199: Overfull \hbox (3.6217pt too wide) in paragraph at lines 17195--17199
warning: automata_unified_revised.tex:17257: Overfull \hbox (9.3824pt too wide) in paragraph at lines 17252--17257
warning: automata_unified_revised.tex:17307: Overfull \hbox (3.24095pt too wide) in paragraph at lines 17286--17307
warning: automata_unified_revised.tex:17409: Overfull \hbox (2.645pt too wide) in paragraph at lines 17406--17409
warning: automata_unified_revised.tex:17571: Overfull \hbox (13.72104pt too wide) in paragraph at lines 17563--17571
warning: automata_unified_revised.tex:17700: Overfull \hbox (38.78967pt too wide) in paragraph at lines 17693--17700
note: Rerunning TeX because "automata_unified_revised.toc" changed ...
warning: automata_unified_revised.tex:216: Overfull \hbox (4.2316pt too wide) in paragraph at lines 201--216
warning: automata_unified_revised.tex:231: Overfull \hbox (3.61508pt too wide) in paragraph at lines 217--231
warning: automata_unified_revised.tex:1830: Overfull \hbox (0.3517pt too wide) in paragraph at lines 1829--1830
warning: automata_unified_revised.tex:2363: Overfull \hbox (61.25218pt too wide) in paragraph at lines 2349--2363
warning: automata_unified_revised.tex:3113: Overfull \hbox (7.13702pt too wide) in paragraph at lines 3108--3113
warning: automata_unified_revised.tex:3192: Overfull \hbox (70.76102pt too wide) in paragraph at lines 3174--3192
warning: automata_unified_revised.tex:3784: Overfull \hbox (2.89696pt too wide) in paragraph at lines 3780--3784
warning: automata_unified_revised.tex:4379: Overfull \hbox (2.72229pt too wide) in paragraph at lines 4371--4379
warning: automata_unified_revised.tex:5072: Overfull \hbox (6.80577pt too wide) detected at line 5072
warning: automata_unified_revised.tex:5824: Overfull \hbox (9.6437pt too wide) in paragraph at lines 5820--5824
warning: automata_unified_revised.tex:6076: Overfull \hbox (75.44267pt too wide) detected at line 6076
warning: automata_unified_revised.tex:6445: Overfull \hbox (12.40726pt too wide) detected at line 6445
warning: automata_unified_revised.tex:6931: Overfull \hbox (1.36235pt too wide) in paragraph at lines 6927--6931
warning: automata_unified_revised.tex:6954: Overfull \hbox (12.1486pt too wide) detected at line 6954
warning: automata_unified_revised.tex:7152: Overfull \hbox (4.50041pt too wide) in paragraph at lines 7147--7152
warning: automata_unified_revised.tex:7220: Overfull \hbox (0.64772pt too wide) in paragraph at lines 7219--7220
warning: automata_unified_revised.tex:7419: Overfull \hbox (18.78897pt too wide) in paragraph at lines 7410--7419
warning: automata_unified_revised.tex:7651: Overfull \hbox (1.56711pt too wide) in paragraph at lines 7648--7651
warning: automata_unified_revised.tex:7680: Overfull \hbox (16.48105pt too wide) in paragraph at lines 7677--7680
warning: automata_unified_revised.tex:8073: Overfull \hbox (13.00099pt too wide) in paragraph at lines 8071--8073
warning: automata_unified_revised.tex:8352: Overfull \hbox (2.76102pt too wide) in paragraph at lines 8347--8352
warning: automata_unified_revised.tex:8468: Overfull \hbox (76.11006pt too wide) in paragraph at lines 8458--8468
warning: automata_unified_revised.tex:9413: Overfull \hbox (42.38066pt too wide) in paragraph at lines 9408--9413
warning: automata_unified_revised.tex:9567: Overfull \hbox (0.62993pt too wide) in paragraph at lines 9564--9567
warning: automata_unified_revised.tex:9714: Overfull \hbox (1.05005pt too wide) in paragraph at lines 9712--9714
warning: automata_unified_revised.tex:10701: Overfull \hbox (21.78067pt too wide) in paragraph at lines 10695--10701
warning: automata_unified_revised.tex:10782: Overfull \hbox (16.87627pt too wide) in paragraph at lines 10778--10782
warning: automata_unified_revised.tex:10831: Overfull \hbox (6.1838pt too wide) in paragraph at lines 10828--10831
warning: automata_unified_revised.tex:11479: Overfull \hbox (1.90305pt too wide) in paragraph at lines 11471--11479
warning: automata_unified_revised.tex:11537: Overfull \hbox (85.66359pt too wide) detected at line 11537
warning: automata_unified_revised.tex:11945: Overfull \hbox (27.39441pt too wide) in paragraph at lines 11943--11945
warning: automata_unified_revised.tex:12786: Overfull \hbox (0.6905pt too wide) in paragraph at lines 12781--12786
warning: automata_unified_revised.tex:13112: Overfull \hbox (4.10127pt too wide) in paragraph at lines 13108--13112
warning: automata_unified_revised.tex:14378: Overfull \hbox (19.17699pt too wide) in paragraph at lines 14374--14378
warning: automata_unified_revised.tex:15198: Overfull \hbox (1.72992pt too wide) in paragraph at lines 15192--15198
warning: automata_unified_revised.tex:15584: Overfull \hbox (6.64368pt too wide) in paragraph at lines 15578--15584
warning: automata_unified_revised.tex:15866: Overfull \hbox (37.64047pt too wide) in paragraph at lines 15855--15866
warning: automata_unified_revised.tex:16572: Overfull \hbox (35.59953pt too wide) in paragraph at lines 16554--16572
warning: automata_unified_revised.tex:16722: Overfull \hbox (18.75572pt too wide) in paragraph at lines 16718--16722
warning: automata_unified_revised.tex:16815: Overfull \hbox (3.433pt too wide) in paragraph at lines 16814--16815
warning: automata_unified_revised.tex:16864: Overfull \hbox (146.27783pt too wide) in paragraph at lines 16861--16864
warning: automata_unified_revised.tex:16868: Overfull \hbox (392.3921pt too wide) in paragraph at lines 16864--16868
warning: automata_unified_revised.tex:16927: Overfull \hbox (4.57132pt too wide) in paragraph at lines 16927--16927
warning: automata_unified_revised.tex:16931: Underfull \hbox (badness 10000) in paragraph at lines 16929--16931
warning: automata_unified_revised.tex:16931: Underfull \hbox (badness 10000) in paragraph at lines 16929--16931
warning: automata_unified_revised.tex:16931: Overfull \hbox (3.00194pt too wide) in paragraph at lines 16931--16931
warning: automata_unified_revised.tex:16931: Underfull \hbox (badness 3312) in paragraph at lines 16931--16931
warning: automata_unified_revised.tex:16932: Underfull \hbox (badness 10000) in paragraph at lines 16931--16932
warning: automata_unified_revised.tex:16935: Underfull \hbox (badness 10000) in paragraph at lines 16933--16935
warning: automata_unified_revised.tex:16935: Underfull \hbox (badness 1038) in paragraph at lines 16933--16935
warning: automata_unified_revised.tex:16935: Underfull \hbox (badness 10000) in paragraph at lines 16935--16935
warning: automata_unified_revised.tex:16935: Underfull \hbox (badness 3312) in paragraph at lines 16935--16935
warning: automata_unified_revised.tex:16936: Underfull \hbox (badness 10000) in paragraph at lines 16935--16936
warning: automata_unified_revised.tex:16939: Underfull \hbox (badness 10000) in paragraph at lines 16937--16939
warning: automata_unified_revised.tex:16939: Underfull \hbox (badness 10000) in paragraph at lines 16939--16939
warning: automata_unified_revised.tex:16939: Underfull \hbox (badness 3312) in paragraph at lines 16939--16939
warning: automata_unified_revised.tex:16940: Underfull \hbox (badness 10000) in paragraph at lines 16939--16940
warning: automata_unified_revised.tex:16940: Underfull \hbox (badness 10000) in paragraph at lines 16939--16940
warning: automata_unified_revised.tex:16940: Underfull \hbox (badness 10000) in paragraph at lines 16939--16940
warning: automata_unified_revised.tex:16943: Underfull \hbox (badness 3449) in paragraph at lines 16941--16943
warning: automata_unified_revised.tex:16944: Underfull \hbox (badness 10000) in paragraph at lines 16943--16944
warning: automata_unified_revised.tex:16944: Underfull \hbox (badness 3965) in paragraph at lines 16944--16944
warning: automata_unified_revised.tex:16948: Underfull \hbox (badness 10000) in paragraph at lines 16947--16948
warning: automata_unified_revised.tex:16948: Underfull \hbox (badness 3271) in paragraph at lines 16948--16948
warning: automata_unified_revised.tex:16952: Underfull \hbox (badness 10000) in paragraph at lines 16951--16952
warning: automata_unified_revised.tex:16952: Underfull \hbox (badness 10000) in paragraph at lines 16951--16952
warning: automata_unified_revised.tex:16953: Underfull \hbox (badness 10000) in paragraph at lines 16952--16953
warning: automata_unified_revised.tex:16953: Underfull \hbox (badness 10000) in paragraph at lines 16952--16953
warning: automata_unified_revised.tex:16956: Underfull \hbox (badness 10000) in paragraph at lines 16954--16956
warning: automata_unified_revised.tex:16956: Underfull \hbox (badness 10000) in paragraph at lines 16954--16956
warning: automata_unified_revised.tex:16957: Underfull \hbox (badness 10000) in paragraph at lines 16956--16957
warning: automata_unified_revised.tex:16957: Underfull \hbox (badness 10000) in paragraph at lines 16956--16957
warning: automata_unified_revised.tex:16958: Underfull \hbox (badness 10000) in paragraph at lines 16957--16958
warning: automata_unified_revised.tex:16958: Underfull \hbox (badness 10000) in paragraph at lines 16957--16958
warning: automata_unified_revised.tex:16958: Underfull \hbox (badness 1308) in paragraph at lines 16958--16958
warning: automata_unified_revised.tex:16961: Underfull \hbox (badness 1895) in paragraph at lines 16959--16961
warning: automata_unified_revised.tex:16962: Underfull \hbox (badness 10000) in paragraph at lines 16961--16962
warning: automata_unified_revised.tex:16965: Underfull \hbox (badness 10000) in paragraph at lines 16965--16965
warning: automata_unified_revised.tex:16966: Underfull \hbox (badness 10000) in paragraph at lines 16965--16966
warning: automata_unified_revised.tex:16966: Underfull \hbox (badness 10000) in paragraph at lines 16966--16966
warning: automata_unified_revised.tex:16969: Underfull \hbox (badness 7238) in paragraph at lines 16967--16969
warning: automata_unified_revised.tex:16969: Underfull \hbox (badness 10000) in paragraph at lines 16969--16969
warning: automata_unified_revised.tex:16969: Underfull \hbox (badness 10000) in paragraph at lines 16969--16969
warning: automata_unified_revised.tex:16970: Underfull \hbox (badness 10000) in paragraph at lines 16969--16970
warning: automata_unified_revised.tex:16970: Underfull \hbox (badness 10000) in paragraph at lines 16970--16970
warning: automata_unified_revised.tex:16970: Underfull \hbox (badness 8151) in paragraph at lines 16970--16970
warning: automata_unified_revised.tex:16970: Underfull \hbox (badness 10000) in paragraph at lines 16970--16970
warning: automata_unified_revised.tex:16973: Underfull \hbox (badness 10000) in paragraph at lines 16971--16973
warning: automata_unified_revised.tex:16974: Underfull \hbox (badness 10000) in paragraph at lines 16973--16974
warning: automata_unified_revised.tex:16977: Underfull \hbox (badness 10000) in paragraph at lines 16975--16977
warning: automata_unified_revised.tex:16978: Underfull \hbox (badness 10000) in paragraph at lines 16977--16978
warning: automata_unified_revised.tex:16979: Underfull \hbox (badness 3965) in paragraph at lines 16978--16979
warning: automata_unified_revised.tex:16999: Underfull \hbox (badness 2080) in paragraph at lines 16997--16999
warning: automata_unified_revised.tex:17003: Underfull \hbox (badness 7759) in paragraph at lines 17001--17003
warning: automata_unified_revised.tex:17005: Underfull \hbox (badness 10000) in paragraph at lines 17004--17005
warning: automata_unified_revised.tex:17005: Underfull \hbox (badness 10000) in paragraph at lines 17004--17005
warning: automata_unified_revised.tex:17005: Underfull \hbox (badness 10000) in paragraph at lines 17004--17005
warning: automata_unified_revised.tex:17008: Underfull \hbox (badness 10000) in paragraph at lines 17006--17008
warning: automata_unified_revised.tex:17009: Underfull \hbox (badness 10000) in paragraph at lines 17009--17009
warning: automata_unified_revised.tex:17012: Underfull \hbox (badness 2150) in paragraph at lines 17010--17012
warning: automata_unified_revised.tex:17016: Underfull \hbox (badness 10000) in paragraph at lines 17014--17016
warning: automata_unified_revised.tex:17017: Underfull \hbox (badness 10000) in paragraph at lines 17017--17017
warning: automata_unified_revised.tex:17017: Underfull \hbox (badness 10000) in paragraph at lines 17017--17017
warning: automata_unified_revised.tex:17020: Underfull \hbox (badness 10000) in paragraph at lines 17018--17020
warning: automata_unified_revised.tex:17020: Underfull \hbox (badness 10000) in paragraph at lines 17018--17020
warning: automata_unified_revised.tex:17020: Underfull \hbox (badness 4699) in paragraph at lines 17020--17020
warning: automata_unified_revised.tex:17024: Underfull \hbox (badness 10000) in paragraph at lines 17022--17024
warning: automata_unified_revised.tex:17024: Underfull \hbox (badness 10000) in paragraph at lines 17022--17024
warning: automata_unified_revised.tex:17024: Underfull \hbox (badness 4699) in paragraph at lines 17024--17024
warning: automata_unified_revised.tex:17026: Underfull \hbox (badness 10000) in paragraph at lines 17025--17026
warning: automata_unified_revised.tex:17026: Underfull \hbox (badness 10000) in paragraph at lines 17025--17026
warning: automata_unified_revised.tex:17026: Underfull \hbox (badness 1127) in paragraph at lines 17025--17026
warning: automata_unified_revised.tex:17026: Underfull \hbox (badness 1924) in paragraph at lines 17025--17026
warning: automata_unified_revised.tex:17026: Underfull \hbox (badness 10000) in paragraph at lines 17025--17026
warning: automata_unified_revised.tex:17028: Underfull \hbox (badness 10000) in paragraph at lines 17027--17028
warning: automata_unified_revised.tex:17028: Underfull \hbox (badness 4699) in paragraph at lines 17028--17028
warning: automata_unified_revised.tex:17168: Overfull \hbox (49.47253pt too wide) in paragraph at lines 17163--17168
warning: automata_unified_revised.tex:17195: Overfull \hbox (4.79388pt too wide) in paragraph at lines 17192--17195
warning: automata_unified_revised.tex:17199: Overfull \hbox (17.6617pt too wide) in paragraph at lines 17195--17199
warning: automata_unified_revised.tex:17257: Overfull \hbox (9.3824pt too wide) in paragraph at lines 17252--17257
warning: automata_unified_revised.tex:17307: Overfull \hbox (3.24095pt too wide) in paragraph at lines 17286--17307
warning: automata_unified_revised.tex:17409: Overfull \hbox (2.645pt too wide) in paragraph at lines 17406--17409
warning: automata_unified_revised.tex:17571: Overfull \hbox (13.72104pt too wide) in paragraph at lines 17563--17571
warning: automata_unified_revised.tex:17700: Overfull \hbox (38.78967pt too wide) in paragraph at lines 17693--17700
note: Rerunning TeX because "automata_unified_revised.toc" changed ...
warning: automata_unified_revised.tex:216: Overfull \hbox (4.2316pt too wide) in paragraph at lines 201--216
warning: automata_unified_revised.tex:231: Overfull \hbox (3.61508pt too wide) in paragraph at lines 217--231
warning: automata_unified_revised.tex:1830: Overfull \hbox (0.3517pt too wide) in paragraph at lines 1829--1830
warning: automata_unified_revised.tex:2363: Overfull \hbox (61.25218pt too wide) in paragraph at lines 2349--2363
warning: automata_unified_revised.tex:3113: Overfull \hbox (7.13702pt too wide) in paragraph at lines 3108--3113
warning: automata_unified_revised.tex:3192: Overfull \hbox (70.76102pt too wide) in paragraph at lines 3174--3192
warning: automata_unified_revised.tex:3784: Overfull \hbox (2.89696pt too wide) in paragraph at lines 3780--3784
warning: automata_unified_revised.tex:4379: Overfull \hbox (2.72229pt too wide) in paragraph at lines 4371--4379
warning: automata_unified_revised.tex:5072: Overfull \hbox (6.80577pt too wide) detected at line 5072
warning: automata_unified_revised.tex:5824: Overfull \hbox (9.6437pt too wide) in paragraph at lines 5820--5824
warning: automata_unified_revised.tex:6076: Overfull \hbox (75.44267pt too wide) detected at line 6076
warning: automata_unified_revised.tex:6445: Overfull \hbox (12.40726pt too wide) detected at line 6445
warning: automata_unified_revised.tex:6931: Overfull \hbox (1.36235pt too wide) in paragraph at lines 6927--6931
warning: automata_unified_revised.tex:6954: Overfull \hbox (12.1486pt too wide) detected at line 6954
warning: automata_unified_revised.tex:7152: Overfull \hbox (4.50041pt too wide) in paragraph at lines 7147--7152
warning: automata_unified_revised.tex:7220: Overfull \hbox (0.64772pt too wide) in paragraph at lines 7219--7220
warning: automata_unified_revised.tex:7419: Overfull \hbox (18.78897pt too wide) in paragraph at lines 7410--7419
warning: automata_unified_revised.tex:7651: Overfull \hbox (1.56711pt too wide) in paragraph at lines 7648--7651
warning: automata_unified_revised.tex:7680: Overfull \hbox (16.48105pt too wide) in paragraph at lines 7677--7680
warning: automata_unified_revised.tex:8073: Overfull \hbox (13.00099pt too wide) in paragraph at lines 8071--8073
warning: automata_unified_revised.tex:8352: Overfull \hbox (2.76102pt too wide) in paragraph at lines 8347--8352
warning: automata_unified_revised.tex:8468: Overfull \hbox (76.11006pt too wide) in paragraph at lines 8458--8468
warning: automata_unified_revised.tex:9413: Overfull \hbox (42.38066pt too wide) in paragraph at lines 9408--9413
warning: automata_unified_revised.tex:9567: Overfull \hbox (0.62993pt too wide) in paragraph at lines 9564--9567
warning: automata_unified_revised.tex:9714: Overfull \hbox (1.05005pt too wide) in paragraph at lines 9712--9714
warning: automata_unified_revised.tex:10701: Overfull \hbox (21.78067pt too wide) in paragraph at lines 10695--10701
warning: automata_unified_revised.tex:10782: Overfull \hbox (16.87627pt too wide) in paragraph at lines 10778--10782
warning: automata_unified_revised.tex:10831: Overfull \hbox (6.1838pt too wide) in paragraph at lines 10828--10831
warning: automata_unified_revised.tex:11479: Overfull \hbox (1.90305pt too wide) in paragraph at lines 11471--11479
warning: automata_unified_revised.tex:11537: Overfull \hbox (85.66359pt too wide) detected at line 11537
warning: automata_unified_revised.tex:11945: Overfull \hbox (27.39441pt too wide) in paragraph at lines 11943--11945
warning: automata_unified_revised.tex:12786: Overfull \hbox (0.6905pt too wide) in paragraph at lines 12781--12786
warning: automata_unified_revised.tex:13112: Overfull \hbox (4.10127pt too wide) in paragraph at lines 13108--13112
warning: automata_unified_revised.tex:14378: Overfull \hbox (19.17699pt too wide) in paragraph at lines 14374--14378
warning: automata_unified_revised.tex:15198: Overfull \hbox (1.72992pt too wide) in paragraph at lines 15192--15198
warning: automata_unified_revised.tex:15584: Overfull \hbox (6.64368pt too wide) in paragraph at lines 15578--15584
warning: automata_unified_revised.tex:15866: Overfull \hbox (37.64047pt too wide) in paragraph at lines 15855--15866
warning: automata_unified_revised.tex:16572: Overfull \hbox (35.59953pt too wide) in paragraph at lines 16554--16572
warning: automata_unified_revised.tex:16722: Overfull \hbox (18.75572pt too wide) in paragraph at lines 16718--16722
warning: automata_unified_revised.tex:16815: Overfull \hbox (3.433pt too wide) in paragraph at lines 16814--16815
warning: automata_unified_revised.tex:16864: Overfull \hbox (146.27783pt too wide) in paragraph at lines 16861--16864
warning: automata_unified_revised.tex:16868: Overfull \hbox (392.3921pt too wide) in paragraph at lines 16864--16868
warning: automata_unified_revised.tex:16927: Overfull \hbox (4.57132pt too wide) in paragraph at lines 16927--16927
warning: automata_unified_revised.tex:16931: Underfull \hbox (badness 10000) in paragraph at lines 16929--16931
warning: automata_unified_revised.tex:16931: Underfull \hbox (badness 10000) in paragraph at lines 16929--16931
warning: automata_unified_revised.tex:16931: Overfull \hbox (3.00194pt too wide) in paragraph at lines 16931--16931
warning: automata_unified_revised.tex:16931: Underfull \hbox (badness 3312) in paragraph at lines 16931--16931
warning: automata_unified_revised.tex:16932: Underfull \hbox (badness 10000) in paragraph at lines 16931--16932
warning: automata_unified_revised.tex:16935: Underfull \hbox (badness 10000) in paragraph at lines 16933--16935
warning: automata_unified_revised.tex:16935: Underfull \hbox (badness 1038) in paragraph at lines 16933--16935
warning: automata_unified_revised.tex:16935: Underfull \hbox (badness 10000) in paragraph at lines 16935--16935
warning: automata_unified_revised.tex:16935: Underfull \hbox (badness 3312) in paragraph at lines 16935--16935
warning: automata_unified_revised.tex:16936: Underfull \hbox (badness 10000) in paragraph at lines 16935--16936
warning: automata_unified_revised.tex:16939: Underfull \hbox (badness 10000) in paragraph at lines 16937--16939
warning: automata_unified_revised.tex:16939: Underfull \hbox (badness 10000) in paragraph at lines 16939--16939
warning: automata_unified_revised.tex:16939: Underfull \hbox (badness 3312) in paragraph at lines 16939--16939
warning: automata_unified_revised.tex:16940: Underfull \hbox (badness 10000) in paragraph at lines 16939--16940
warning: automata_unified_revised.tex:16940: Underfull \hbox (badness 10000) in paragraph at lines 16939--16940
warning: automata_unified_revised.tex:16940: Underfull \hbox (badness 10000) in paragraph at lines 16939--16940
warning: automata_unified_revised.tex:16943: Underfull \hbox (badness 3449) in paragraph at lines 16941--16943
warning: automata_unified_revised.tex:16944: Underfull \hbox (badness 10000) in paragraph at lines 16943--16944
warning: automata_unified_revised.tex:16944: Underfull \hbox (badness 3965) in paragraph at lines 16944--16944
warning: automata_unified_revised.tex:16948: Underfull \hbox (badness 10000) in paragraph at lines 16947--16948
warning: automata_unified_revised.tex:16948: Underfull \hbox (badness 3271) in paragraph at lines 16948--16948
warning: automata_unified_revised.tex:16952: Underfull \hbox (badness 10000) in paragraph at lines 16951--16952
warning: automata_unified_revised.tex:16952: Underfull \hbox (badness 10000) in paragraph at lines 16951--16952
warning: automata_unified_revised.tex:16953: Underfull \hbox (badness 10000) in paragraph at lines 16952--16953
warning: automata_unified_revised.tex:16953: Underfull \hbox (badness 10000) in paragraph at lines 16952--16953
warning: automata_unified_revised.tex:16956: Underfull \hbox (badness 10000) in paragraph at lines 16954--16956
warning: automata_unified_revised.tex:16956: Underfull \hbox (badness 10000) in paragraph at lines 16954--16956
warning: automata_unified_revised.tex:16957: Underfull \hbox (badness 10000) in paragraph at lines 16956--16957
warning: automata_unified_revised.tex:16957: Underfull \hbox (badness 10000) in paragraph at lines 16956--16957
warning: automata_unified_revised.tex:16958: Underfull \hbox (badness 10000) in paragraph at lines 16957--16958
warning: automata_unified_revised.tex:16958: Underfull \hbox (badness 10000) in paragraph at lines 16957--16958
warning: automata_unified_revised.tex:16958: Underfull \hbox (badness 1308) in paragraph at lines 16958--16958
warning: automata_unified_revised.tex:16961: Underfull \hbox (badness 1895) in paragraph at lines 16959--16961
warning: automata_unified_revised.tex:16962: Underfull \hbox (badness 10000) in paragraph at lines 16961--16962
warning: automata_unified_revised.tex:16965: Underfull \hbox (badness 10000) in paragraph at lines 16965--16965
warning: automata_unified_revised.tex:16966: Underfull \hbox (badness 10000) in paragraph at lines 16965--16966
warning: automata_unified_revised.tex:16966: Underfull \hbox (badness 10000) in paragraph at lines 16966--16966
warning: automata_unified_revised.tex:16969: Underfull \hbox (badness 7238) in paragraph at lines 16967--16969
warning: automata_unified_revised.tex:16969: Underfull \hbox (badness 10000) in paragraph at lines 16969--16969
warning: automata_unified_revised.tex:16969: Underfull \hbox (badness 10000) in paragraph at lines 16969--16969
warning: automata_unified_revised.tex:16970: Underfull \hbox (badness 10000) in paragraph at lines 16969--16970
warning: automata_unified_revised.tex:16970: Underfull \hbox (badness 10000) in paragraph at lines 16970--16970
warning: automata_unified_revised.tex:16970: Underfull \hbox (badness 8151) in paragraph at lines 16970--16970
warning: automata_unified_revised.tex:16970: Underfull \hbox (badness 10000) in paragraph at lines 16970--16970
warning: automata_unified_revised.tex:16973: Underfull \hbox (badness 10000) in paragraph at lines 16971--16973
warning: automata_unified_revised.tex:16974: Underfull \hbox (badness 10000) in paragraph at lines 16973--16974
warning: automata_unified_revised.tex:16977: Underfull \hbox (badness 10000) in paragraph at lines 16975--16977
warning: automata_unified_revised.tex:16978: Underfull \hbox (badness 10000) in paragraph at lines 16977--16978
warning: automata_unified_revised.tex:16979: Underfull \hbox (badness 3965) in paragraph at lines 16978--16979
warning: automata_unified_revised.tex:16999: Underfull \hbox (badness 2080) in paragraph at lines 16997--16999
warning: automata_unified_revised.tex:17003: Underfull \hbox (badness 7759) in paragraph at lines 17001--17003
warning: automata_unified_revised.tex:17005: Underfull \hbox (badness 10000) in paragraph at lines 17004--17005
warning: automata_unified_revised.tex:17005: Underfull \hbox (badness 10000) in paragraph at lines 17004--17005
warning: automata_unified_revised.tex:17005: Underfull \hbox (badness 10000) in paragraph at lines 17004--17005
warning: automata_unified_revised.tex:17008: Underfull \hbox (badness 10000) in paragraph at lines 17006--17008
warning: automata_unified_revised.tex:17009: Underfull \hbox (badness 10000) in paragraph at lines 17009--17009
warning: automata_unified_revised.tex:17012: Underfull \hbox (badness 2150) in paragraph at lines 17010--17012
warning: automata_unified_revised.tex:17016: Underfull \hbox (badness 10000) in paragraph at lines 17014--17016
warning: automata_unified_revised.tex:17017: Underfull \hbox (badness 10000) in paragraph at lines 17017--17017
warning: automata_unified_revised.tex:17017: Underfull \hbox (badness 10000) in paragraph at lines 17017--17017
warning: automata_unified_revised.tex:17020: Underfull \hbox (badness 10000) in paragraph at lines 17018--17020
warning: automata_unified_revised.tex:17020: Underfull \hbox (badness 10000) in paragraph at lines 17018--17020
warning: automata_unified_revised.tex:17020: Underfull \hbox (badness 4699) in paragraph at lines 17020--17020
warning: automata_unified_revised.tex:17024: Underfull \hbox (badness 10000) in paragraph at lines 17022--17024
warning: automata_unified_revised.tex:17024: Underfull \hbox (badness 10000) in paragraph at lines 17022--17024
warning: automata_unified_revised.tex:17024: Underfull \hbox (badness 4699) in paragraph at lines 17024--17024
warning: automata_unified_revised.tex:17026: Underfull \hbox (badness 10000) in paragraph at lines 17025--17026
warning: automata_unified_revised.tex:17026: Underfull \hbox (badness 10000) in paragraph at lines 17025--17026
warning: automata_unified_revised.tex:17026: Underfull \hbox (badness 1127) in paragraph at lines 17025--17026
warning: automata_unified_revised.tex:17026: Underfull \hbox (badness 1924) in paragraph at lines 17025--17026
warning: automata_unified_revised.tex:17026: Underfull \hbox (badness 10000) in paragraph at lines 17025--17026
warning: automata_unified_revised.tex:17028: Underfull \hbox (badness 10000) in paragraph at lines 17027--17028
warning: automata_unified_revised.tex:17028: Underfull \hbox (badness 4699) in paragraph at lines 17028--17028
warning: automata_unified_revised.tex:17168: Overfull \hbox (49.47253pt too wide) in paragraph at lines 17163--17168
warning: automata_unified_revised.tex:17195: Overfull \hbox (4.79388pt too wide) in paragraph at lines 17192--17195
warning: automata_unified_revised.tex:17199: Overfull \hbox (17.6617pt too wide) in paragraph at lines 17195--17199
warning: automata_unified_revised.tex:17257: Overfull \hbox (9.3824pt too wide) in paragraph at lines 17252--17257
warning: automata_unified_revised.tex:17307: Overfull \hbox (3.24095pt too wide) in paragraph at lines 17286--17307
warning: automata_unified_revised.tex:17409: Overfull \hbox (2.645pt too wide) in paragraph at lines 17406--17409
warning: automata_unified_revised.tex:17571: Overfull \hbox (13.72104pt too wide) in paragraph at lines 17563--17571
warning: automata_unified_revised.tex:17700: Overfull \hbox (38.78967pt too wide) in paragraph at lines 17693--17700
warning: warnings were issued by the TeX engine; use --print and/or --keep-logs for details.
note: Running xdvipdfmx ...
note: Writing `automata_unified_revised.log` (42.88 KiB)
note: Writing `automata_unified_revised.pdf` (1.08 MiB)
note: Skipped writing 3 intermediate files (use --keep-intermediates to keep them)
