note: Running TeX ...
warning: automata_unified_revised.tex:216: Overfull \hbox (4.2316pt too wide) in paragraph at lines 201--216
warning: automata_unified_revised.tex:231: Overfull \hbox (3.61508pt too wide) in paragraph at lines 217--231
warning: automata_unified_revised.tex:1830: Overfull \hbox (0.3517pt too wide) in paragraph at lines 1829--1830
warning: automata_unified_revised.tex:2363: Overfull \hbox (61.25218pt too wide) in paragraph at lines 2349--2363
warning: automata_unified_revised.tex:3193: Overfull \hbox (70.76102pt too wide) in paragraph at lines 3175--3193
warning: automata_unified_revised.tex:3785: Overfull \hbox (2.89696pt too wide) in paragraph at lines 3781--3785
warning: automata_unified_revised.tex:4380: Overfull \hbox (2.72229pt too wide) in paragraph at lines 4372--4380
warning: automata_unified_revised.tex:5073: Overfull \hbox (6.80577pt too wide) detected at line 5073
warning: automata_unified_revised.tex:5825: Overfull \hbox (9.6437pt too wide) in paragraph at lines 5821--5825
warning: automata_unified_revised.tex:6077: Overfull \hbox (75.44267pt too wide) detected at line 6077
warning: automata_unified_revised.tex:6453: Overfull \hbox (12.40726pt too wide) detected at line 6453
warning: automata_unified_revised.tex:6951: Overfull \hbox (1.36235pt too wide) in paragraph at lines 6947--6951
warning: automata_unified_revised.tex:6974: Overfull \hbox (12.1486pt too wide) detected at line 6974
warning: automata_unified_revised.tex:7172: Overfull \hbox (4.50041pt too wide) in paragraph at lines 7167--7172
warning: automata_unified_revised.tex:7240: Overfull \hbox (0.64772pt too wide) in paragraph at lines 7239--7240
warning: automata_unified_revised.tex:7439: Overfull \hbox (18.78897pt too wide) in paragraph at lines 7430--7439
warning: automata_unified_revised.tex:7671: Overfull \hbox (1.56711pt too wide) in paragraph at lines 7668--7671
warning: automata_unified_revised.tex:7700: Overfull \hbox (16.48105pt too wide) in paragraph at lines 7697--7700
warning: automata_unified_revised.tex:8093: Overfull \hbox (13.00099pt too wide) in paragraph at lines 8091--8093
warning: automata_unified_revised.tex:8372: Overfull \hbox (2.76102pt too wide) in paragraph at lines 8367--8372
warning: automata_unified_revised.tex:8488: Overfull \hbox (76.11006pt too wide) in paragraph at lines 8478--8488
warning: automata_unified_revised.tex:9433: Overfull \hbox (42.38066pt too wide) in paragraph at lines 9428--9433
warning: automata_unified_revised.tex:9587: Overfull \hbox (0.62993pt too wide) in paragraph at lines 9584--9587
warning: automata_unified_revised.tex:9734: Overfull \hbox (1.05005pt too wide) in paragraph at lines 9732--9734
warning: automata_unified_revised.tex:10721: Overfull \hbox (21.78067pt too wide) in paragraph at lines 10715--10721
warning: automata_unified_revised.tex:10802: Overfull \hbox (16.87627pt too wide) in paragraph at lines 10798--10802
warning: automata_unified_revised.tex:10851: Overfull \hbox (6.1838pt too wide) in paragraph at lines 10848--10851
warning: automata_unified_revised.tex:11499: Overfull \hbox (1.90305pt too wide) in paragraph at lines 11491--11499
warning: automata_unified_revised.tex:11557: Overfull \hbox (85.66359pt too wide) detected at line 11557
warning: automata_unified_revised.tex:11965: Overfull \hbox (27.39441pt too wide) in paragraph at lines 11963--11965
warning: automata_unified_revised.tex:12806: Overfull \hbox (0.6905pt too wide) in paragraph at lines 12801--12806
warning: automata_unified_revised.tex:14398: Overfull \hbox (19.17699pt too wide) in paragraph at lines 14394--14398
warning: automata_unified_revised.tex:14975: Overfull \hbox (7.86597pt too wide) in paragraph at lines 14965--14975
warning: automata_unified_revised.tex:15218: Overfull \hbox (1.72992pt too wide) in paragraph at lines 15212--15218
warning: automata_unified_revised.tex:15886: Overfull \hbox (32.74446pt too wide) in paragraph at lines 15875--15886
warning: automata_unified_revised.tex:16592: Overfull \hbox (35.59953pt too wide) in paragraph at lines 16574--16592
warning: automata_unified_revised.tex:16742: Overfull \hbox (18.75572pt too wide) in paragraph at lines 16738--16742
warning: automata_unified_revised.tex:16835: Overfull \hbox (3.433pt too wide) in paragraph at lines 16834--16835
warning: automata_unified_revised.tex:16884: Overfull \hbox (146.27783pt too wide) in paragraph at lines 16881--16884
warning: automata_unified_revised.tex:16888: Overfull \hbox (392.3921pt too wide) in paragraph at lines 16884--16888
warning: automata_unified_revised.tex:16947: Overfull \hbox (4.57132pt too wide) in paragraph at lines 16947--16947
warning: automata_unified_revised.tex:16951: Underfull \hbox (badness 10000) in paragraph at lines 16949--16951
warning: automata_unified_revised.tex:16951: Underfull \hbox (badness 10000) in paragraph at lines 16949--16951
warning: automata_unified_revised.tex:16951: Overfull \hbox (3.00194pt too wide) in paragraph at lines 16951--16951
warning: automata_unified_revised.tex:16951: Underfull \hbox (badness 3312) in paragraph at lines 16951--16951
warning: automata_unified_revised.tex:16952: Underfull \hbox (badness 10000) in paragraph at lines 16951--16952
warning: automata_unified_revised.tex:16955: Underfull \hbox (badness 10000) in paragraph at lines 16953--16955
warning: automata_unified_revised.tex:16955: Underfull \hbox (badness 1038) in paragraph at lines 16953--16955
warning: automata_unified_revised.tex:16955: Underfull \hbox (badness 10000) in paragraph at lines 16955--16955
warning: automata_unified_revised.tex:16955: Underfull \hbox (badness 3312) in paragraph at lines 16955--16955
warning: automata_unified_revised.tex:16956: Underfull \hbox (badness 10000) in paragraph at lines 16955--16956
warning: automata_unified_revised.tex:16959: Underfull \hbox (badness 10000) in paragraph at lines 16957--16959
warning: automata_unified_revised.tex:16959: Underfull \hbox (badness 10000) in paragraph at lines 16959--16959
warning: automata_unified_revised.tex:16959: Underfull \hbox (badness 3312) in paragraph at lines 16959--16959
warning: automata_unified_revised.tex:16960: Underfull \hbox (badness 10000) in paragraph at lines 16959--16960
warning: automata_unified_revised.tex:16960: Underfull \hbox (badness 10000) in paragraph at lines 16959--16960
warning: automata_unified_revised.tex:16960: Underfull \hbox (badness 10000) in paragraph at lines 16959--16960
warning: automata_unified_revised.tex:16963: Underfull \hbox (badness 3449) in paragraph at lines 16961--16963
warning: automata_unified_revised.tex:16964: Underfull \hbox (badness 10000) in paragraph at lines 16963--16964
warning: automata_unified_revised.tex:16964: Underfull \hbox (badness 3965) in paragraph at lines 16964--16964
warning: automata_unified_revised.tex:16968: Underfull \hbox (badness 10000) in paragraph at lines 16967--16968
warning: automata_unified_revised.tex:16968: Underfull \hbox (badness 3271) in paragraph at lines 16968--16968
warning: automata_unified_revised.tex:16972: Underfull \hbox (badness 10000) in paragraph at lines 16971--16972
warning: automata_unified_revised.tex:16972: Underfull \hbox (badness 10000) in paragraph at lines 16971--16972
warning: automata_unified_revised.tex:16973: Underfull \hbox (badness 10000) in paragraph at lines 16972--16973
warning: automata_unified_revised.tex:16973: Underfull \hbox (badness 10000) in paragraph at lines 16972--16973
warning: automata_unified_revised.tex:16976: Underfull \hbox (badness 2735) in paragraph at lines 16974--16976
warning: automata_unified_revised.tex:16977: Underfull \hbox (badness 10000) in paragraph at lines 16976--16977
warning: automata_unified_revised.tex:16977: Underfull \hbox (badness 10000) in paragraph at lines 16976--16977
warning: automata_unified_revised.tex:16978: Underfull \hbox (badness 10000) in paragraph at lines 16977--16978
warning: automata_unified_revised.tex:16978: Underfull \hbox (badness 10000) in paragraph at lines 16977--16978
warning: automata_unified_revised.tex:16978: Underfull \hbox (badness 1308) in paragraph at lines 16978--16978
warning: automata_unified_revised.tex:16981: Underfull \hbox (badness 1895) in paragraph at lines 16979--16981
warning: automata_unified_revised.tex:16982: Underfull \hbox (badness 10000) in paragraph at lines 16981--16982
warning: automata_unified_revised.tex:16985: Underfull \hbox (badness 10000) in paragraph at lines 16985--16985
warning: automata_unified_revised.tex:16986: Underfull \hbox (badness 10000) in paragraph at lines 16985--16986
warning: automata_unified_revised.tex:16986: Underfull \hbox (badness 10000) in paragraph at lines 16986--16986
warning: automata_unified_revised.tex:16989: Underfull \hbox (badness 7238) in paragraph at lines 16987--16989
warning: automata_unified_revised.tex:16989: Underfull \hbox (badness 10000) in paragraph at lines 16989--16989
warning: automata_unified_revised.tex:16989: Underfull \hbox (badness 10000) in paragraph at lines 16989--16989
warning: automata_unified_revised.tex:16990: Underfull \hbox (badness 10000) in paragraph at lines 16989--16990
warning: automata_unified_revised.tex:16990: Underfull \hbox (badness 10000) in paragraph at lines 16990--16990
warning: automata_unified_revised.tex:16990: Underfull \hbox (badness 8151) in paragraph at lines 16990--16990
warning: automata_unified_revised.tex:16990: Underfull \hbox (badness 10000) in paragraph at lines 16990--16990
warning: automata_unified_revised.tex:16993: Underfull \hbox (badness 10000) in paragraph at lines 16991--16993
warning: automata_unified_revised.tex:16994: Underfull \hbox (badness 10000) in paragraph at lines 16993--16994
warning: automata_unified_revised.tex:16997: Underfull \hbox (badness 10000) in paragraph at lines 16995--16997
warning: automata_unified_revised.tex:16998: Underfull \hbox (badness 10000) in paragraph at lines 16997--16998
warning: automata_unified_revised.tex:16999: Underfull \hbox (badness 3965) in paragraph at lines 16998--16999
warning: automata_unified_revised.tex:17019: Underfull \hbox (badness 2080) in paragraph at lines 17017--17019
warning: automata_unified_revised.tex:17023: Underfull \hbox (badness 7759) in paragraph at lines 17021--17023
warning: automata_unified_revised.tex:17025: Underfull \hbox (badness 10000) in paragraph at lines 17024--17025
warning: automata_unified_revised.tex:17025: Underfull \hbox (badness 10000) in paragraph at lines 17024--17025
warning: automata_unified_revised.tex:17025: Underfull \hbox (badness 10000) in paragraph at lines 17024--17025
warning: automata_unified_revised.tex:17028: Underfull \hbox (badness 10000) in paragraph at lines 17026--17028
warning: automata_unified_revised.tex:17029: Underfull \hbox (badness 10000) in paragraph at lines 17029--17029
warning: automata_unified_revised.tex:17032: Underfull \hbox (badness 2150) in paragraph at lines 17030--17032
warning: automata_unified_revised.tex:17036: Underfull \hbox (badness 10000) in paragraph at lines 17034--17036
warning: automata_unified_revised.tex:17037: Underfull \hbox (badness 10000) in paragraph at lines 17037--17037
warning: automata_unified_revised.tex:17037: Underfull \hbox (badness 10000) in paragraph at lines 17037--17037
warning: automata_unified_revised.tex:17040: Underfull \hbox (badness 10000) in paragraph at lines 17038--17040
warning: automata_unified_revised.tex:17040: Underfull \hbox (badness 4699) in paragraph at lines 17040--17040
warning: automata_unified_revised.tex:17044: Underfull \hbox (badness 10000) in paragraph at lines 17042--17044
warning: automata_unified_revised.tex:17044: Underfull \hbox (badness 4699) in paragraph at lines 17044--17044
warning: automata_unified_revised.tex:17046: Underfull \hbox (badness 10000) in paragraph at lines 17045--17046
warning: automata_unified_revised.tex:17046: Underfull \hbox (badness 10000) in paragraph at lines 17045--17046
warning: automata_unified_revised.tex:17046: Underfull \hbox (badness 1127) in paragraph at lines 17045--17046
warning: automata_unified_revised.tex:17046: Underfull \hbox (badness 1924) in paragraph at lines 17045--17046
warning: automata_unified_revised.tex:17046: Underfull \hbox (badness 10000) in paragraph at lines 17045--17046
warning: automata_unified_revised.tex:17048: Underfull \hbox (badness 10000) in paragraph at lines 17047--17048
warning: automata_unified_revised.tex:17048: Underfull \hbox (badness 4699) in paragraph at lines 17048--17048
warning: automata_unified_revised.tex:17188: Overfull \hbox (49.47253pt too wide) in paragraph at lines 17183--17188
warning: automata_unified_revised.tex:17215: Overfull \hbox (4.79388pt too wide) in paragraph at lines 17212--17215
warning: automata_unified_revised.tex:17219: Overfull \hbox (3.6217pt too wide) in paragraph at lines 17215--17219
warning: automata_unified_revised.tex:17277: Overfull \hbox (9.3824pt too wide) in paragraph at lines 17272--17277
warning: automata_unified_revised.tex:17327: Overfull \hbox (3.24095pt too wide) in paragraph at lines 17306--17327
warning: automata_unified_revised.tex:17429: Overfull \hbox (2.645pt too wide) in paragraph at lines 17426--17429
warning: automata_unified_revised.tex:17591: Overfull \hbox (13.72104pt too wide) in paragraph at lines 17583--17591
warning: automata_unified_revised.tex:17720: Overfull \hbox (38.78967pt too wide) in paragraph at lines 17713--17720
note: Rerunning TeX because "automata_unified_revised.aux" changed ...
warning: automata_unified_revised.tex:216: Overfull \hbox (4.2316pt too wide) in paragraph at lines 201--216
warning: automata_unified_revised.tex:231: Overfull \hbox (3.61508pt too wide) in paragraph at lines 217--231
warning: automata_unified_revised.tex:1830: Overfull \hbox (0.3517pt too wide) in paragraph at lines 1829--1830
warning: automata_unified_revised.tex:2363: Overfull \hbox (61.25218pt too wide) in paragraph at lines 2349--2363
warning: automata_unified_revised.tex:3114: Overfull \hbox (7.13702pt too wide) in paragraph at lines 3109--3114
warning: automata_unified_revised.tex:3193: Overfull \hbox (70.76102pt too wide) in paragraph at lines 3175--3193
warning: automata_unified_revised.tex:3785: Overfull \hbox (2.89696pt too wide) in paragraph at lines 3781--3785
warning: automata_unified_revised.tex:4380: Overfull \hbox (2.72229pt too wide) in paragraph at lines 4372--4380
warning: automata_unified_revised.tex:5073: Overfull \hbox (6.80577pt too wide) detected at line 5073
warning: automata_unified_revised.tex:5825: Overfull \hbox (9.6437pt too wide) in paragraph at lines 5821--5825
warning: automata_unified_revised.tex:6077: Overfull \hbox (75.44267pt too wide) detected at line 6077
warning: automata_unified_revised.tex:6453: Overfull \hbox (12.40726pt too wide) detected at line 6453
warning: automata_unified_revised.tex:6951: Overfull \hbox (1.36235pt too wide) in paragraph at lines 6947--6951
warning: automata_unified_revised.tex:6974: Overfull \hbox (12.1486pt too wide) detected at line 6974
warning: automata_unified_revised.tex:7172: Overfull \hbox (4.50041pt too wide) in paragraph at lines 7167--7172
warning: automata_unified_revised.tex:7240: Overfull \hbox (0.64772pt too wide) in paragraph at lines 7239--7240
warning: automata_unified_revised.tex:7439: Overfull \hbox (18.78897pt too wide) in paragraph at lines 7430--7439
warning: automata_unified_revised.tex:7671: Overfull \hbox (1.56711pt too wide) in paragraph at lines 7668--7671
warning: automata_unified_revised.tex:7700: Overfull \hbox (16.48105pt too wide) in paragraph at lines 7697--7700
warning: automata_unified_revised.tex:8093: Overfull \hbox (13.00099pt too wide) in paragraph at lines 8091--8093
warning: automata_unified_revised.tex:8372: Overfull \hbox (2.76102pt too wide) in paragraph at lines 8367--8372
warning: automata_unified_revised.tex:8488: Overfull \hbox (76.11006pt too wide) in paragraph at lines 8478--8488
warning: automata_unified_revised.tex:9433: Overfull \hbox (42.38066pt too wide) in paragraph at lines 9428--9433
warning: automata_unified_revised.tex:9587: Overfull \hbox (0.62993pt too wide) in paragraph at lines 9584--9587
warning: automata_unified_revised.tex:9734: Overfull \hbox (1.05005pt too wide) in paragraph at lines 9732--9734
warning: automata_unified_revised.tex:10721: Overfull \hbox (21.78067pt too wide) in paragraph at lines 10715--10721
warning: automata_unified_revised.tex:10802: Overfull \hbox (16.87627pt too wide) in paragraph at lines 10798--10802
warning: automata_unified_revised.tex:10851: Overfull \hbox (6.1838pt too wide) in paragraph at lines 10848--10851
warning: automata_unified_revised.tex:11499: Overfull \hbox (1.90305pt too wide) in paragraph at lines 11491--11499
warning: automata_unified_revised.tex:11557: Overfull \hbox (85.66359pt too wide) detected at line 11557
warning: automata_unified_revised.tex:11965: Overfull \hbox (27.39441pt too wide) in paragraph at lines 11963--11965
warning: automata_unified_revised.tex:12806: Overfull \hbox (0.6905pt too wide) in paragraph at lines 12801--12806
warning: automata_unified_revised.tex:13132: Overfull \hbox (4.10127pt too wide) in paragraph at lines 13128--13132
warning: automata_unified_revised.tex:14398: Overfull \hbox (19.17699pt too wide) in paragraph at lines 14394--14398
warning: automata_unified_revised.tex:15218: Overfull \hbox (1.72992pt too wide) in paragraph at lines 15212--15218
warning: automata_unified_revised.tex:15604: Overfull \hbox (6.64368pt too wide) in paragraph at lines 15598--15604
warning: automata_unified_revised.tex:15886: Overfull \hbox (37.64047pt too wide) in paragraph at lines 15875--15886
warning: automata_unified_revised.tex:16592: Overfull \hbox (35.59953pt too wide) in paragraph at lines 16574--16592
warning: automata_unified_revised.tex:16742: Overfull \hbox (18.75572pt too wide) in paragraph at lines 16738--16742
warning: automata_unified_revised.tex:16835: Overfull \hbox (3.433pt too wide) in paragraph at lines 16834--16835
warning: automata_unified_revised.tex:16884: Overfull \hbox (146.27783pt too wide) in paragraph at lines 16881--16884
warning: automata_unified_revised.tex:16888: Overfull \hbox (392.3921pt too wide) in paragraph at lines 16884--16888
warning: automata_unified_revised.tex:16947: Overfull \hbox (4.57132pt too wide) in paragraph at lines 16947--16947
warning: automata_unified_revised.tex:16951: Underfull \hbox (badness 10000) in paragraph at lines 16949--16951
warning: automata_unified_revised.tex:16951: Underfull \hbox (badness 10000) in paragraph at lines 16949--16951
warning: automata_unified_revised.tex:16951: Overfull \hbox (3.00194pt too wide) in paragraph at lines 16951--16951
warning: automata_unified_revised.tex:16951: Underfull \hbox (badness 3312) in paragraph at lines 16951--16951
warning: automata_unified_revised.tex:16952: Underfull \hbox (badness 10000) in paragraph at lines 16951--16952
warning: automata_unified_revised.tex:16955: Underfull \hbox (badness 10000) in paragraph at lines 16953--16955
warning: automata_unified_revised.tex:16955: Underfull \hbox (badness 1038) in paragraph at lines 16953--16955
warning: automata_unified_revised.tex:16955: Underfull \hbox (badness 10000) in paragraph at lines 16955--16955
warning: automata_unified_revised.tex:16955: Underfull \hbox (badness 3312) in paragraph at lines 16955--16955
warning: automata_unified_revised.tex:16956: Underfull \hbox (badness 10000) in paragraph at lines 16955--16956
warning: automata_unified_revised.tex:16959: Underfull \hbox (badness 10000) in paragraph at lines 16957--16959
warning: automata_unified_revised.tex:16959: Underfull \hbox (badness 10000) in paragraph at lines 16959--16959
warning: automata_unified_revised.tex:16959: Underfull \hbox (badness 3312) in paragraph at lines 16959--16959
warning: automata_unified_revised.tex:16960: Underfull \hbox (badness 10000) in paragraph at lines 16959--16960
warning: automata_unified_revised.tex:16960: Underfull \hbox (badness 10000) in paragraph at lines 16959--16960
warning: automata_unified_revised.tex:16960: Underfull \hbox (badness 10000) in paragraph at lines 16959--16960
warning: automata_unified_revised.tex:16963: Underfull \hbox (badness 3449) in paragraph at lines 16961--16963
warning: automata_unified_revised.tex:16964: Underfull \hbox (badness 10000) in paragraph at lines 16963--16964
warning: automata_unified_revised.tex:16964: Underfull \hbox (badness 3965) in paragraph at lines 16964--16964
warning: automata_unified_revised.tex:16968: Underfull \hbox (badness 10000) in paragraph at lines 16967--16968
warning: automata_unified_revised.tex:16968: Underfull \hbox (badness 3271) in paragraph at lines 16968--16968
warning: automata_unified_revised.tex:16972: Underfull \hbox (badness 10000) in paragraph at lines 16971--16972
warning: automata_unified_revised.tex:16972: Underfull \hbox (badness 10000) in paragraph at lines 16971--16972
warning: automata_unified_revised.tex:16973: Underfull \hbox (badness 10000) in paragraph at lines 16972--16973
warning: automata_unified_revised.tex:16973: Underfull \hbox (badness 10000) in paragraph at lines 16972--16973
warning: automata_unified_revised.tex:16976: Underfull \hbox (badness 10000) in paragraph at lines 16974--16976
warning: automata_unified_revised.tex:16976: Underfull \hbox (badness 10000) in paragraph at lines 16974--16976
warning: automata_unified_revised.tex:16977: Underfull \hbox (badness 10000) in paragraph at lines 16976--16977
warning: automata_unified_revised.tex:16977: Underfull \hbox (badness 10000) in paragraph at lines 16976--16977
warning: automata_unified_revised.tex:16978: Underfull \hbox (badness 10000) in paragraph at lines 16977--16978
warning: automata_unified_revised.tex:16978: Underfull \hbox (badness 10000) in paragraph at lines 16977--16978
warning: automata_unified_revised.tex:16978: Underfull \hbox (badness 1308) in paragraph at lines 16978--16978
warning: automata_unified_revised.tex:16981: Underfull \hbox (badness 1895) in paragraph at lines 16979--16981
warning: automata_unified_revised.tex:16982: Underfull \hbox (badness 10000) in paragraph at lines 16981--16982
warning: automata_unified_revised.tex:16985: Underfull \hbox (badness 10000) in paragraph at lines 16985--16985
warning: automata_unified_revised.tex:16986: Underfull \hbox (badness 10000) in paragraph at lines 16985--16986
warning: automata_unified_revised.tex:16986: Underfull \hbox (badness 10000) in paragraph at lines 16986--16986
warning: automata_unified_revised.tex:16989: Underfull \hbox (badness 7238) in paragraph at lines 16987--16989
warning: automata_unified_revised.tex:16989: Underfull \hbox (badness 10000) in paragraph at lines 16989--16989
warning: automata_unified_revised.tex:16989: Underfull \hbox (badness 10000) in paragraph at lines 16989--16989
warning: automata_unified_revised.tex:16990: Underfull \hbox (badness 10000) in paragraph at lines 16989--16990
warning: automata_unified_revised.tex:16990: Underfull \hbox (badness 10000) in paragraph at lines 16990--16990
warning: automata_unified_revised.tex:16990: Underfull \hbox (badness 8151) in paragraph at lines 16990--16990
warning: automata_unified_revised.tex:16990: Underfull \hbox (badness 10000) in paragraph at lines 16990--16990
warning: automata_unified_revised.tex:16993: Underfull \hbox (badness 10000) in paragraph at lines 16991--16993
warning: automata_unified_revised.tex:16994: Underfull \hbox (badness 10000) in paragraph at lines 16993--16994
warning: automata_unified_revised.tex:16997: Underfull \hbox (badness 10000) in paragraph at lines 16995--16997
warning: automata_unified_revised.tex:16998: Underfull \hbox (badness 10000) in paragraph at lines 16997--16998
warning: automata_unified_revised.tex:16999: Underfull \hbox (badness 3965) in paragraph at lines 16998--16999
warning: automata_unified_revised.tex:17019: Underfull \hbox (badness 2080) in paragraph at lines 17017--17019
warning: automata_unified_revised.tex:17023: Underfull \hbox (badness 7759) in paragraph at lines 17021--17023
warning: automata_unified_revised.tex:17025: Underfull \hbox (badness 10000) in paragraph at lines 17024--17025
warning: automata_unified_revised.tex:17025: Underfull \hbox (badness 10000) in paragraph at lines 17024--17025
warning: automata_unified_revised.tex:17025: Underfull \hbox (badness 10000) in paragraph at lines 17024--17025
warning: automata_unified_revised.tex:17028: Underfull \hbox (badness 10000) in paragraph at lines 17026--17028
warning: automata_unified_revised.tex:17029: Underfull \hbox (badness 10000) in paragraph at lines 17029--17029
warning: automata_unified_revised.tex:17032: Underfull \hbox (badness 2150) in paragraph at lines 17030--17032
warning: automata_unified_revised.tex:17036: Underfull \hbox (badness 10000) in paragraph at lines 17034--17036
warning: automata_unified_revised.tex:17037: Underfull \hbox (badness 10000) in paragraph at lines 17037--17037
warning: automata_unified_revised.tex:17037: Underfull \hbox (badness 10000) in paragraph at lines 17037--17037
warning: automata_unified_revised.tex:17040: Underfull \hbox (badness 10000) in paragraph at lines 17038--17040
warning: automata_unified_revised.tex:17040: Underfull \hbox (badness 10000) in paragraph at lines 17038--17040
warning: automata_unified_revised.tex:17040: Underfull \hbox (badness 4699) in paragraph at lines 17040--17040
warning: automata_unified_revised.tex:17044: Underfull \hbox (badness 10000) in paragraph at lines 17042--17044
warning: automata_unified_revised.tex:17044: Underfull \hbox (badness 10000) in paragraph at lines 17042--17044
warning: automata_unified_revised.tex:17044: Underfull \hbox (badness 4699) in paragraph at lines 17044--17044
warning: automata_unified_revised.tex:17046: Underfull \hbox (badness 10000) in paragraph at lines 17045--17046
warning: automata_unified_revised.tex:17046: Underfull \hbox (badness 10000) in paragraph at lines 17045--17046
warning: automata_unified_revised.tex:17046: Underfull \hbox (badness 1127) in paragraph at lines 17045--17046
warning: automata_unified_revised.tex:17046: Underfull \hbox (badness 1924) in paragraph at lines 17045--17046
warning: automata_unified_revised.tex:17046: Underfull \hbox (badness 10000) in paragraph at lines 17045--17046
warning: automata_unified_revised.tex:17048: Underfull \hbox (badness 10000) in paragraph at lines 17047--17048
warning: automata_unified_revised.tex:17048: Underfull \hbox (badness 4699) in paragraph at lines 17048--17048
warning: automata_unified_revised.tex:17188: Overfull \hbox (49.47253pt too wide) in paragraph at lines 17183--17188
warning: automata_unified_revised.tex:17215: Overfull \hbox (4.79388pt too wide) in paragraph at lines 17212--17215
warning: automata_unified_revised.tex:17219: Overfull \hbox (17.6617pt too wide) in paragraph at lines 17215--17219
warning: automata_unified_revised.tex:17277: Overfull \hbox (9.3824pt too wide) in paragraph at lines 17272--17277
warning: automata_unified_revised.tex:17327: Overfull \hbox (3.24095pt too wide) in paragraph at lines 17306--17327
warning: automata_unified_revised.tex:17429: Overfull \hbox (2.645pt too wide) in paragraph at lines 17426--17429
warning: automata_unified_revised.tex:17591: Overfull \hbox (13.72104pt too wide) in paragraph at lines 17583--17591
warning: automata_unified_revised.tex:17720: Overfull \hbox (38.78967pt too wide) in paragraph at lines 17713--17720
note: Rerunning TeX because "automata_unified_revised.aux" changed ...
warning: automata_unified_revised.tex:216: Overfull \hbox (4.2316pt too wide) in paragraph at lines 201--216
warning: automata_unified_revised.tex:231: Overfull \hbox (3.61508pt too wide) in paragraph at lines 217--231
warning: automata_unified_revised.tex:1830: Overfull \hbox (0.3517pt too wide) in paragraph at lines 1829--1830
warning: automata_unified_revised.tex:2363: Overfull \hbox (61.25218pt too wide) in paragraph at lines 2349--2363
warning: automata_unified_revised.tex:3114: Overfull \hbox (7.13702pt too wide) in paragraph at lines 3109--3114
warning: automata_unified_revised.tex:3193: Overfull \hbox (70.76102pt too wide) in paragraph at lines 3175--3193
warning: automata_unified_revised.tex:3785: Overfull \hbox (2.89696pt too wide) in paragraph at lines 3781--3785
warning: automata_unified_revised.tex:4380: Overfull \hbox (2.72229pt too wide) in paragraph at lines 4372--4380
warning: automata_unified_revised.tex:5073: Overfull \hbox (6.80577pt too wide) detected at line 5073
warning: automata_unified_revised.tex:5825: Overfull \hbox (9.6437pt too wide) in paragraph at lines 5821--5825
warning: automata_unified_revised.tex:6077: Overfull \hbox (75.44267pt too wide) detected at line 6077
warning: automata_unified_revised.tex:6453: Overfull \hbox (12.40726pt too wide) detected at line 6453
warning: automata_unified_revised.tex:6951: Overfull \hbox (1.36235pt too wide) in paragraph at lines 6947--6951
warning: automata_unified_revised.tex:6974: Overfull \hbox (12.1486pt too wide) detected at line 6974
warning: automata_unified_revised.tex:7172: Overfull \hbox (4.50041pt too wide) in paragraph at lines 7167--7172
warning: automata_unified_revised.tex:7240: Overfull \hbox (0.64772pt too wide) in paragraph at lines 7239--7240
warning: automata_unified_revised.tex:7439: Overfull \hbox (18.78897pt too wide) in paragraph at lines 7430--7439
warning: automata_unified_revised.tex:7671: Overfull \hbox (1.56711pt too wide) in paragraph at lines 7668--7671
warning: automata_unified_revised.tex:7700: Overfull \hbox (16.48105pt too wide) in paragraph at lines 7697--7700
warning: automata_unified_revised.tex:8093: Overfull \hbox (13.00099pt too wide) in paragraph at lines 8091--8093
warning: automata_unified_revised.tex:8372: Overfull \hbox (2.76102pt too wide) in paragraph at lines 8367--8372
warning: automata_unified_revised.tex:8488: Overfull \hbox (76.11006pt too wide) in paragraph at lines 8478--8488
warning: automata_unified_revised.tex:9433: Overfull \hbox (42.38066pt too wide) in paragraph at lines 9428--9433
warning: automata_unified_revised.tex:9587: Overfull \hbox (0.62993pt too wide) in paragraph at lines 9584--9587
warning: automata_unified_revised.tex:9734: Overfull \hbox (1.05005pt too wide) in paragraph at lines 9732--9734
warning: automata_unified_revised.tex:10721: Overfull \hbox (21.78067pt too wide) in paragraph at lines 10715--10721
warning: automata_unified_revised.tex:10802: Overfull \hbox (16.87627pt too wide) in paragraph at lines 10798--10802
warning: automata_unified_revised.tex:10851: Overfull \hbox (6.1838pt too wide) in paragraph at lines 10848--10851
warning: automata_unified_revised.tex:11499: Overfull \hbox (1.90305pt too wide) in paragraph at lines 11491--11499
warning: automata_unified_revised.tex:11557: Overfull \hbox (85.66359pt too wide) detected at line 11557
warning: automata_unified_revised.tex:11965: Overfull \hbox (27.39441pt too wide) in paragraph at lines 11963--11965
warning: automata_unified_revised.tex:12806: Overfull \hbox (0.6905pt too wide) in paragraph at lines 12801--12806
warning: automata_unified_revised.tex:13132: Overfull \hbox (4.10127pt too wide) in paragraph at lines 13128--13132
warning: automata_unified_revised.tex:14398: Overfull \hbox (19.17699pt too wide) in paragraph at lines 14394--14398
warning: automata_unified_revised.tex:15218: Overfull \hbox (1.72992pt too wide) in paragraph at lines 15212--15218
warning: automata_unified_revised.tex:15604: Overfull \hbox (6.64368pt too wide) in paragraph at lines 15598--15604
warning: automata_unified_revised.tex:15886: Overfull \hbox (37.64047pt too wide) in paragraph at lines 15875--15886
warning: automata_unified_revised.tex:16592: Overfull \hbox (35.59953pt too wide) in paragraph at lines 16574--16592
warning: automata_unified_revised.tex:16742: Overfull \hbox (18.75572pt too wide) in paragraph at lines 16738--16742
warning: automata_unified_revised.tex:16835: Overfull \hbox (3.433pt too wide) in paragraph at lines 16834--16835
warning: automata_unified_revised.tex:16884: Overfull \hbox (146.27783pt too wide) in paragraph at lines 16881--16884
warning: automata_unified_revised.tex:16888: Overfull \hbox (392.3921pt too wide) in paragraph at lines 16884--16888
warning: automata_unified_revised.tex:16947: Overfull \hbox (4.57132pt too wide) in paragraph at lines 16947--16947
warning: automata_unified_revised.tex:16951: Underfull \hbox (badness 10000) in paragraph at lines 16949--16951
warning: automata_unified_revised.tex:16951: Underfull \hbox (badness 10000) in paragraph at lines 16949--16951
warning: automata_unified_revised.tex:16951: Overfull \hbox (3.00194pt too wide) in paragraph at lines 16951--16951
warning: automata_unified_revised.tex:16951: Underfull \hbox (badness 3312) in paragraph at lines 16951--16951
warning: automata_unified_revised.tex:16952: Underfull \hbox (badness 10000) in paragraph at lines 16951--16952
warning: automata_unified_revised.tex:16955: Underfull \hbox (badness 10000) in paragraph at lines 16953--16955
warning: automata_unified_revised.tex:16955: Underfull \hbox (badness 1038) in paragraph at lines 16953--16955
warning: automata_unified_revised.tex:16955: Underfull \hbox (badness 10000) in paragraph at lines 16955--16955
warning: automata_unified_revised.tex:16955: Underfull \hbox (badness 3312) in paragraph at lines 16955--16955
warning: automata_unified_revised.tex:16956: Underfull \hbox (badness 10000) in paragraph at lines 16955--16956
warning: automata_unified_revised.tex:16959: Underfull \hbox (badness 10000) in paragraph at lines 16957--16959
warning: automata_unified_revised.tex:16959: Underfull \hbox (badness 10000) in paragraph at lines 16959--16959
warning: automata_unified_revised.tex:16959: Underfull \hbox (badness 3312) in paragraph at lines 16959--16959
warning: automata_unified_revised.tex:16960: Underfull \hbox (badness 10000) in paragraph at lines 16959--16960
warning: automata_unified_revised.tex:16960: Underfull \hbox (badness 10000) in paragraph at lines 16959--16960
warning: automata_unified_revised.tex:16960: Underfull \hbox (badness 10000) in paragraph at lines 16959--16960
warning: automata_unified_revised.tex:16963: Underfull \hbox (badness 3449) in paragraph at lines 16961--16963
warning: automata_unified_revised.tex:16964: Underfull \hbox (badness 10000) in paragraph at lines 16963--16964
warning: automata_unified_revised.tex:16964: Underfull \hbox (badness 3965) in paragraph at lines 16964--16964
warning: automata_unified_revised.tex:16968: Underfull \hbox (badness 10000) in paragraph at lines 16967--16968
warning: automata_unified_revised.tex:16968: Underfull \hbox (badness 3271) in paragraph at lines 16968--16968
warning: automata_unified_revised.tex:16972: Underfull \hbox (badness 10000) in paragraph at lines 16971--16972
warning: automata_unified_revised.tex:16972: Underfull \hbox (badness 10000) in paragraph at lines 16971--16972
warning: automata_unified_revised.tex:16973: Underfull \hbox (badness 10000) in paragraph at lines 16972--16973
warning: automata_unified_revised.tex:16973: Underfull \hbox (badness 10000) in paragraph at lines 16972--16973
warning: automata_unified_revised.tex:16976: Underfull \hbox (badness 10000) in paragraph at lines 16974--16976
warning: automata_unified_revised.tex:16976: Underfull \hbox (badness 10000) in paragraph at lines 16974--16976
warning: automata_unified_revised.tex:16977: Underfull \hbox (badness 10000) in paragraph at lines 16976--16977
warning: automata_unified_revised.tex:16977: Underfull \hbox (badness 10000) in paragraph at lines 16976--16977
warning: automata_unified_revised.tex:16978: Underfull \hbox (badness 10000) in paragraph at lines 16977--16978
warning: automata_unified_revised.tex:16978: Underfull \hbox (badness 10000) in paragraph at lines 16977--16978
warning: automata_unified_revised.tex:16978: Underfull \hbox (badness 1308) in paragraph at lines 16978--16978
warning: automata_unified_revised.tex:16981: Underfull \hbox (badness 1895) in paragraph at lines 16979--16981
warning: automata_unified_revised.tex:16982: Underfull \hbox (badness 10000) in paragraph at lines 16981--16982
warning: automata_unified_revised.tex:16985: Underfull \hbox (badness 10000) in paragraph at lines 16985--16985
warning: automata_unified_revised.tex:16986: Underfull \hbox (badness 10000) in paragraph at lines 16985--16986
warning: automata_unified_revised.tex:16986: Underfull \hbox (badness 10000) in paragraph at lines 16986--16986
warning: automata_unified_revised.tex:16989: Underfull \hbox (badness 7238) in paragraph at lines 16987--16989
warning: automata_unified_revised.tex:16989: Underfull \hbox (badness 10000) in paragraph at lines 16989--16989
warning: automata_unified_revised.tex:16989: Underfull \hbox (badness 10000) in paragraph at lines 16989--16989
warning: automata_unified_revised.tex:16990: Underfull \hbox (badness 10000) in paragraph at lines 16989--16990
warning: automata_unified_revised.tex:16990: Underfull \hbox (badness 10000) in paragraph at lines 16990--16990
warning: automata_unified_revised.tex:16990: Underfull \hbox (badness 8151) in paragraph at lines 16990--16990
warning: automata_unified_revised.tex:16990: Underfull \hbox (badness 10000) in paragraph at lines 16990--16990
warning: automata_unified_revised.tex:16993: Underfull \hbox (badness 10000) in paragraph at lines 16991--16993
warning: automata_unified_revised.tex:16994: Underfull \hbox (badness 10000) in paragraph at lines 16993--16994
warning: automata_unified_revised.tex:16997: Underfull \hbox (badness 10000) in paragraph at lines 16995--16997
warning: automata_unified_revised.tex:16998: Underfull \hbox (badness 10000) in paragraph at lines 16997--16998
warning: automata_unified_revised.tex:16999: Underfull \hbox (badness 3965) in paragraph at lines 16998--16999
warning: automata_unified_revised.tex:17019: Underfull \hbox (badness 2080) in paragraph at lines 17017--17019
warning: automata_unified_revised.tex:17023: Underfull \hbox (badness 7759) in paragraph at lines 17021--17023
warning: automata_unified_revised.tex:17025: Underfull \hbox (badness 10000) in paragraph at lines 17024--17025
warning: automata_unified_revised.tex:17025: Underfull \hbox (badness 10000) in paragraph at lines 17024--17025
warning: automata_unified_revised.tex:17025: Underfull \hbox (badness 10000) in paragraph at lines 17024--17025
warning: automata_unified_revised.tex:17028: Underfull \hbox (badness 10000) in paragraph at lines 17026--17028
warning: automata_unified_revised.tex:17029: Underfull \hbox (badness 10000) in paragraph at lines 17029--17029
warning: automata_unified_revised.tex:17032: Underfull \hbox (badness 2150) in paragraph at lines 17030--17032
warning: automata_unified_revised.tex:17036: Underfull \hbox (badness 10000) in paragraph at lines 17034--17036
warning: automata_unified_revised.tex:17037: Underfull \hbox (badness 10000) in paragraph at lines 17037--17037
warning: automata_unified_revised.tex:17037: Underfull \hbox (badness 10000) in paragraph at lines 17037--17037
warning: automata_unified_revised.tex:17040: Underfull \hbox (badness 10000) in paragraph at lines 17038--17040
warning: automata_unified_revised.tex:17040: Underfull \hbox (badness 10000) in paragraph at lines 17038--17040
warning: automata_unified_revised.tex:17040: Underfull \hbox (badness 4699) in paragraph at lines 17040--17040
warning: automata_unified_revised.tex:17044: Underfull \hbox (badness 10000) in paragraph at lines 17042--17044
warning: automata_unified_revised.tex:17044: Underfull \hbox (badness 10000) in paragraph at lines 17042--17044
warning: automata_unified_revised.tex:17044: Underfull \hbox (badness 4699) in paragraph at lines 17044--17044
warning: automata_unified_revised.tex:17046: Underfull \hbox (badness 10000) in paragraph at lines 17045--17046
warning: automata_unified_revised.tex:17046: Underfull \hbox (badness 10000) in paragraph at lines 17045--17046
warning: automata_unified_revised.tex:17046: Underfull \hbox (badness 1127) in paragraph at lines 17045--17046
warning: automata_unified_revised.tex:17046: Underfull \hbox (badness 1924) in paragraph at lines 17045--17046
warning: automata_unified_revised.tex:17046: Underfull \hbox (badness 10000) in paragraph at lines 17045--17046
warning: automata_unified_revised.tex:17048: Underfull \hbox (badness 10000) in paragraph at lines 17047--17048
warning: automata_unified_revised.tex:17048: Underfull \hbox (badness 4699) in paragraph at lines 17048--17048
warning: automata_unified_revised.tex:17188: Overfull \hbox (49.47253pt too wide) in paragraph at lines 17183--17188
warning: automata_unified_revised.tex:17215: Overfull \hbox (4.79388pt too wide) in paragraph at lines 17212--17215
warning: automata_unified_revised.tex:17219: Overfull \hbox (17.6617pt too wide) in paragraph at lines 17215--17219
warning: automata_unified_revised.tex:17277: Overfull \hbox (9.3824pt too wide) in paragraph at lines 17272--17277
warning: automata_unified_revised.tex:17327: Overfull \hbox (3.24095pt too wide) in paragraph at lines 17306--17327
warning: automata_unified_revised.tex:17429: Overfull \hbox (2.645pt too wide) in paragraph at lines 17426--17429
warning: automata_unified_revised.tex:17591: Overfull \hbox (13.72104pt too wide) in paragraph at lines 17583--17591
warning: automata_unified_revised.tex:17720: Overfull \hbox (38.78967pt too wide) in paragraph at lines 17713--17720
warning: warnings were issued by the TeX engine; use --print and/or --keep-logs for details.
note: Running xdvipdfmx ...
note: Writing `automata_unified_revised.pdf` (1.08 MiB)
note: Skipped writing 3 intermediate files (use --keep-intermediates to keep them)
